Archive member included to satisfy reference by file (symbol)

c:/progra~2/armgnu~1/1213fb~1.2mp/bin/../lib/gcc/arm-none-eabi/12.2.0/thumb/v6-m/nofp\libgcc.a(_dvmd_tls.o)
                              CMakeFiles/test.dir/C_/Users/Owner/Downloads/pico-sdk/src/rp2_common/pico_divider/divider.S.obj (__aeabi_idiv0)
c:/progra~2/armgnu~1/1213fb~1.2mp/bin/../lib/gcc/arm-none-eabi/12.2.0/thumb/v6-m/nofp\libg.a(libc_a-calloc.o)
                              CMakeFiles/test.dir/C_/Users/Owner/Downloads/pico-sdk/src/rp2_common/pico_malloc/pico_malloc.c.obj (calloc)
c:/progra~2/armgnu~1/1213fb~1.2mp/bin/../lib/gcc/arm-none-eabi/12.2.0/thumb/v6-m/nofp\libg.a(libc_a-callocr.o)
                              c:/progra~2/armgnu~1/1213fb~1.2mp/bin/../lib/gcc/arm-none-eabi/12.2.0/thumb/v6-m/nofp\libg.a(libc_a-calloc.o) (_calloc_r)
c:/progra~2/armgnu~1/1213fb~1.2mp/bin/../lib/gcc/arm-none-eabi/12.2.0/thumb/v6-m/nofp\libg.a(libc_a-malloc.o)
                              CMakeFiles/test.dir/C_/Users/Owner/Downloads/pico-sdk/src/rp2_common/pico_malloc/pico_malloc.c.obj (malloc)
c:/progra~2/armgnu~1/1213fb~1.2mp/bin/../lib/gcc/arm-none-eabi/12.2.0/thumb/v6-m/nofp\libg.a(libc_a-mallocr.o)
                              c:/progra~2/armgnu~1/1213fb~1.2mp/bin/../lib/gcc/arm-none-eabi/12.2.0/thumb/v6-m/nofp\libg.a(libc_a-callocr.o) (_malloc_r)
c:/progra~2/armgnu~1/1213fb~1.2mp/bin/../lib/gcc/arm-none-eabi/12.2.0/thumb/v6-m/nofp\libg.a(libc_a-mlock.o)
                              c:/progra~2/armgnu~1/1213fb~1.2mp/bin/../lib/gcc/arm-none-eabi/12.2.0/thumb/v6-m/nofp\libg.a(libc_a-mallocr.o) (__malloc_lock)
c:/progra~2/armgnu~1/1213fb~1.2mp/bin/../lib/gcc/arm-none-eabi/12.2.0/thumb/v6-m/nofp\libg.a(libc_a-realloc.o)
                              CMakeFiles/test.dir/C_/Users/Owner/Downloads/pico-sdk/src/rp2_common/pico_malloc/pico_malloc.c.obj (realloc)
c:/progra~2/armgnu~1/1213fb~1.2mp/bin/../lib/gcc/arm-none-eabi/12.2.0/thumb/v6-m/nofp\libg.a(libc_a-reallocr.o)
                              c:/progra~2/armgnu~1/1213fb~1.2mp/bin/../lib/gcc/arm-none-eabi/12.2.0/thumb/v6-m/nofp\libg.a(libc_a-realloc.o) (_realloc_r)
c:/progra~2/armgnu~1/1213fb~1.2mp/bin/../lib/gcc/arm-none-eabi/12.2.0/thumb/v6-m/nofp\libg.a(libc_a-ctype_.o)
                              CMakeFiles/test.dir/C_/Users/Owner/Downloads/pico-sdk/lib/tinyusb/src/tusb.c.obj (_ctype_)
c:/progra~2/armgnu~1/1213fb~1.2mp/bin/../lib/gcc/arm-none-eabi/12.2.0/thumb/v6-m/nofp\libg.a(libc_a-memmove.o)
                              c:/progra~2/armgnu~1/1213fb~1.2mp/bin/../lib/gcc/arm-none-eabi/12.2.0/thumb/v6-m/nofp\libg.a(libc_a-reallocr.o) (memmove)
c:/progra~2/armgnu~1/1213fb~1.2mp/bin/../lib/gcc/arm-none-eabi/12.2.0/thumb/v6-m/nofp\libg.a(libc_a-impure.o)
                              c:/progra~2/armgnu~1/1213fb~1.2mp/bin/../lib/gcc/arm-none-eabi/12.2.0/thumb/v6-m/nofp\libg.a(libc_a-calloc.o) (_impure_ptr)
c:/progra~2/armgnu~1/1213fb~1.2mp/bin/../lib/gcc/arm-none-eabi/12.2.0/thumb/v6-m/nofp\libg.a(libc_a-sbrkr.o)
                              c:/progra~2/armgnu~1/1213fb~1.2mp/bin/../lib/gcc/arm-none-eabi/12.2.0/thumb/v6-m/nofp\libg.a(libc_a-mallocr.o) (_sbrk_r)
c:/progra~2/armgnu~1/1213fb~1.2mp/bin/../lib/gcc/arm-none-eabi/12.2.0/thumb/v6-m/nofp\libg.a(libc_a-errno.o)
                              c:/progra~2/armgnu~1/1213fb~1.2mp/bin/../lib/gcc/arm-none-eabi/12.2.0/thumb/v6-m/nofp\libg.a(libc_a-callocr.o) (__errno)
c:/progra~2/armgnu~1/1213fb~1.2mp/bin/../lib/gcc/arm-none-eabi/12.2.0/thumb/v6-m/nofp\libg.a(libc_a-init.o)
                              c:/progra~2/armgnu~1/1213fb~1.2mp/bin/../lib/gcc/arm-none-eabi/12.2.0/thumb/v6-m/nofp/crt0.o (__libc_init_array)
c:/progra~2/armgnu~1/1213fb~1.2mp/bin/../lib/gcc/arm-none-eabi/12.2.0/thumb/v6-m/nofp\libg.a(libc_a-lock.o)
                              c:/progra~2/armgnu~1/1213fb~1.2mp/bin/../lib/gcc/arm-none-eabi/12.2.0/thumb/v6-m/nofp\libg.a(libc_a-mlock.o) (__retarget_lock_acquire_recursive)
c:/progra~2/armgnu~1/1213fb~1.2mp/bin/../lib/gcc/arm-none-eabi/12.2.0/thumb/v6-m/nofp\libg.a(libc_a-strlen-stub.o)
                              CMakeFiles/test.dir/C_/Users/Owner/Downloads/pico-sdk/src/rp2_common/pico_stdio/stdio.c.obj (strlen)
c:/progra~2/armgnu~1/1213fb~1.2mp/bin/../lib/gcc/arm-none-eabi/12.2.0/thumb/v6-m/nofp\libg.a(libc_a-freer.o)
                              c:/progra~2/armgnu~1/1213fb~1.2mp/bin/../lib/gcc/arm-none-eabi/12.2.0/thumb/v6-m/nofp\libg.a(libc_a-malloc.o) (_free_r)
c:/progra~2/armgnu~1/1213fb~1.2mp/bin/../lib/gcc/arm-none-eabi/12.2.0/thumb/v6-m/nofp\libg.a(libc_a-findfp.o)
                              c:/progra~2/armgnu~1/1213fb~1.2mp/bin/../lib/gcc/arm-none-eabi/12.2.0/thumb/v6-m/nofp\libg.a(libc_a-impure.o) (__sf)
c:/progra~2/armgnu~1/1213fb~1.2mp/bin/../lib/gcc/arm-none-eabi/12.2.0/thumb/v6-m/nofp\libg.a(libc_a-fwalk.o)
                              c:/progra~2/armgnu~1/1213fb~1.2mp/bin/../lib/gcc/arm-none-eabi/12.2.0/thumb/v6-m/nofp\libg.a(libc_a-findfp.o) (_fwalk_sglue)
[...]
Memory Configuration

Name             Origin             Length             Attributes
FLASH            0x10000000         0x00200000         xr
RAM              0x20000000         0x00040000         xrw
SCRATCH_X        0x20040000         0x00001000         xrw
SCRATCH_Y        0x20041000         0x00001000         xrw
*default*        0x00000000         0xffffffff

Linker script and memory map

LOAD c:/progra~2/armgnu~1/1213fb~1.2mp/bin/../lib/gcc/arm-none-eabi/12.2.0/thumb/v6-m/nofp/crti.o
LOAD c:/progra~2/armgnu~1/1213fb~1.2mp/bin/../lib/gcc/arm-none-eabi/12.2.0/thumb/v6-m/nofp/crtbegin.o
LOAD c:/progra~2/armgnu~1/1213fb~1.2mp/bin/../lib/gcc/arm-none-eabi/12.2.0/thumb/v6-m/nofp/crt0.o

.flash_begin    0x10000000        0x0
                0x10000000                        __flash_binary_start = .

.boot2          0x10000000      0x100
                0x10000000                        __boot2_start__ = .
 *(.boot2)
 .boot2         0x10000000      0x100 C:\Users\Owner\AppData\Local\Temp\cc4oxAhh.o
                0x10000100                        __boot2_end__ = .
                0x00000001                        ASSERT (((__boot2_end__ - __boot2_start__) == 0x100), ERROR: Pico second stage bootloader must be 256 bytes in size)

.text           0x10000100     0x7540
                0x10000100                        __logical_binary_start = .
 *(.vectors)
 .vectors       0x10000100       0xd4 CMakeFiles/test.dir/C_/Users/Owner/Downloads/pico-sdk/src/rp2_common/pico_standard_link/crt0.S.obj
                0x10000100                __VECTOR_TABLE
                0x10000100                __vectors
                0x100001c0                isr_invalid
                0x100001c0                __default_isrs_start
                0x100001c2                isr_nmi
                0x100001c4                isr_hardfault
                0x100001c6                isr_svcall
                0x100001c8                isr_pendsv
                0x100001ca                isr_systick
                0x100001cc                isr_irq23
                0x100001cc                isr_irq18
                0x100001cc                isr_irq11
                0x100001cc                isr_irq28
                0x100001cc                isr_irq19
                0x100001cc                isr_irq0
                0x100001cc                isr_irq6
                0x100001cc                isr_irq5
                0x100001cc                isr_irq12
                0x100001cc                isr_irq22
                0x100001cc                isr_irq31
                0x100001cc                isr_irq17
                0x100001cc                isr_irq27
                0x100001cc                isr_irq30
                0x100001cc                isr_irq2
                0x100001cc                isr_irq10
                0x100001cc                isr_irq8
                0x100001cc                isr_irq24
                0x100001cc                isr_irq1
                0x100001cc                isr_irq7
                0x100001cc                isr_irq21
                0x100001cc                isr_irq20
                0x100001cc                isr_irq15
                0x100001cc                isr_irq25
                0x100001cc                isr_irq13
                0x100001cc                __unhandled_user_irq
                0x100001cc                isr_irq4
                0x100001cc                isr_irq16
                0x100001cc                isr_irq29
                0x100001cc                isr_irq26
                0x100001cc                __default_isrs_end
                0x100001cc                isr_irq3
                0x100001cc                isr_irq14
                0x100001cc                isr_irq9
                0x100001d2                unhandled_user_irq_num_in_r0
 *(.binary_info_header)
 .binary_info_header
                0x100001d4       0x14 CMakeFiles/test.dir/C_/Users/Owner/Downloads/pico-sdk/src/rp2_common/pico_standard_link/crt0.S.obj
                0x100001e8                        __binary_info_header_end = .
 *(.reset)
 .reset         0x100001e8       0xa8 CMakeFiles/test.dir/C_/Users/Owner/Downloads/pico-sdk/src/rp2_common/pico_standard_link/crt0.S.obj
                0x100001e8                _entry_point
                0x10000266                __get_current_exception
 .reset         0x10000290       0x30 CMakeFiles/test.dir/C_/Users/Owner/Downloads/pico-sdk/src/rp2_common/pico_standard_link/binary_info.c.obj
 *(.init)
 .init          0x100002c0        0x4 c:/progra~2/armgnu~1/1213fb~1.2mp/bin/../lib/gcc/arm-none-eabi/12.2.0/thumb/v6-m/nofp/crti.o
                0x100002c0                _init
 *(EXCLUDE_FILE(*libm.a: *libc.a:*lib_a-mem*.o *libgcc.a:) .text*)
 .text.register_tm_clones
                0x100002c4       0x28 c:/progra~2/armgnu~1/1213fb~1.2mp/bin/../lib/gcc/arm-none-eabi/12.2.0/thumb/v6-m/nofp/crtbegin.o
 .text.frame_dummy
                0x100002ec       0x24 c:/progra~2/armgnu~1/1213fb~1.2mp/bin/../lib/gcc/arm-none-eabi/12.2.0/thumb/v6-m/nofp/crtbegin.o
 .text.ExampleWesSetupRequestCallback
                0x10000310        0x2 CMakeFiles/test.dir/test.c.obj
                0x10000310                ExampleWesSetupRequestCallback
 .text.ExampleWesStatusCallback
                0x10000312        0x2 CMakeFiles/test.dir/test.c.obj
                0x10000312                ExampleWesStatusCallback
 .text.adc_gpio_init
                0x10000314       0x1e CMakeFiles/test.dir/test.c.obj
 *fill*         0x10000332        0x2 
 .text.ExampleHostAckCallback
                0x10000334       0x10 CMakeFiles/test.dir/test.c.obj
                0x10000334                ExampleHostAckCallback
 .text.ExampleHostNAckCallback
                0x10000344       0x10 CMakeFiles/test.dir/test.c.obj
                0x10000344                ExampleHostNAckCallback
 .text.ExampleHostDataCallback
                0x10000354       0x20 CMakeFiles/test.dir/test.c.obj
                0x10000354                ExampleHostDataCallback
 .text.ExampleHostDataHapaCallback
                0x10000374       0x38 CMakeFiles/test.dir/test.c.obj
                0x10000374                ExampleHostDataHapaCallback
 .text.ExampleReadCallback
                0x100003ac       0x34 CMakeFiles/test.dir/test.c.obj
                0x100003ac                ExampleReadCallback
 .text.picoSetup
                0x100003e0       0x94 CMakeFiles/test.dir/test.c.obj
                0x100003e0                picoSetup
 .text.getADCdata
                0x10000474       0x6c CMakeFiles/test.dir/test.c.obj
                0x10000474                getADCdata
 .text.emptyAckMsg
                0x100004e0       0x18 CMakeFiles/test.dir/test.c.obj
                0x100004e0                emptyAckMsg
 .text.NcApiSupportTxData
                0x100004f8       0x40 CMakeFiles/test.dir/test.c.obj
                0x100004f8                NcApiSupportTxData
 .text.ExampleSetupNcApi
                0x10000538       0x64 CMakeFiles/test.dir/test.c.obj
                0x10000538                ExampleSetupNcApi
 .text.main     0x1000059c       0x7c CMakeFiles/test.dir/test.c.obj
                0x1000059c                main
 .text.gpio_set_function
                0x10000618       0x30 CMakeFiles/test.dir/C_/Users/Owner/Downloads/pico-sdk/src/rp2_common/hardware_gpio/gpio.c.obj
                0x10000618                gpio_set_function
 .text.gpio_set_pulls
                0x10000648       0x34 CMakeFiles/test.dir/C_/Users/Owner/Downloads/pico-sdk/src/rp2_common/hardware_gpio/gpio.c.obj
                0x10000648                gpio_set_pulls
 .text.gpio_set_input_enabled
                0x1000067c       0x30 CMakeFiles/test.dir/C_/Users/Owner/Downloads/pico-sdk/src/rp2_common/hardware_gpio/gpio.c.obj
                0x1000067c                gpio_set_input_enabled
 .text.hw_claim_lock
                0x100006ac       0x18 CMakeFiles/test.dir/C_/Users/Owner/Downloads/pico-sdk/src/rp2_common/hardware_claim/claim.c.obj
                0x100006ac                hw_claim_lock
 .text.hw_claim_unlock
                0x100006c4       0x14 CMakeFiles/test.dir/C_/Users/Owner/Downloads/pico-sdk/src/rp2_common/hardware_claim/claim.c.obj
                0x100006c4                hw_claim_unlock
 .text.hw_claim_or_assert
                0x100006d8       0x32 CMakeFiles/test.dir/C_/Users/Owner/Downloads/pico-sdk/src/rp2_common/hardware_claim/claim.c.obj
                0x100006d8                hw_claim_or_assert
 .text.hw_claim_unused_from_range
                0x1000070a       0x50 CMakeFiles/test.dir/C_/Users/Owner/Downloads/pico-sdk/src/rp2_common/hardware_claim/claim.c.obj
                0x1000070a                hw_claim_unused_from_range
 *fill*         0x1000075a        0x2 
 .text.running_on_fpga
                0x1000075c       0x14 CMakeFiles/test.dir/C_/Users/Owner/Downloads/pico-sdk/src/rp2_common/pico_platform/platform.c.obj
                0x1000075c                running_on_fpga
 .text.spin_locks_reset
                0x10000770       0x20 CMakeFiles/test.dir/C_/Users/Owner/Downloads/pico-sdk/src/rp2_common/hardware_sync/sync.c.obj
                0x10000770                spin_locks_reset
 .text.next_striped_spin_lock_num
                0x10000790       0x1c CMakeFiles/test.dir/C_/Users/Owner/Downloads/pico-sdk/src/rp2_common/hardware_sync/sync.c.obj
                0x10000790                next_striped_spin_lock_num
 .text.spin_lock_claim_unused
                0x100007ac       0x24 CMakeFiles/test.dir/C_/Users/Owner/Downloads/pico-sdk/src/rp2_common/hardware_sync/sync.c.obj
                0x100007ac                spin_lock_claim_unused
 .text.set_raw_irq_handler_and_unlock
                0x100007d0       0x28 CMakeFiles/test.dir/C_/Users/Owner/Downloads/pico-sdk/src/rp2_common/hardware_irq/irq.c.obj
 .text.resolve_branch
                0x100007f8       0x30 CMakeFiles/test.dir/C_/Users/Owner/Downloads/pico-sdk/src/rp2_common/hardware_irq/irq.c.obj
 .text.make_branch
                0x10000828       0x48 CMakeFiles/test.dir/C_/Users/Owner/Downloads/pico-sdk/src/rp2_common/hardware_irq/irq.c.obj
 .text.insert_branch_and_link
                0x10000870       0x40 CMakeFiles/test.dir/C_/Users/Owner/Downloads/pico-sdk/src/rp2_common/hardware_irq/irq.c.obj
 .text.irq_is_enabled
                0x100008b0       0x18 CMakeFiles/test.dir/C_/Users/Owner/Downloads/pico-sdk/src/rp2_common/hardware_irq/irq.c.obj
                0x100008b0                irq_is_enabled
 .text.irq_set_mask_enabled
                0x100008c8       0x20 CMakeFiles/test.dir/C_/Users/Owner/Downloads/pico-sdk/src/rp2_common/hardware_irq/irq.c.obj
                0x100008c8                irq_set_mask_enabled
 .text.irq_set_enabled
                0x100008e8        0xe CMakeFiles/test.dir/C_/Users/Owner/Downloads/pico-sdk/src/rp2_common/hardware_irq/irq.c.obj
                0x100008e8                irq_set_enabled
 *fill*         0x100008f6        0x2 
 .text.irq_set_pending
                0x100008f8       0x10 CMakeFiles/test.dir/C_/Users/Owner/Downloads/pico-sdk/src/rp2_common/hardware_irq/irq.c.obj
                0x100008f8                irq_set_pending
 .text.irq_get_vtable_handler
                0x10000908       0x10 CMakeFiles/test.dir/C_/Users/Owner/Downloads/pico-sdk/src/rp2_common/hardware_irq/irq.c.obj
                0x10000908                irq_get_vtable_handler
 .text.irq_has_shared_handler
                0x10000918       0x24 CMakeFiles/test.dir/C_/Users/Owner/Downloads/pico-sdk/src/rp2_common/hardware_irq/irq.c.obj
                0x10000918                irq_has_shared_handler
 .text.irq_set_exclusive_handler
                0x1000093c       0x54 CMakeFiles/test.dir/C_/Users/Owner/Downloads/pico-sdk/src/rp2_common/hardware_irq/irq.c.obj
                0x1000093c                irq_set_exclusive_handler
 .text.irq_add_shared_handler
                0x10000990      0x210 CMakeFiles/test.dir/C_/Users/Owner/Downloads/pico-sdk/src/rp2_common/hardware_irq/irq.c.obj
                0x10000990                irq_add_shared_handler
 .text.irq_remove_handler
                0x10000ba0      0x188 CMakeFiles/test.dir/C_/Users/Owner/Downloads/pico-sdk/src/rp2_common/hardware_irq/irq.c.obj
                0x10000ba0                irq_remove_handler
 .text.irq_add_tail_to_free_list
                0x10000d28       0xf0 CMakeFiles/test.dir/C_/Users/Owner/Downloads/pico-sdk/src/rp2_common/hardware_irq/irq.c.obj
                0x10000d28                irq_add_tail_to_free_list
 .text.irq_init_priorities
                0x10000e18       0x1c CMakeFiles/test.dir/C_/Users/Owner/Downloads/pico-sdk/src/rp2_common/hardware_irq/irq.c.obj
                0x10000e18                irq_init_priorities
 .text.user_irq_claim_unused
                0x10000e34       0x30 CMakeFiles/test.dir/C_/Users/Owner/Downloads/pico-sdk/src/rp2_common/hardware_irq/irq.c.obj
                0x10000e34                user_irq_claim_unused
 .text.lock_init
                0x10000e64       0x10 CMakeFiles/test.dir/C_/Users/Owner/Downloads/pico-sdk/src/common/pico_sync/lock_core.c.obj
                0x10000e64                lock_init
 .text.time_reached
                0x10000e74       0x28 CMakeFiles/test.dir/C_/Users/Owner/Downloads/pico-sdk/src/common/pico_time/time.c.obj
 .text.get_entry
                0x10000e9c       0x38 CMakeFiles/test.dir/C_/Users/Owner/Downloads/pico-sdk/src/common/pico_time/time.c.obj
 .text.timer_pool_entry_comparator
                0x10000ed4       0x2e CMakeFiles/test.dir/C_/Users/Owner/Downloads/pico-sdk/src/common/pico_time/time.c.obj
                0x10000ed4                timer_pool_entry_comparator
 *fill*         0x10000f02        0x2 
 .text.update_us_since_boot
                0x10000f04       0x24 CMakeFiles/test.dir/C_/Users/Owner/Downloads/pico-sdk/src/common/pico_time/time.c.obj
 .text.delayed_by_us
                0x10000f28       0x36 CMakeFiles/test.dir/C_/Users/Owner/Downloads/pico-sdk/src/common/pico_time/time.c.obj
 *fill*         0x10000f5e        0x2 
 .text.ph_get_node
                0x10000f60       0x30 CMakeFiles/test.dir/C_/Users/Owner/Downloads/pico-sdk/src/common/pico_time/time.c.obj
 .text.ph_contains_node
                0x10000f90       0x1e CMakeFiles/test.dir/C_/Users/Owner/Downloads/pico-sdk/src/common/pico_time/time.c.obj
 .text.ph_new_node
                0x10000fae       0x28 CMakeFiles/test.dir/C_/Users/Owner/Downloads/pico-sdk/src/common/pico_time/time.c.obj
 *fill*         0x10000fd6        0x2 
 .text.ph_add_child_node
                0x10000fd8       0x6c CMakeFiles/test.dir/C_/Users/Owner/Downloads/pico-sdk/src/common/pico_time/time.c.obj
 .text.ph_merge_nodes
                0x10001044       0x3e CMakeFiles/test.dir/C_/Users/Owner/Downloads/pico-sdk/src/common/pico_time/time.c.obj
 *fill*         0x10001082        0x2 
 .text.ph_insert_node
                0x10001084       0x3c CMakeFiles/test.dir/C_/Users/Owner/Downloads/pico-sdk/src/common/pico_time/time.c.obj
 .text.ph_free_node
                0x100010c0       0x3c CMakeFiles/test.dir/C_/Users/Owner/Downloads/pico-sdk/src/common/pico_time/time.c.obj
 .text.get_entry_id_high
                0x100010fc       0x30 CMakeFiles/test.dir/C_/Users/Owner/Downloads/pico-sdk/src/common/pico_time/time.c.obj
 .text.alarm_pool_post_alloc_init
                0x1000112c       0x40 CMakeFiles/test.dir/C_/Users/Owner/Downloads/pico-sdk/src/common/pico_time/time.c.obj
 .text.sleep_until_callback
                0x1000116c       0x30 CMakeFiles/test.dir/C_/Users/Owner/Downloads/pico-sdk/src/common/pico_time/time.c.obj
 .text.get_absolute_time
                0x1000119c       0x22 CMakeFiles/test.dir/C_/Users/Owner/Downloads/pico-sdk/src/common/pico_time/time.c.obj
 .text.make_timeout_time_us
                0x100011be       0x24 CMakeFiles/test.dir/C_/Users/Owner/Downloads/pico-sdk/src/common/pico_time/time.c.obj
 *fill*         0x100011e2        0x2 
 .text.add_alarm_under_lock
                0x100011e4       0x94 CMakeFiles/test.dir/C_/Users/Owner/Downloads/pico-sdk/src/common/pico_time/time.c.obj
 .text.alarm_pool_alarm_callback
                0x10001278      0x20c CMakeFiles/test.dir/C_/Users/Owner/Downloads/pico-sdk/src/common/pico_time/time.c.obj
 .text.alarm_pool_init_default
                0x10001484       0x38 CMakeFiles/test.dir/C_/Users/Owner/Downloads/pico-sdk/src/common/pico_time/time.c.obj
                0x10001484                alarm_pool_init_default
 .text.alarm_pool_get_default
                0x100014bc       0x2c CMakeFiles/test.dir/C_/Users/Owner/Downloads/pico-sdk/src/common/pico_time/time.c.obj
                0x100014bc                alarm_pool_get_default
 .text.alarm_pool_add_alarm_at
                0x100014e8      0x10e CMakeFiles/test.dir/C_/Users/Owner/Downloads/pico-sdk/src/common/pico_time/time.c.obj
                0x100014e8                alarm_pool_add_alarm_at
 .text.add_alarm_at
                0x100015f6       0x2e CMakeFiles/test.dir/C_/Users/Owner/Downloads/pico-sdk/src/common/pico_time/time.c.obj
 .text.alarm_pool_cancel_alarm
                0x10001624       0xa0 CMakeFiles/test.dir/C_/Users/Owner/Downloads/pico-sdk/src/common/pico_time/time.c.obj
                0x10001624                alarm_pool_cancel_alarm
 .text.cancel_alarm
                0x100016c4       0x10 CMakeFiles/test.dir/C_/Users/Owner/Downloads/pico-sdk/src/common/pico_time/time.c.obj
 .text.sleep_until
                0x100016d4       0xb0 CMakeFiles/test.dir/C_/Users/Owner/Downloads/pico-sdk/src/common/pico_time/time.c.obj
                0x100016d4                sleep_until
 .text.sleep_us
                0x10001784       0x1a CMakeFiles/test.dir/C_/Users/Owner/Downloads/pico-sdk/src/common/pico_time/time.c.obj
                0x10001784                sleep_us
 .text.sleep_ms
                0x1000179e       0x14 CMakeFiles/test.dir/C_/Users/Owner/Downloads/pico-sdk/src/common/pico_time/time.c.obj
                0x1000179e                sleep_ms
 *fill*         0x100017b2        0x2 
 .text.best_effort_wfe_or_timeout
                0x100017b4       0x38 CMakeFiles/test.dir/C_/Users/Owner/Downloads/pico-sdk/src/common/pico_time/time.c.obj
                0x100017b4                best_effort_wfe_or_timeout
 .text.hardware_alarm_irq_handler
                0x100017ec       0x88 CMakeFiles/test.dir/C_/Users/Owner/Downloads/pico-sdk/src/rp2_common/hardware_timer/timer.c.obj
 .text.hardware_alarm_claim
                0x10001874       0x18 CMakeFiles/test.dir/C_/Users/Owner/Downloads/pico-sdk/src/rp2_common/hardware_timer/timer.c.obj
                0x10001874                hardware_alarm_claim
 .text.time_us_64
                0x1000188c       0x18 CMakeFiles/test.dir/C_/Users/Owner/Downloads/pico-sdk/src/rp2_common/hardware_timer/timer.c.obj
                0x1000188c                time_us_64
 .text.busy_wait_until
                0x100018a4       0x28 CMakeFiles/test.dir/C_/Users/Owner/Downloads/pico-sdk/src/rp2_common/hardware_timer/timer.c.obj
                0x100018a4                busy_wait_until
 .text.hardware_alarm_set_callback
                0x100018cc       0x90 CMakeFiles/test.dir/C_/Users/Owner/Downloads/pico-sdk/src/rp2_common/hardware_timer/timer.c.obj
                0x100018cc                hardware_alarm_set_callback
 .text.hardware_alarm_set_target
                0x1000195c       0xe8 CMakeFiles/test.dir/C_/Users/Owner/Downloads/pico-sdk/src/rp2_common/hardware_timer/timer.c.obj
                0x1000195c                hardware_alarm_set_target
 .text.hardware_alarm_cancel
                0x10001a44       0x40 CMakeFiles/test.dir/C_/Users/Owner/Downloads/pico-sdk/src/rp2_common/hardware_timer/timer.c.obj
                0x10001a44                hardware_alarm_cancel
 .text.ph_get_node
                0x10001a84       0x30 CMakeFiles/test.dir/C_/Users/Owner/Downloads/pico-sdk/src/common/pico_util/pheap.c.obj
 .text.ph_add_child_node
                0x10001ab4       0x6c CMakeFiles/test.dir/C_/Users/Owner/Downloads/pico-sdk/src/common/pico_util/pheap.c.obj
 .text.ph_merge_nodes
                0x10001b20       0x3e CMakeFiles/test.dir/C_/Users/Owner/Downloads/pico-sdk/src/common/pico_util/pheap.c.obj
 .text.ph_clear
                0x10001b5e       0x34 CMakeFiles/test.dir/C_/Users/Owner/Downloads/pico-sdk/src/common/pico_util/pheap.c.obj
                0x10001b5e                ph_clear
 .text.ph_post_alloc_init
                0x10001b92        0xe CMakeFiles/test.dir/C_/Users/Owner/Downloads/pico-sdk/src/common/pico_util/pheap.c.obj
                0x10001b92                ph_post_alloc_init
 .text.ph_merge_two_pass
                0x10001ba0       0x5c CMakeFiles/test.dir/C_/Users/Owner/Downloads/pico-sdk/src/common/pico_util/pheap.c.obj
                0x10001ba0                ph_merge_two_pass
 .text.ph_remove_any_head
                0x10001bfc       0xa4 CMakeFiles/test.dir/C_/Users/Owner/Downloads/pico-sdk/src/common/pico_util/pheap.c.obj
 .text.ph_remove_head
                0x10001ca0       0x14 CMakeFiles/test.dir/C_/Users/Owner/Downloads/pico-sdk/src/common/pico_util/pheap.c.obj
                0x10001ca0                ph_remove_head
 .text.ph_remove_and_free_node
                0x10001cb4       0xa0 CMakeFiles/test.dir/C_/Users/Owner/Downloads/pico-sdk/src/common/pico_util/pheap.c.obj
                0x10001cb4                ph_remove_and_free_node
 .text.update_us_since_boot
                0x10001d54       0x24 CMakeFiles/test.dir/C_/Users/Owner/Downloads/pico-sdk/src/common/pico_sync/mutex.c.obj
 .text.delayed_by_ms
                0x10001d78       0x46 CMakeFiles/test.dir/C_/Users/Owner/Downloads/pico-sdk/src/common/pico_sync/mutex.c.obj
 .text.get_absolute_time
                0x10001dbe       0x22 CMakeFiles/test.dir/C_/Users/Owner/Downloads/pico-sdk/src/common/pico_sync/mutex.c.obj
 .text.make_timeout_time_ms
                0x10001de0       0x20 CMakeFiles/test.dir/C_/Users/Owner/Downloads/pico-sdk/src/common/pico_sync/mutex.c.obj
 .text.mutex_init
                0x10001e00       0x1a CMakeFiles/test.dir/C_/Users/Owner/Downloads/pico-sdk/src/common/pico_sync/mutex.c.obj
                0x10001e00                mutex_init
 .text.recursive_mutex_init
                0x10001e1a       0x1e CMakeFiles/test.dir/C_/Users/Owner/Downloads/pico-sdk/src/common/pico_sync/mutex.c.obj
                0x10001e1a                recursive_mutex_init
 .text.critical_section_init_with_lock_num
                0x10001e38       0x14 CMakeFiles/test.dir/C_/Users/Owner/Downloads/pico-sdk/src/common/pico_sync/critical_section.c.obj
                0x10001e38                critical_section_init_with_lock_num
 .text.critical_section_init
                0x10001e4c       0x14 CMakeFiles/test.dir/C_/Users/Owner/Downloads/pico-sdk/src/common/pico_sync/critical_section.c.obj
                0x10001e4c                critical_section_init
 .text.uart_set_baudrate
                0x10001e60       0x5c CMakeFiles/test.dir/C_/Users/Owner/Downloads/pico-sdk/src/rp2_common/hardware_uart/uart.c.obj
                0x10001e60                uart_set_baudrate
 .text.uart_set_translate_crlf
                0x10001ebc       0x28 CMakeFiles/test.dir/C_/Users/Owner/Downloads/pico-sdk/src/rp2_common/hardware_uart/uart.c.obj
                0x10001ebc                uart_set_translate_crlf
 .text.uart_init
                0x10001ee4       0x80 CMakeFiles/test.dir/C_/Users/Owner/Downloads/pico-sdk/src/rp2_common/hardware_uart/uart.c.obj
                0x10001ee4                uart_init
 .text._exit    0x10001f64        0x4 CMakeFiles/test.dir/C_/Users/Owner/Downloads/pico-sdk/src/rp2_common/pico_runtime/runtime.c.obj
                0x10001f64                _exit
 .text.exit     0x10001f68        0x6 CMakeFiles/test.dir/C_/Users/Owner/Downloads/pico-sdk/src/rp2_common/pico_runtime/runtime.c.obj
                0x10001f68                exit
 *fill*         0x10001f6e        0x2 
 .text.__assert_func
                0x10001f70       0x38 CMakeFiles/test.dir/C_/Users/Owner/Downloads/pico-sdk/src/rp2_common/pico_runtime/runtime.c.obj
                0x10001f70                __assert_func
 .text.runtime_init
                0x10001fa8       0xf8 CMakeFiles/test.dir/C_/Users/Owner/Downloads/pico-sdk/src/rp2_common/pico_runtime/runtime.c.obj
                0x10001fa8                runtime_init
 .text.panic    0x100020a0       0x30 CMakeFiles/test.dir/C_/Users/Owner/Downloads/pico-sdk/src/rp2_common/pico_runtime/runtime.c.obj
                0x100020a0                panic
 .text.clock_configure
                0x100020d0      0x104 CMakeFiles/test.dir/C_/Users/Owner/Downloads/pico-sdk/src/rp2_common/hardware_clocks/clocks.c.obj
                0x100020d0                clock_configure
 .text.clocks_init
                0x100021d4      0x100 CMakeFiles/test.dir/C_/Users/Owner/Downloads/pico-sdk/src/rp2_common/hardware_clocks/clocks.c.obj
                0x100021d4                clocks_init
 .text.clock_get_hz
                0x100022d4        0xc CMakeFiles/test.dir/C_/Users/Owner/Downloads/pico-sdk/src/rp2_common/hardware_clocks/clocks.c.obj
                0x100022d4                clock_get_hz
 .text.pll_init
                0x100022e0      0x140 CMakeFiles/test.dir/C_/Users/Owner/Downloads/pico-sdk/src/rp2_common/hardware_pll/pll.c.obj
                0x100022e0                pll_init
 .text.watchdog_start_tick
                0x10002420       0x10 CMakeFiles/test.dir/C_/Users/Owner/Downloads/pico-sdk/src/rp2_common/hardware_watchdog/watchdog.c.obj
                0x10002420                watchdog_start_tick
 .text.watchdog_update
                0x10002430       0x14 CMakeFiles/test.dir/C_/Users/Owner/Downloads/pico-sdk/src/rp2_common/hardware_watchdog/watchdog.c.obj
                0x10002430                watchdog_update
 .text._watchdog_enable
                0x10002444       0x78 CMakeFiles/test.dir/C_/Users/Owner/Downloads/pico-sdk/src/rp2_common/hardware_watchdog/watchdog.c.obj
                0x10002444                _watchdog_enable
 .text.watchdog_reboot
                0x100024bc       0x48 CMakeFiles/test.dir/C_/Users/Owner/Downloads/pico-sdk/src/rp2_common/hardware_watchdog/watchdog.c.obj
                0x100024bc                watchdog_reboot
 .text.xosc_init
                0x10002504       0x28 CMakeFiles/test.dir/C_/Users/Owner/Downloads/pico-sdk/src/rp2_common/hardware_xosc/xosc.c.obj
                0x10002504                xosc_init
 .text._out_null
                0x1000252c        0x2 CMakeFiles/test.dir/C_/Users/Owner/Downloads/pico-sdk/src/rp2_common/pico_printf/printf.c.obj
 .text._out_fct
                0x1000252e        0xe CMakeFiles/test.dir/C_/Users/Owner/Downloads/pico-sdk/src/rp2_common/pico_printf/printf.c.obj
 .text._atoi    0x1000253c       0x24 CMakeFiles/test.dir/C_/Users/Owner/Downloads/pico-sdk/src/rp2_common/pico_printf/printf.c.obj
 .text._out_rev
                0x10002560       0xae CMakeFiles/test.dir/C_/Users/Owner/Downloads/pico-sdk/src/rp2_common/pico_printf/printf.c.obj
 .text._ntoa_format
                0x1000260e      0x110 CMakeFiles/test.dir/C_/Users/Owner/Downloads/pico-sdk/src/rp2_common/pico_printf/printf.c.obj
 .text._ntoa_long
                0x1000271e       0xbc CMakeFiles/test.dir/C_/Users/Owner/Downloads/pico-sdk/src/rp2_common/pico_printf/printf.c.obj
 .text._ntoa_long_long
                0x100027da      0x10e CMakeFiles/test.dir/C_/Users/Owner/Downloads/pico-sdk/src/rp2_common/pico_printf/printf.c.obj
 .text._etoa    0x100028e8      0x420 CMakeFiles/test.dir/C_/Users/Owner/Downloads/pico-sdk/src/rp2_common/pico_printf/printf.c.obj
 .text._ftoa    0x10002d08      0x354 CMakeFiles/test.dir/C_/Users/Owner/Downloads/pico-sdk/src/rp2_common/pico_printf/printf.c.obj
 .text._vsnprintf
                0x1000305c      0x65c CMakeFiles/test.dir/C_/Users/Owner/Downloads/pico-sdk/src/rp2_common/pico_printf/printf.c.obj
 .text.vfctprintf
                0x100036b8       0x20 CMakeFiles/test.dir/C_/Users/Owner/Downloads/pico-sdk/src/rp2_common/pico_printf/printf.c.obj
                0x100036b8                vfctprintf
 .text          0x100036d8       0x10 CMakeFiles/test.dir/C_/Users/Owner/Downloads/pico-sdk/src/rp2_common/pico_bit_ops/bit_ops_aeabi.S.obj
 .text.rom_func_lookup
                0x100036e8       0x10 CMakeFiles/test.dir/C_/Users/Owner/Downloads/pico-sdk/src/rp2_common/pico_bootrom/bootrom.c.obj
                0x100036e8                rom_func_lookup
 .text.rom_data_lookup
                0x100036f8       0x10 CMakeFiles/test.dir/C_/Users/Owner/Downloads/pico-sdk/src/rp2_common/pico_bootrom/bootrom.c.obj
                0x100036f8                rom_data_lookup
 .text.rom_funcs_lookup
                0x10003708       0x36 CMakeFiles/test.dir/C_/Users/Owner/Downloads/pico-sdk/src/rp2_common/pico_bootrom/bootrom.c.obj
                0x10003708                rom_funcs_lookup
 *fill*         0x1000373e        0x2 
 .text.__wrap___aeabi_idiv
                0x10003740       0x50 CMakeFiles/test.dir/C_/Users/Owner/Downloads/pico-sdk/src/rp2_common/pico_divider/divider.S.obj
                0x10003740                __wrap___aeabi_idivmod
                0x10003740                divmod_s32s32
                0x10003740                div_s32s32
                0x10003740                __wrap___aeabi_idiv
                0x10003748                divmod_s32s32_unsafe
                0x10003774                divmod_s32s32_savestate
 .text.__wrap___aeabi_uidiv
                0x10003790       0x4c CMakeFiles/test.dir/C_/Users/Owner/Downloads/pico-sdk/src/rp2_common/pico_divider/divider.S.obj
                0x10003790                __wrap___aeabi_uidiv
                0x10003790                __wrap___aeabi_uidivmod
                0x10003790                div_u32u32
                0x10003790                divmod_u32u32
                0x10003798                divmod_u32u32_unsafe
                0x100037c0                divmod_u32u32_savestate
 .text.__wrap___aeabi_ldiv
                0x100037dc      0x434 CMakeFiles/test.dir/C_/Users/Owner/Downloads/pico-sdk/src/rp2_common/pico_divider/divider.S.obj
                0x100037dc                div_s64s64
                0x100037dc                divmod_s64s64
                0x100037dc                __wrap___aeabi_ldivmod
                0x10003814                divmod_u64u64
                0x10003814                div_u64u64
                0x10003814                __wrap___aeabi_uldivmod
                0x10003824                divmod_u64u64_savestate
                0x1000384c                divmod_s64s64_unsafe
                0x100038d4                divmod_u64u64_unsafe
 .text.__wrap___aeabi_darithmetic
                0x10003c10       0x80 CMakeFiles/test.dir/C_/Users/Owner/Downloads/pico-sdk/src/rp2_common/pico_double/double_aeabi.S.obj
                0x10003c10                __wrap___aeabi_drsub
                0x10003c16                __wrap___aeabi_dsub
                0x10003c28                __wrap___aeabi_dadd
                0x10003c3a                __wrap___aeabi_ddiv
                0x10003c76                __wrap___aeabi_dmul
 .text.__wrap___aeabi_cdcmple
                0x10003c90       0x6c CMakeFiles/test.dir/C_/Users/Owner/Downloads/pico-sdk/src/rp2_common/pico_double/double_aeabi.S.obj
                0x10003c90                __wrap___aeabi_cdrcmple
                0x10003ca0                __wrap___aeabi_cdcmpeq
                0x10003ca0                __wrap___aeabi_cdcmple
 .text.__wrap___aeabi_dcmplt
                0x10003cfc        0xc CMakeFiles/test.dir/C_/Users/Owner/Downloads/pico-sdk/src/rp2_common/pico_double/double_aeabi.S.obj
                0x10003cfc                __wrap___aeabi_dcmplt
 .text.__wrap___aeabi_dcmple
                0x10003d08       0x10 CMakeFiles/test.dir/C_/Users/Owner/Downloads/pico-sdk/src/rp2_common/pico_double/double_aeabi.S.obj
                0x10003d08                __wrap___aeabi_dcmple
 .text.__wrap___aeabi_dcmpge
                0x10003d18       0x10 CMakeFiles/test.dir/C_/Users/Owner/Downloads/pico-sdk/src/rp2_common/pico_double/double_aeabi.S.obj
                0x10003d18                __wrap___aeabi_dcmpge
 .text.__wrap___aeabi_dcmpgt
                0x10003d28        0xa CMakeFiles/test.dir/C_/Users/Owner/Downloads/pico-sdk/src/rp2_common/pico_double/double_aeabi.S.obj
                0x10003d28                __wrap___aeabi_dcmpgt
 .text.__wrap___aeabi_dcmpun
                0x10003d32       0x1c CMakeFiles/test.dir/C_/Users/Owner/Downloads/pico-sdk/src/rp2_common/pico_double/double_aeabi.S.obj
                0x10003d32                __wrap___aeabi_dcmpun
 *fill*         0x10003d4e        0x2 
 .text.__wrap___aeabi_i2d
                0x10003d50       0x38 CMakeFiles/test.dir/C_/Users/Owner/Downloads/pico-sdk/src/rp2_common/pico_double/double_aeabi.S.obj
                0x10003d50                __wrap___aeabi_ui2d
                0x10003d58                __wrap___aeabi_i2d
 .text.__wrap___aeabi_d2iz
                0x10003d88       0x48 CMakeFiles/test.dir/C_/Users/Owner/Downloads/pico-sdk/src/rp2_common/pico_double/double_aeabi.S.obj
                0x10003d88                double2int_z
                0x10003d88                __wrap___aeabi_d2iz
 .text.__wrap___aeabi_d2uiz
                0x10003dd0       0x18 CMakeFiles/test.dir/C_/Users/Owner/Downloads/pico-sdk/src/rp2_common/pico_double/double_aeabi.S.obj
                0x10003dd0                __wrap___aeabi_d2uiz
                0x10003dd0                double2uint
 .text.__aeabi_double_init
                0x10003de8       0xcc CMakeFiles/test.dir/C_/Users/Owner/Downloads/pico-sdk/src/rp2_common/pico_double/double_init_rom.c.obj
                0x10003de8                __aeabi_double_init
 .text.double_table_shim_on_use_helper
                0x10003eb4       0x34 CMakeFiles/test.dir/C_/Users/Owner/Downloads/pico-sdk/src/rp2_common/pico_double/double_v1_rom_shim.S.obj
                0x10003eb4                double_table_shim_on_use_helper
 .text.__wrap___aeabi_dsub
                0x10003ee8       0x10 CMakeFiles/test.dir/C_/Users/Owner/Downloads/pico-sdk/src/rp2_common/pico_double/double_v1_rom_shim.S.obj
                0x10003ee8                drsub_shim
                0x10003eee                dsub_shim
 .text.dadd_shim
                0x10003ef8      0x15c CMakeFiles/test.dir/C_/Users/Owner/Downloads/pico-sdk/src/rp2_common/pico_double/double_v1_rom_shim.S.obj
                0x10003ef8                dadd_shim
 .text.dmul_shim
                0x10004054      0x15c CMakeFiles/test.dir/C_/Users/Owner/Downloads/pico-sdk/src/rp2_common/pico_double/double_v1_rom_shim.S.obj
                0x10004054                dmul_shim
 .text.ddiv_shim
                0x100041b0      0x1b0 CMakeFiles/test.dir/C_/Users/Owner/Downloads/pico-sdk/src/rp2_common/pico_double/double_v1_rom_shim.S.obj
                0x100041b0                ddiv_shim
 .text.double2uint_shim
                0x10004360        0xe CMakeFiles/test.dir/C_/Users/Owner/Downloads/pico-sdk/src/rp2_common/pico_double/double_v1_rom_shim.S.obj
                0x10004360                double2uint_shim
                0x10004362                double2ufix_shim
 *fill*         0x1000436e        0x2 
 .text.double2uint64_shim
                0x10004370       0x70 CMakeFiles/test.dir/C_/Users/Owner/Downloads/pico-sdk/src/rp2_common/pico_double/double_v1_rom_shim.S.obj
                0x10004370                double2uint64_shim
                0x10004372                double2ufix64_shim
                0x10004392                d2fix_a
 .text.dunpacks
                0x100043e0       0x3c CMakeFiles/test.dir/C_/Users/Owner/Downloads/pico-sdk/src/rp2_common/pico_double/double_v1_rom_shim.S.obj
                0x100043e0                dunpacks
 .text.__aeabi_lmul
                0x1000441c       0x32 CMakeFiles/test.dir/C_/Users/Owner/Downloads/pico-sdk/src/rp2_common/pico_int64_ops/pico_int64_ops_aeabi.S.obj
                0x1000441c                __wrap___aeabi_lmul
 *fill*         0x1000444e        0x2 
 .text.__aeabi_float_init
                0x10004450       0xfc CMakeFiles/test.dir/C_/Users/Owner/Downloads/pico-sdk/src/rp2_common/pico_float/float_init_rom.c.obj
                0x10004450                __aeabi_float_init
 .text.float_table_shim_on_use_helper
                0x1000454c       0x34 CMakeFiles/test.dir/C_/Users/Owner/Downloads/pico-sdk/src/rp2_common/pico_float/float_v1_rom_shim.S.obj
                0x1000454c                float_table_shim_on_use_helper
 .text          0x10004580       0x10 CMakeFiles/test.dir/C_/Users/Owner/Downloads/pico-sdk/src/rp2_common/pico_mem_ops/mem_ops_aeabi.S.obj
                0x10004580                __aeabi_mem_init
 .text.memset   0x10004590        0xc CMakeFiles/test.dir/C_/Users/Owner/Downloads/pico-sdk/src/rp2_common/pico_mem_ops/mem_ops_aeabi.S.obj
                0x10004590                __wrap_memset
 .text.memcpy   0x1000459c        0xc CMakeFiles/test.dir/C_/Users/Owner/Downloads/pico-sdk/src/rp2_common/pico_mem_ops/mem_ops_aeabi.S.obj
                0x1000459c                __wrap_memcpy
                0x1000459c                __wrap___aeabi_memcpy
 .text.stdio_out_chars_no_crlf
                0x100045a8        0xe CMakeFiles/test.dir/C_/Users/Owner/Downloads/pico-sdk/src/rp2_common/pico_stdio/stdio.c.obj
 *fill*         0x100045b6        0x2 
 .text.stdio_out_chars_crlf
                0x100045b8       0x80 CMakeFiles/test.dir/C_/Users/Owner/Downloads/pico-sdk/src/rp2_common/pico_stdio/stdio.c.obj
 .text.stdio_stack_buffer_flush
                0x10004638       0x44 CMakeFiles/test.dir/C_/Users/Owner/Downloads/pico-sdk/src/rp2_common/pico_stdio/stdio.c.obj
 .text.stdio_buffered_printer
                0x1000467c       0x20 CMakeFiles/test.dir/C_/Users/Owner/Downloads/pico-sdk/src/rp2_common/pico_stdio/stdio.c.obj
 .text.stdout_serialize_begin
                0x1000469c       0x30 CMakeFiles/test.dir/C_/Users/Owner/Downloads/pico-sdk/src/rp2_common/pico_stdio/stdio.c.obj
                0x1000469c                stdout_serialize_begin
 .text.stdout_serialize_end
                0x100046cc       0x10 CMakeFiles/test.dir/C_/Users/Owner/Downloads/pico-sdk/src/rp2_common/pico_stdio/stdio.c.obj
                0x100046cc                stdout_serialize_end
 .text.stdio_put_string
                0x100046dc       0x98 CMakeFiles/test.dir/C_/Users/Owner/Downloads/pico-sdk/src/rp2_common/pico_stdio/stdio.c.obj
 .text.stdio_set_driver_enabled
                0x10004774       0x2c CMakeFiles/test.dir/C_/Users/Owner/Downloads/pico-sdk/src/rp2_common/pico_stdio/stdio.c.obj
                0x10004774                stdio_set_driver_enabled
 .text.stdio_flush
                0x100047a0       0x20 CMakeFiles/test.dir/C_/Users/Owner/Downloads/pico-sdk/src/rp2_common/pico_stdio/stdio.c.obj
                0x100047a0                stdio_flush
 .text.__wrap_puts
                0x100047c0       0x1e CMakeFiles/test.dir/C_/Users/Owner/Downloads/pico-sdk/src/rp2_common/pico_stdio/stdio.c.obj
                0x100047c0                __wrap_puts
 *fill*         0x100047de        0x2 
 .text.__wrap_vprintf
                0x100047e0       0x44 CMakeFiles/test.dir/C_/Users/Owner/Downloads/pico-sdk/src/rp2_common/pico_stdio/stdio.c.obj
                0x100047e0                __wrap_vprintf
 .text.__wrap_printf
                0x10004824       0x18 CMakeFiles/test.dir/C_/Users/Owner/Downloads/pico-sdk/src/rp2_common/pico_stdio/stdio.c.obj
                0x10004824                __wrap_printf
 .text.stdio_init_all
                0x1000483c        0xc CMakeFiles/test.dir/C_/Users/Owner/Downloads/pico-sdk/src/rp2_common/pico_stdio/stdio.c.obj
                0x1000483c                stdio_init_all
 .text.uart_putc
                0x10004848       0x60 CMakeFiles/test.dir/C_/Users/Owner/Downloads/pico-sdk/src/rp2_common/pico_stdio_uart/stdio_uart.c.obj
 .text.uart_getc
                0x100048a8       0x24 CMakeFiles/test.dir/C_/Users/Owner/Downloads/pico-sdk/src/rp2_common/pico_stdio_uart/stdio_uart.c.obj
 .text.stdio_uart_out_chars
                0x100048cc       0x20 CMakeFiles/test.dir/C_/Users/Owner/Downloads/pico-sdk/src/rp2_common/pico_stdio_uart/stdio_uart.c.obj
 .text.stdio_uart_in_chars
                0x100048ec       0x34 CMakeFiles/test.dir/C_/Users/Owner/Downloads/pico-sdk/src/rp2_common/pico_stdio_uart/stdio_uart.c.obj
                0x100048ec                stdio_uart_in_chars
 .text.stdio_uart_init_full
                0x10004920       0x3c CMakeFiles/test.dir/C_/Users/Owner/Downloads/pico-sdk/src/rp2_common/pico_stdio_uart/stdio_uart.c.obj
                0x10004920                stdio_uart_init_full
 .text.stdio_uart_init
                0x1000495c       0x28 CMakeFiles/test.dir/C_/Users/Owner/Downloads/pico-sdk/src/rp2_common/pico_stdio_uart/stdio_uart.c.obj
                0x1000495c                stdio_uart_init
 .text.resetd_init
                0x10004984        0x2 CMakeFiles/test.dir/C_/Users/Owner/Downloads/pico-sdk/src/rp2_common/pico_stdio_usb/reset_interface.c.obj
 *fill*         0x10004986        0x2 
 .text.resetd_reset
                0x10004988        0xc CMakeFiles/test.dir/C_/Users/Owner/Downloads/pico-sdk/src/rp2_common/pico_stdio_usb/reset_interface.c.obj
 .text.resetd_open
                0x10004994       0x34 CMakeFiles/test.dir/C_/Users/Owner/Downloads/pico-sdk/src/rp2_common/pico_stdio_usb/reset_interface.c.obj
 .text.resetd_xfer_cb
                0x100049c8        0x4 CMakeFiles/test.dir/C_/Users/Owner/Downloads/pico-sdk/src/rp2_common/pico_stdio_usb/reset_interface.c.obj
 .text.reset_usb_boot
                0x100049cc       0x18 CMakeFiles/test.dir/C_/Users/Owner/Downloads/pico-sdk/src/rp2_common/pico_stdio_usb/reset_interface.c.obj
 .text.resetd_control_xfer_cb
                0x100049e4       0x5c CMakeFiles/test.dir/C_/Users/Owner/Downloads/pico-sdk/src/rp2_common/pico_stdio_usb/reset_interface.c.obj
 .text.usbd_app_driver_get_cb
                0x10004a40        0xc CMakeFiles/test.dir/C_/Users/Owner/Downloads/pico-sdk/src/rp2_common/pico_stdio_usb/reset_interface.c.obj
                0x10004a40                usbd_app_driver_get_cb
 .text.tud_cdc_line_coding_cb
                0x10004a4c       0x28 CMakeFiles/test.dir/C_/Users/Owner/Downloads/pico-sdk/src/rp2_common/pico_stdio_usb/reset_interface.c.obj
                0x10004a4c                tud_cdc_line_coding_cb
 .text.stdio_usb_in_chars
                0x10004a74       0x70 CMakeFiles/test.dir/C_/Users/Owner/Downloads/pico-sdk/src/rp2_common/pico_stdio_usb/stdio_usb.c.obj
                0x10004a74                stdio_usb_in_chars
 .text.low_priority_worker_irq
                0x10004ae4       0x20 CMakeFiles/test.dir/C_/Users/Owner/Downloads/pico-sdk/src/rp2_common/pico_stdio_usb/stdio_usb.c.obj
 .text.stdio_usb_out_chars
                0x10004b04       0xd4 CMakeFiles/test.dir/C_/Users/Owner/Downloads/pico-sdk/src/rp2_common/pico_stdio_usb/stdio_usb.c.obj
 .text.update_us_since_boot
                0x10004bd8       0x24 CMakeFiles/test.dir/C_/Users/Owner/Downloads/pico-sdk/src/rp2_common/pico_stdio_usb/stdio_usb.c.obj
 .text.get_absolute_time
                0x10004bfc       0x22 CMakeFiles/test.dir/C_/Users/Owner/Downloads/pico-sdk/src/rp2_common/pico_stdio_usb/stdio_usb.c.obj
 .text.delayed_by_us
                0x10004c1e       0x36 CMakeFiles/test.dir/C_/Users/Owner/Downloads/pico-sdk/src/rp2_common/pico_stdio_usb/stdio_usb.c.obj
 .text.timer_task
                0x10004c54       0x40 CMakeFiles/test.dir/C_/Users/Owner/Downloads/pico-sdk/src/rp2_common/pico_stdio_usb/stdio_usb.c.obj
 .text.usb_irq  0x10004c94       0x10 CMakeFiles/test.dir/C_/Users/Owner/Downloads/pico-sdk/src/rp2_common/pico_stdio_usb/stdio_usb.c.obj
 .text.alarm_pool_add_alarm_in_us
                0x10004ca4       0x3a CMakeFiles/test.dir/C_/Users/Owner/Downloads/pico-sdk/src/rp2_common/pico_stdio_usb/stdio_usb.c.obj
 .text.add_alarm_in_us
                0x10004cde       0x2e CMakeFiles/test.dir/C_/Users/Owner/Downloads/pico-sdk/src/rp2_common/pico_stdio_usb/stdio_usb.c.obj
 .text.stdio_usb_init
                0x10004d0c       0x98 CMakeFiles/test.dir/C_/Users/Owner/Downloads/pico-sdk/src/rp2_common/pico_stdio_usb/stdio_usb.c.obj
                0x10004d0c                stdio_usb_init
 .text.tud_descriptor_device_cb
                0x10004da4        0x8 CMakeFiles/test.dir/C_/Users/Owner/Downloads/pico-sdk/src/rp2_common/pico_stdio_usb/stdio_usb_descriptors.c.obj
                0x10004da4                tud_descriptor_device_cb
 .text.tud_descriptor_configuration_cb
                0x10004dac        0x8 CMakeFiles/test.dir/C_/Users/Owner/Downloads/pico-sdk/src/rp2_common/pico_stdio_usb/stdio_usb_descriptors.c.obj
                0x10004dac                tud_descriptor_configuration_cb
 .text.tud_descriptor_string_cb
                0x10004db4       0x6c CMakeFiles/test.dir/C_/Users/Owner/Downloads/pico-sdk/src/rp2_common/pico_stdio_usb/stdio_usb_descriptors.c.obj
                0x10004db4                tud_descriptor_string_cb
 .text.hw_endpoint_get_by_addr
                0x10004e20       0x18 CMakeFiles/test.dir/C_/Users/Owner/Downloads/pico-sdk/lib/tinyusb/src/portable/raspberrypi/rp2040/dcd_rp2040.c.obj
 .text.reset_ep0_pid
                0x10004e38       0x28 CMakeFiles/test.dir/C_/Users/Owner/Downloads/pico-sdk/lib/tinyusb/src/portable/raspberrypi/rp2040/dcd_rp2040.c.obj
 .text._hw_endpoint_alloc
                0x10004e60       0x70 CMakeFiles/test.dir/C_/Users/Owner/Downloads/pico-sdk/lib/tinyusb/src/portable/raspberrypi/rp2040/dcd_rp2040.c.obj
 .text.hw_endpoint_init
                0x10004ed0       0x88 CMakeFiles/test.dir/C_/Users/Owner/Downloads/pico-sdk/lib/tinyusb/src/portable/raspberrypi/rp2040/dcd_rp2040.c.obj
 .text.reset_non_control_endpoints
                0x10004f58       0x40 CMakeFiles/test.dir/C_/Users/Owner/Downloads/pico-sdk/lib/tinyusb/src/portable/raspberrypi/rp2040/dcd_rp2040.c.obj
 .text.hw_handle_buff_status
                0x10004f98       0x8c CMakeFiles/test.dir/C_/Users/Owner/Downloads/pico-sdk/lib/tinyusb/src/portable/raspberrypi/rp2040/dcd_rp2040.c.obj
 .text.dcd_rp2040_irq
                0x10005024       0xc0 CMakeFiles/test.dir/C_/Users/Owner/Downloads/pico-sdk/lib/tinyusb/src/portable/raspberrypi/rp2040/dcd_rp2040.c.obj
 .text.hw_endpoint_xfer
                0x100050e4       0x14 CMakeFiles/test.dir/C_/Users/Owner/Downloads/pico-sdk/lib/tinyusb/src/portable/raspberrypi/rp2040/dcd_rp2040.c.obj
 .text.dcd_int_enable
                0x100050f8       0x2c CMakeFiles/test.dir/C_/Users/Owner/Downloads/pico-sdk/lib/tinyusb/src/portable/raspberrypi/rp2040/dcd_rp2040.c.obj
                0x100050f8                dcd_int_enable
 .text.dcd_set_address
                0x10005124       0x2c CMakeFiles/test.dir/C_/Users/Owner/Downloads/pico-sdk/lib/tinyusb/src/portable/raspberrypi/rp2040/dcd_rp2040.c.obj
                0x10005124                dcd_set_address
 .text.dcd_connect
                0x10005150       0x10 CMakeFiles/test.dir/C_/Users/Owner/Downloads/pico-sdk/lib/tinyusb/src/portable/raspberrypi/rp2040/dcd_rp2040.c.obj
                0x10005150                dcd_connect
 .text.dcd_init
                0x10005160       0x7c CMakeFiles/test.dir/C_/Users/Owner/Downloads/pico-sdk/lib/tinyusb/src/portable/raspberrypi/rp2040/dcd_rp2040.c.obj
                0x10005160                dcd_init
 .text.dcd_edpt0_status_complete
                0x100051dc       0x1c CMakeFiles/test.dir/C_/Users/Owner/Downloads/pico-sdk/lib/tinyusb/src/portable/raspberrypi/rp2040/dcd_rp2040.c.obj
                0x100051dc                dcd_edpt0_status_complete
 .text.dcd_edpt_open
                0x100051f8       0x40 CMakeFiles/test.dir/C_/Users/Owner/Downloads/pico-sdk/lib/tinyusb/src/portable/raspberrypi/rp2040/dcd_rp2040.c.obj
                0x100051f8                dcd_edpt_open
 .text.dcd_edpt_close_all
                0x10005238        0x8 CMakeFiles/test.dir/C_/Users/Owner/Downloads/pico-sdk/lib/tinyusb/src/portable/raspberrypi/rp2040/dcd_rp2040.c.obj
                0x10005238                dcd_edpt_close_all
 .text.dcd_edpt_xfer
                0x10005240       0x30 CMakeFiles/test.dir/C_/Users/Owner/Downloads/pico-sdk/lib/tinyusb/src/portable/raspberrypi/rp2040/dcd_rp2040.c.obj
                0x10005240                dcd_edpt_xfer
 .text.dcd_edpt_stall
                0x10005270       0x2c CMakeFiles/test.dir/C_/Users/Owner/Downloads/pico-sdk/lib/tinyusb/src/portable/raspberrypi/rp2040/dcd_rp2040.c.obj
                0x10005270                dcd_edpt_stall
 .text.dcd_edpt_clear_stall
                0x1000529c       0x20 CMakeFiles/test.dir/C_/Users/Owner/Downloads/pico-sdk/lib/tinyusb/src/portable/raspberrypi/rp2040/dcd_rp2040.c.obj
                0x1000529c                dcd_edpt_clear_stall
 .text.prepare_ep_buffer
                0x100052bc       0x6c CMakeFiles/test.dir/C_/Users/Owner/Downloads/pico-sdk/lib/tinyusb/src/portable/raspberrypi/rp2040/rp2040_usb.c.obj
 .text.sync_ep_buffer
                0x10005328       0x78 CMakeFiles/test.dir/C_/Users/Owner/Downloads/pico-sdk/lib/tinyusb/src/portable/raspberrypi/rp2040/rp2040_usb.c.obj
 .text._hw_endpoint_xfer_sync
                0x100053a0       0x28 CMakeFiles/test.dir/C_/Users/Owner/Downloads/pico-sdk/lib/tinyusb/src/portable/raspberrypi/rp2040/rp2040_usb.c.obj
 .text.rp2040_usb_init
                0x100053c8       0x4c CMakeFiles/test.dir/C_/Users/Owner/Downloads/pico-sdk/lib/tinyusb/src/portable/raspberrypi/rp2040/rp2040_usb.c.obj
                0x100053c8                rp2040_usb_init
 .text.hw_endpoint_reset_transfer
                0x10005414        0xc CMakeFiles/test.dir/C_/Users/Owner/Downloads/pico-sdk/lib/tinyusb/src/portable/raspberrypi/rp2040/rp2040_usb.c.obj
                0x10005414                hw_endpoint_reset_transfer
 .text._hw_endpoint_buffer_control_update32
                0x10005420       0x58 CMakeFiles/test.dir/C_/Users/Owner/Downloads/pico-sdk/lib/tinyusb/src/portable/raspberrypi/rp2040/rp2040_usb.c.obj
                0x10005420                _hw_endpoint_buffer_control_update32
 .text._hw_endpoint_start_next_buffer
                0x10005478       0x74 CMakeFiles/test.dir/C_/Users/Owner/Downloads/pico-sdk/lib/tinyusb/src/portable/raspberrypi/rp2040/rp2040_usb.c.obj
 .text.hw_endpoint_xfer_start
                0x100054ec       0x48 CMakeFiles/test.dir/C_/Users/Owner/Downloads/pico-sdk/lib/tinyusb/src/portable/raspberrypi/rp2040/rp2040_usb.c.obj
                0x100054ec                hw_endpoint_xfer_start
 .text.hw_endpoint_xfer_continue
                0x10005534       0x38 CMakeFiles/test.dir/C_/Users/Owner/Downloads/pico-sdk/lib/tinyusb/src/portable/raspberrypi/rp2040/rp2040_usb.c.obj
                0x10005534                hw_endpoint_xfer_continue
 .text.configuration_reset
                0x1000556c       0x84 CMakeFiles/test.dir/C_/Users/Owner/Downloads/pico-sdk/lib/tinyusb/src/device/usbd.c.obj
 .text.osal_queue_receive
                0x100055f0       0x30 CMakeFiles/test.dir/C_/Users/Owner/Downloads/pico-sdk/lib/tinyusb/src/device/usbd.c.obj
 .text.usbd_reset
                0x10005620        0xc CMakeFiles/test.dir/C_/Users/Owner/Downloads/pico-sdk/lib/tinyusb/src/device/usbd.c.obj
 .text.invoke_class_control
                0x1000562c       0x1a CMakeFiles/test.dir/C_/Users/Owner/Downloads/pico-sdk/lib/tinyusb/src/device/usbd.c.obj
 *fill*         0x10005646        0x2 
 .text.process_set_config
                0x10005648      0x1b0 CMakeFiles/test.dir/C_/Users/Owner/Downloads/pico-sdk/lib/tinyusb/src/device/usbd.c.obj
 .text.process_get_descriptor
                0x100057f8       0xec CMakeFiles/test.dir/C_/Users/Owner/Downloads/pico-sdk/lib/tinyusb/src/device/usbd.c.obj
 .text.osal_queue_send
                0x100058e4       0x4c CMakeFiles/test.dir/C_/Users/Owner/Downloads/pico-sdk/lib/tinyusb/src/device/usbd.c.obj
 .text.tud_mounted
                0x10005930       0x10 CMakeFiles/test.dir/C_/Users/Owner/Downloads/pico-sdk/lib/tinyusb/src/device/usbd.c.obj
                0x10005930                tud_mounted
 .text.tud_suspended
                0x10005940       0x10 CMakeFiles/test.dir/C_/Users/Owner/Downloads/pico-sdk/lib/tinyusb/src/device/usbd.c.obj
                0x10005940                tud_suspended
 .text.tud_inited
                0x10005950        0xc CMakeFiles/test.dir/C_/Users/Owner/Downloads/pico-sdk/lib/tinyusb/src/device/usbd.c.obj
                0x10005950                tud_inited
 .text.tud_init
                0x1000595c       0xcc CMakeFiles/test.dir/C_/Users/Owner/Downloads/pico-sdk/lib/tinyusb/src/device/usbd.c.obj
                0x1000595c                tud_init
 .text.dcd_event_handler
                0x10005a28       0xd4 CMakeFiles/test.dir/C_/Users/Owner/Downloads/pico-sdk/lib/tinyusb/src/device/usbd.c.obj
                0x10005a28                dcd_event_handler
 .text.dcd_event_bus_signal
                0x10005afc       0x26 CMakeFiles/test.dir/C_/Users/Owner/Downloads/pico-sdk/lib/tinyusb/src/device/usbd.c.obj
                0x10005afc                dcd_event_bus_signal
 .text.dcd_event_bus_reset
                0x10005b22       0x2a CMakeFiles/test.dir/C_/Users/Owner/Downloads/pico-sdk/lib/tinyusb/src/device/usbd.c.obj
                0x10005b22                dcd_event_bus_reset
 .text.dcd_event_setup_received
                0x10005b4c       0x34 CMakeFiles/test.dir/C_/Users/Owner/Downloads/pico-sdk/lib/tinyusb/src/device/usbd.c.obj
                0x10005b4c                dcd_event_setup_received
 .text.dcd_event_xfer_complete
                0x10005b80       0x44 CMakeFiles/test.dir/C_/Users/Owner/Downloads/pico-sdk/lib/tinyusb/src/device/usbd.c.obj
                0x10005b80                dcd_event_xfer_complete
 .text.usbd_edpt_open
                0x10005bc4       0x58 CMakeFiles/test.dir/C_/Users/Owner/Downloads/pico-sdk/lib/tinyusb/src/device/usbd.c.obj
                0x10005bc4                usbd_edpt_open
 .text.usbd_open_edpt_pair
                0x10005c1c       0x8c CMakeFiles/test.dir/C_/Users/Owner/Downloads/pico-sdk/lib/tinyusb/src/device/usbd.c.obj
                0x10005c1c                usbd_open_edpt_pair
 .text.usbd_edpt_claim
                0x10005ca8       0x8c CMakeFiles/test.dir/C_/Users/Owner/Downloads/pico-sdk/lib/tinyusb/src/device/usbd.c.obj
                0x10005ca8                usbd_edpt_claim
 .text.usbd_edpt_release
                0x10005d34       0x60 CMakeFiles/test.dir/C_/Users/Owner/Downloads/pico-sdk/lib/tinyusb/src/device/usbd.c.obj
                0x10005d34                usbd_edpt_release
 .text.usbd_edpt_xfer
                0x10005d94       0x80 CMakeFiles/test.dir/C_/Users/Owner/Downloads/pico-sdk/lib/tinyusb/src/device/usbd.c.obj
                0x10005d94                usbd_edpt_xfer
 .text.usbd_edpt_stall
                0x10005e14       0x40 CMakeFiles/test.dir/C_/Users/Owner/Downloads/pico-sdk/lib/tinyusb/src/device/usbd.c.obj
                0x10005e14                usbd_edpt_stall
 .text.usbd_edpt_clear_stall
                0x10005e54       0x40 CMakeFiles/test.dir/C_/Users/Owner/Downloads/pico-sdk/lib/tinyusb/src/device/usbd.c.obj
                0x10005e54                usbd_edpt_clear_stall
 .text.usbd_edpt_stalled
                0x10005e94       0x1c CMakeFiles/test.dir/C_/Users/Owner/Downloads/pico-sdk/lib/tinyusb/src/device/usbd.c.obj
                0x10005e94                usbd_edpt_stalled
 .text.process_control_request
                0x10005eb0      0x3b0 CMakeFiles/test.dir/C_/Users/Owner/Downloads/pico-sdk/lib/tinyusb/src/device/usbd.c.obj
 .text.tud_task
                0x10006260      0x1f0 CMakeFiles/test.dir/C_/Users/Owner/Downloads/pico-sdk/lib/tinyusb/src/device/usbd.c.obj
                0x10006260                tud_task
 .text._status_stage_xact
                0x10006450       0x1a CMakeFiles/test.dir/C_/Users/Owner/Downloads/pico-sdk/lib/tinyusb/src/device/usbd_control.c.obj
 *fill*         0x1000646a        0x2 
 .text._data_stage_xact
                0x1000646c       0x58 CMakeFiles/test.dir/C_/Users/Owner/Downloads/pico-sdk/lib/tinyusb/src/device/usbd_control.c.obj
 .text.tud_control_status
                0x100064c4       0x28 CMakeFiles/test.dir/C_/Users/Owner/Downloads/pico-sdk/lib/tinyusb/src/device/usbd_control.c.obj
                0x100064c4                tud_control_status
 .text.tud_control_xfer
                0x100064ec       0x98 CMakeFiles/test.dir/C_/Users/Owner/Downloads/pico-sdk/lib/tinyusb/src/device/usbd_control.c.obj
                0x100064ec                tud_control_xfer
 .text.usbd_control_reset
                0x10006584       0x14 CMakeFiles/test.dir/C_/Users/Owner/Downloads/pico-sdk/lib/tinyusb/src/device/usbd_control.c.obj
                0x10006584                usbd_control_reset
 .text.usbd_control_set_complete_callback
                0x10006598        0xc CMakeFiles/test.dir/C_/Users/Owner/Downloads/pico-sdk/lib/tinyusb/src/device/usbd_control.c.obj
                0x10006598                usbd_control_set_complete_callback
 .text.usbd_control_set_request
                0x100065a4       0x1c CMakeFiles/test.dir/C_/Users/Owner/Downloads/pico-sdk/lib/tinyusb/src/device/usbd_control.c.obj
                0x100065a4                usbd_control_set_request
 .text.usbd_control_xfer_cb
                0x100065c0       0xe8 CMakeFiles/test.dir/C_/Users/Owner/Downloads/pico-sdk/lib/tinyusb/src/device/usbd_control.c.obj
                0x100065c0                usbd_control_xfer_cb
 .text._prep_out_transaction
                0x100066a8       0x46 CMakeFiles/test.dir/C_/Users/Owner/Downloads/pico-sdk/lib/tinyusb/src/class/cdc/cdc_device.c.obj
 *fill*         0x100066ee        0x2 
 .text.tud_cdc_n_connected
                0x100066f0       0x38 CMakeFiles/test.dir/C_/Users/Owner/Downloads/pico-sdk/lib/tinyusb/src/class/cdc/cdc_device.c.obj
                0x100066f0                tud_cdc_n_connected
 .text.tud_cdc_n_available
                0x10006728       0x18 CMakeFiles/test.dir/C_/Users/Owner/Downloads/pico-sdk/lib/tinyusb/src/class/cdc/cdc_device.c.obj
                0x10006728                tud_cdc_n_available
 .text.tud_cdc_n_read
                0x10006740       0x28 CMakeFiles/test.dir/C_/Users/Owner/Downloads/pico-sdk/lib/tinyusb/src/class/cdc/cdc_device.c.obj
                0x10006740                tud_cdc_n_read
 .text.tud_cdc_n_write_flush
                0x10006768       0xcc CMakeFiles/test.dir/C_/Users/Owner/Downloads/pico-sdk/lib/tinyusb/src/class/cdc/cdc_device.c.obj
                0x10006768                tud_cdc_n_write_flush
 .text.tud_cdc_n_write
                0x10006834       0x38 CMakeFiles/test.dir/C_/Users/Owner/Downloads/pico-sdk/lib/tinyusb/src/class/cdc/cdc_device.c.obj
                0x10006834                tud_cdc_n_write
 .text.tud_cdc_n_write_available
                0x1000686c       0x1c CMakeFiles/test.dir/C_/Users/Owner/Downloads/pico-sdk/lib/tinyusb/src/class/cdc/cdc_device.c.obj
                0x1000686c                tud_cdc_n_write_available
 .text.cdcd_init
                0x10006888       0xbc CMakeFiles/test.dir/C_/Users/Owner/Downloads/pico-sdk/lib/tinyusb/src/class/cdc/cdc_device.c.obj
                0x10006888                cdcd_init
 .text.cdcd_reset
                0x10006944       0x44 CMakeFiles/test.dir/C_/Users/Owner/Downloads/pico-sdk/lib/tinyusb/src/class/cdc/cdc_device.c.obj
                0x10006944                cdcd_reset
 .text.cdcd_open
                0x10006988       0xf0 CMakeFiles/test.dir/C_/Users/Owner/Downloads/pico-sdk/lib/tinyusb/src/class/cdc/cdc_device.c.obj
                0x10006988                cdcd_open
 .text.cdcd_control_xfer_cb
                0x10006a78      0x134 CMakeFiles/test.dir/C_/Users/Owner/Downloads/pico-sdk/lib/tinyusb/src/class/cdc/cdc_device.c.obj
                0x10006a78                cdcd_control_xfer_cb
 .text.cdcd_xfer_cb
                0x10006bac      0x144 CMakeFiles/test.dir/C_/Users/Owner/Downloads/pico-sdk/lib/tinyusb/src/class/cdc/cdc_device.c.obj
                0x10006bac                cdcd_xfer_cb
 .text.tusb_init
                0x10006cf0       0x24 CMakeFiles/test.dir/C_/Users/Owner/Downloads/pico-sdk/lib/tinyusb/src/tusb.c.obj
                0x10006cf0                tusb_init
 .text.tusb_inited
                0x10006d14        0xe CMakeFiles/test.dir/C_/Users/Owner/Downloads/pico-sdk/lib/tinyusb/src/tusb.c.obj
                0x10006d14                tusb_inited
 *fill*         0x10006d22        0x2 
 .text.tu_edpt_validate
                0x10006d24       0xa8 CMakeFiles/test.dir/C_/Users/Owner/Downloads/pico-sdk/lib/tinyusb/src/tusb.c.obj
                0x10006d24                tu_edpt_validate
 .text.tu_edpt_bind_driver
                0x10006dcc       0x2a CMakeFiles/test.dir/C_/Users/Owner/Downloads/pico-sdk/lib/tinyusb/src/tusb.c.obj
                0x10006dcc                tu_edpt_bind_driver
 .text.advance_pointer
                0x10006df6       0x18 CMakeFiles/test.dir/C_/Users/Owner/Downloads/pico-sdk/lib/tinyusb/src/common/tusb_fifo.c.obj
 .text.backward_pointer
                0x10006e0e       0x1e CMakeFiles/test.dir/C_/Users/Owner/Downloads/pico-sdk/lib/tinyusb/src/common/tusb_fifo.c.obj
 .text.get_relative_pointer
                0x10006e2c       0x10 CMakeFiles/test.dir/C_/Users/Owner/Downloads/pico-sdk/lib/tinyusb/src/common/tusb_fifo.c.obj
 .text._tu_fifo_peek
                0x10006e3c       0x50 CMakeFiles/test.dir/C_/Users/Owner/Downloads/pico-sdk/lib/tinyusb/src/common/tusb_fifo.c.obj
 .text._ff_pull_const_addr
                0x10006e8c       0x4c CMakeFiles/test.dir/C_/Users/Owner/Downloads/pico-sdk/lib/tinyusb/src/common/tusb_fifo.c.obj
 .text._ff_pull_n
                0x10006ed8      0x10c CMakeFiles/test.dir/C_/Users/Owner/Downloads/pico-sdk/lib/tinyusb/src/common/tusb_fifo.c.obj
 .text._tu_fifo_peek_n
                0x10006fe4       0x5e CMakeFiles/test.dir/C_/Users/Owner/Downloads/pico-sdk/lib/tinyusb/src/common/tusb_fifo.c.obj
 .text._tu_fifo_read_n
                0x10007042       0x4e CMakeFiles/test.dir/C_/Users/Owner/Downloads/pico-sdk/lib/tinyusb/src/common/tusb_fifo.c.obj
 .text._ff_push_const_addr
                0x10007090       0x40 CMakeFiles/test.dir/C_/Users/Owner/Downloads/pico-sdk/lib/tinyusb/src/common/tusb_fifo.c.obj
 .text._ff_push_n
                0x100070d0      0x108 CMakeFiles/test.dir/C_/Users/Owner/Downloads/pico-sdk/lib/tinyusb/src/common/tusb_fifo.c.obj
 .text._tu_fifo_write_n
                0x100071d8       0x9e CMakeFiles/test.dir/C_/Users/Owner/Downloads/pico-sdk/lib/tinyusb/src/common/tusb_fifo.c.obj
 .text.tu_fifo_config
                0x10007276       0x72 CMakeFiles/test.dir/C_/Users/Owner/Downloads/pico-sdk/lib/tinyusb/src/common/tusb_fifo.c.obj
                0x10007276                tu_fifo_config
 .text.tu_fifo_count
                0x100072e8       0x26 CMakeFiles/test.dir/C_/Users/Owner/Downloads/pico-sdk/lib/tinyusb/src/common/tusb_fifo.c.obj
                0x100072e8                tu_fifo_count
 .text.tu_fifo_empty
                0x1000730e        0xe CMakeFiles/test.dir/C_/Users/Owner/Downloads/pico-sdk/lib/tinyusb/src/common/tusb_fifo.c.obj
                0x1000730e                tu_fifo_empty
 .text.tu_fifo_remaining
                0x1000731c       0x20 CMakeFiles/test.dir/C_/Users/Owner/Downloads/pico-sdk/lib/tinyusb/src/common/tusb_fifo.c.obj
                0x1000731c                tu_fifo_remaining
 .text.tu_fifo_read
                0x1000733c       0x42 CMakeFiles/test.dir/C_/Users/Owner/Downloads/pico-sdk/lib/tinyusb/src/common/tusb_fifo.c.obj
                0x1000733c                tu_fifo_read
 .text.tu_fifo_read_n
                0x1000737e        0xa CMakeFiles/test.dir/C_/Users/Owner/Downloads/pico-sdk/lib/tinyusb/src/common/tusb_fifo.c.obj
                0x1000737e                tu_fifo_read_n
 .text.tu_fifo_write
                0x10007388       0x6a CMakeFiles/test.dir/C_/Users/Owner/Downloads/pico-sdk/lib/tinyusb/src/common/tusb_fifo.c.obj
                0x10007388                tu_fifo_write
 .text.tu_fifo_write_n
                0x100073f2        0xa CMakeFiles/test.dir/C_/Users/Owner/Downloads/pico-sdk/lib/tinyusb/src/common/tusb_fifo.c.obj
                0x100073f2                tu_fifo_write_n
 .text.tu_fifo_clear
                0x100073fc       0x4c CMakeFiles/test.dir/C_/Users/Owner/Downloads/pico-sdk/lib/tinyusb/src/common/tusb_fifo.c.obj
                0x100073fc                tu_fifo_clear
 .text.tu_fifo_set_overwritable
                0x10007448       0x3c CMakeFiles/test.dir/C_/Users/Owner/Downloads/pico-sdk/lib/tinyusb/src/common/tusb_fifo.c.obj
                0x10007448                tu_fifo_set_overwritable
 .text._retrieve_unique_id_on_boot
                0x10007484       0x10 CMakeFiles/test.dir/C_/Users/Owner/Downloads/pico-sdk/src/rp2_common/pico_unique_id/unique_id.c.obj
 .text.pico_get_unique_board_id_string
                0x10007494       0x5c CMakeFiles/test.dir/C_/Users/Owner/Downloads/pico-sdk/src/rp2_common/pico_unique_id/unique_id.c.obj
                0x10007494                pico_get_unique_board_id_string
 .text.flash_get_unique_id
                0x100074f0       0x46 CMakeFiles/test.dir/C_/Users/Owner/Downloads/pico-sdk/src/rp2_common/hardware_flash/flash.c.obj
                0x100074f0                flash_get_unique_id
 *fill*         0x10007536        0x2 
 .text.adc_init
                0x10007538       0x34 CMakeFiles/test.dir/C_/Users/Owner/Downloads/pico-sdk/src/rp2_common/hardware_adc/adc.c.obj
                0x10007538                adc_init
 .text.strlen   0x1000756c       0x5c c:/progra~2/armgnu~1/1213fb~1.2mp/bin/../lib/gcc/arm-none-eabi/12.2.0/thumb/v6-m/nofp\libg.a(libc_a-strlen-stub.o)
                0x1000756c                strlen
 *(.fini)
 .fini          0x100075c8        0x4 c:/progra~2/armgnu~1/1213fb~1.2mp/bin/../lib/gcc/arm-none-eabi/12.2.0/thumb/v6-m/nofp/crti.o
                0x100075c8                _fini
 *fill*         0x100075cc        0x4 
 .fini.__stub   0x100075d0       0x70 linker stubs
 *crtbegin.o(.ctors)
 *crtbegin?.o(.ctors)
 *(EXCLUDE_FILE(*crtend.o *crtend?.o) .ctors)
 *(SORT_BY_NAME(.ctors.*))
 *(.ctors)
 *crtbegin.o(.dtors)
 *crtbegin?.o(.dtors)
 *(EXCLUDE_FILE(*crtend.o *crtend?.o) .dtors)
 *(SORT_BY_NAME(.dtors.*))
 *(.dtors)
 *(.eh_frame*)
 .eh_frame      0x10007640        0x0 c:/progra~2/armgnu~1/1213fb~1.2mp/bin/../lib/gcc/arm-none-eabi/12.2.0/thumb/v6-m/nofp/crtbegin.o
                0x10007640                        . = ALIGN (0x4)

.glue_7         0x10007640        0x0
 .glue_7        0x10007640        0x0 linker stubs

.glue_7t        0x10007640        0x0
 .glue_7t       0x10007640        0x0 linker stubs

.vfp11_veneer   0x10007640        0x0
 .vfp11_veneer  0x10007640        0x0 linker stubs

.v4_bx          0x10007640        0x0
 .v4_bx         0x10007640        0x0 linker stubs

.iplt           0x10007640        0x0
 .iplt          0x10007640        0x0 c:/progra~2/armgnu~1/1213fb~1.2mp/bin/../lib/gcc/arm-none-eabi/12.2.0/thumb/v6-m/nofp/crtbegin.o

.rodata         0x10007640     0x1830
 *(EXCLUDE_FILE(*libm.a: *libc.a:*lib_a-mem*.o *libgcc.a:) .rodata*)
 .rodata.ExampleHostAckCallback.str1.4
                0x10007640       0x43 CMakeFiles/test.dir/test.c.obj
 *fill*         0x10007683        0x1 
 .rodata.ExampleHostNAckCallback.str1.4
                0x10007684       0x3a CMakeFiles/test.dir/test.c.obj
 *fill*         0x100076be        0x2 
 .rodata.ExampleHostDataCallback.str1.4
                0x100076c0       0x3d CMakeFiles/test.dir/test.c.obj
 *fill*         0x100076fd        0x3 
 .rodata.ExampleHostDataHapaCallback.str1.4
                0x10007700       0x3c CMakeFiles/test.dir/test.c.obj
 .rodata.ExampleReadCallback.str1.4
                0x1000773c       0x26 CMakeFiles/test.dir/test.c.obj
 *fill*         0x10007762        0x2 
 .rodata.spin_lock_claim_unused.str1.4
                0x10007764       0x1b CMakeFiles/test.dir/C_/Users/Owner/Downloads/pico-sdk/src/rp2_common/hardware_sync/sync.c.obj
 *fill*         0x1000777f        0x1 
 .rodata.resolve_branch.str1.4
                0x10007780       0x5c CMakeFiles/test.dir/C_/Users/Owner/Downloads/pico-sdk/src/rp2_common/hardware_irq/irq.c.obj
 .rodata.make_branch.str1.4
                0x100077dc       0x30 CMakeFiles/test.dir/C_/Users/Owner/Downloads/pico-sdk/src/rp2_common/hardware_irq/irq.c.obj
 .rodata.insert_branch_and_link.str1.4
                0x1000780c       0x10 CMakeFiles/test.dir/C_/Users/Owner/Downloads/pico-sdk/src/rp2_common/hardware_irq/irq.c.obj
 .rodata.irq_set_exclusive_handler.str1.4
                0x1000781c       0x36 CMakeFiles/test.dir/C_/Users/Owner/Downloads/pico-sdk/src/rp2_common/hardware_irq/irq.c.obj
 *fill*         0x10007852        0x2 
 .rodata.irq_add_shared_handler.str1.4
                0x10007854       0xc2 CMakeFiles/test.dir/C_/Users/Owner/Downloads/pico-sdk/src/rp2_common/hardware_irq/irq.c.obj
 *fill*         0x10007916        0x2 
 .rodata.irq_remove_handler.str1.4
                0x10007918       0x2a CMakeFiles/test.dir/C_/Users/Owner/Downloads/pico-sdk/src/rp2_common/hardware_irq/irq.c.obj
 *fill*         0x10007942        0x2 
 .rodata.irq_add_tail_to_free_list.str1.4
                0x10007944       0x3a CMakeFiles/test.dir/C_/Users/Owner/Downloads/pico-sdk/src/rp2_common/hardware_irq/irq.c.obj
 *fill*         0x1000797e        0x2 
 .rodata.user_irq_claim_unused.str1.4
                0x10007980       0x1b CMakeFiles/test.dir/C_/Users/Owner/Downloads/pico-sdk/src/rp2_common/hardware_irq/irq.c.obj
 *fill*         0x1000799b        0x1 
 .rodata.__func__.0
                0x1000799c       0x1a CMakeFiles/test.dir/C_/Users/Owner/Downloads/pico-sdk/src/rp2_common/hardware_irq/irq.c.obj
 *fill*         0x100079b6        0x2 
 .rodata.__func__.1
                0x100079b8       0x17 CMakeFiles/test.dir/C_/Users/Owner/Downloads/pico-sdk/src/rp2_common/hardware_irq/irq.c.obj
 *fill*         0x100079cf        0x1 
 .rodata.__func__.2
                0x100079d0       0x13 CMakeFiles/test.dir/C_/Users/Owner/Downloads/pico-sdk/src/rp2_common/hardware_irq/irq.c.obj
 *fill*         0x100079e3        0x1 
 .rodata.__func__.3
                0x100079e4        0xc CMakeFiles/test.dir/C_/Users/Owner/Downloads/pico-sdk/src/rp2_common/hardware_irq/irq.c.obj
 .rodata.__func__.4
                0x100079f0        0xf CMakeFiles/test.dir/C_/Users/Owner/Downloads/pico-sdk/src/rp2_common/hardware_irq/irq.c.obj
 *fill*         0x100079ff        0x1 
 .rodata.__func__.5
                0x10007a00       0x17 CMakeFiles/test.dir/C_/Users/Owner/Downloads/pico-sdk/src/rp2_common/hardware_irq/irq.c.obj
 *fill*         0x10007a17        0x1 
 .rodata.__func__.6
                0x10007a18       0x1a CMakeFiles/test.dir/C_/Users/Owner/Downloads/pico-sdk/src/rp2_common/hardware_irq/irq.c.obj
 *fill*         0x10007a32        0x2 
 .rodata.get_entry.str1.4
                0x10007a34       0x62 CMakeFiles/test.dir/C_/Users/Owner/Downloads/pico-sdk/src/common/pico_time/time.c.obj
 *fill*         0x10007a96        0x2 
 .rodata.update_us_since_boot.str1.4
                0x10007a98       0x68 CMakeFiles/test.dir/C_/Users/Owner/Downloads/pico-sdk/src/common/pico_time/time.c.obj
 .rodata.ph_get_node.str1.4
                0x10007b00       0x6d CMakeFiles/test.dir/C_/Users/Owner/Downloads/pico-sdk/src/common/pico_time/time.c.obj
 *fill*         0x10007b6d        0x3 
 .rodata.ph_add_child_node.str1.4
                0x10007b70       0x2e CMakeFiles/test.dir/C_/Users/Owner/Downloads/pico-sdk/src/common/pico_time/time.c.obj
 *fill*         0x10007b9e        0x2 
 .rodata.ph_insert_node.str1.4
                0x10007ba0        0x3 CMakeFiles/test.dir/C_/Users/Owner/Downloads/pico-sdk/src/common/pico_time/time.c.obj
 *fill*         0x10007ba3        0x1 
 .rodata.ph_free_node.str1.4
                0x10007ba4       0x22 CMakeFiles/test.dir/C_/Users/Owner/Downloads/pico-sdk/src/common/pico_time/time.c.obj
 *fill*         0x10007bc6        0x2 
 .rodata.add_alarm_under_lock.str1.4
                0x10007bc8       0x28 CMakeFiles/test.dir/C_/Users/Owner/Downloads/pico-sdk/src/common/pico_time/time.c.obj
 .rodata.alarm_pool_alarm_callback.str1.4
                0x10007bf0       0x60 CMakeFiles/test.dir/C_/Users/Owner/Downloads/pico-sdk/src/common/pico_time/time.c.obj
 .rodata.alarm_pool_get_default.str1.4
                0x10007c50       0x21 CMakeFiles/test.dir/C_/Users/Owner/Downloads/pico-sdk/src/common/pico_time/time.c.obj
 *fill*         0x10007c71        0x3 
 .rodata.alarm_pool_cancel_alarm.str1.4
                0x10007c74       0x27 CMakeFiles/test.dir/C_/Users/Owner/Downloads/pico-sdk/src/common/pico_time/time.c.obj
 *fill*         0x10007c9b        0x1 
 .rodata.sleep_until.str1.4
                0x10007c9c       0x4d CMakeFiles/test.dir/C_/Users/Owner/Downloads/pico-sdk/src/common/pico_time/time.c.obj
 *fill*         0x10007ce9        0x3 
 .rodata.__func__.1
                0x10007cec       0x18 CMakeFiles/test.dir/C_/Users/Owner/Downloads/pico-sdk/src/common/pico_time/time.c.obj
 .rodata.__func__.3
                0x10007d04       0x17 CMakeFiles/test.dir/C_/Users/Owner/Downloads/pico-sdk/src/common/pico_time/time.c.obj
 *fill*         0x10007d1b        0x1 
 .rodata.__func__.4
                0x10007d1c       0x12 CMakeFiles/test.dir/C_/Users/Owner/Downloads/pico-sdk/src/common/pico_time/time.c.obj
 *fill*         0x10007d2e        0x2 
 .rodata.__func__.5
                0x10007d30        0xd CMakeFiles/test.dir/C_/Users/Owner/Downloads/pico-sdk/src/common/pico_time/time.c.obj
 *fill*         0x10007d3d        0x3 
 .rodata.__func__.6
                0x10007d40       0x12 CMakeFiles/test.dir/C_/Users/Owner/Downloads/pico-sdk/src/common/pico_time/time.c.obj
 *fill*         0x10007d52        0x2 
 .rodata.__func__.7
                0x10007d54        0xf CMakeFiles/test.dir/C_/Users/Owner/Downloads/pico-sdk/src/common/pico_time/time.c.obj
 *fill*         0x10007d63        0x1 
 .rodata.__func__.8
                0x10007d64        0xc CMakeFiles/test.dir/C_/Users/Owner/Downloads/pico-sdk/src/common/pico_time/time.c.obj
 .rodata.__func__.9
                0x10007d70       0x15 CMakeFiles/test.dir/C_/Users/Owner/Downloads/pico-sdk/src/common/pico_time/time.c.obj
 *fill*         0x10007d85        0x3 
 .rodata.__func__.10
                0x10007d88       0x15 CMakeFiles/test.dir/C_/Users/Owner/Downloads/pico-sdk/src/common/pico_time/time.c.obj
 *fill*         0x10007d9d        0x3 
 .rodata.__func__.11
                0x10007da0       0x1a CMakeFiles/test.dir/C_/Users/Owner/Downloads/pico-sdk/src/common/pico_time/time.c.obj
 *fill*         0x10007dba        0x2 
 .rodata.__func__.12
                0x10007dbc        0xa CMakeFiles/test.dir/C_/Users/Owner/Downloads/pico-sdk/src/common/pico_time/time.c.obj
 *fill*         0x10007dc6        0x2 
 .rodata.hardware_alarm_claim.str1.4
                0x10007dc8       0x22 CMakeFiles/test.dir/C_/Users/Owner/Downloads/pico-sdk/src/rp2_common/hardware_timer/timer.c.obj
 *fill*         0x10007dea        0x2 
 .rodata.hardware_alarm_set_target.str1.4
                0x10007dec       0x6c CMakeFiles/test.dir/C_/Users/Owner/Downloads/pico-sdk/src/rp2_common/hardware_timer/timer.c.obj
 .rodata.__func__.0
                0x10007e58       0x1a CMakeFiles/test.dir/C_/Users/Owner/Downloads/pico-sdk/src/rp2_common/hardware_timer/timer.c.obj
 .rodata.ph_get_node.str1.4
                0x10007e72       0x6d CMakeFiles/test.dir/C_/Users/Owner/Downloads/pico-sdk/src/common/pico_util/pheap.c.obj
 .rodata.ph_add_child_node.str1.4
                0x10007e72       0x2e CMakeFiles/test.dir/C_/Users/Owner/Downloads/pico-sdk/src/common/pico_util/pheap.c.obj
 *fill*         0x10007e72        0x2 
 .rodata.ph_remove_any_head.str1.4
                0x10007e74       0x94 CMakeFiles/test.dir/C_/Users/Owner/Downloads/pico-sdk/src/common/pico_util/pheap.c.obj
 .rodata.ph_remove_and_free_node.str1.4
                0x10007f08       0x1e CMakeFiles/test.dir/C_/Users/Owner/Downloads/pico-sdk/src/common/pico_util/pheap.c.obj
                                 0x26 (size before relaxing)
 *fill*         0x10007f26        0x2 
 .rodata.__func__.0
                0x10007f28       0x18 CMakeFiles/test.dir/C_/Users/Owner/Downloads/pico-sdk/src/common/pico_util/pheap.c.obj
 .rodata.__func__.1
                0x10007f40       0x13 CMakeFiles/test.dir/C_/Users/Owner/Downloads/pico-sdk/src/common/pico_util/pheap.c.obj
 *fill*         0x10007f53        0x1 
 .rodata.__func__.2
                0x10007f54       0x12 CMakeFiles/test.dir/C_/Users/Owner/Downloads/pico-sdk/src/common/pico_util/pheap.c.obj
 *fill*         0x10007f66        0x2 
 .rodata.__func__.3
                0x10007f68        0xc CMakeFiles/test.dir/C_/Users/Owner/Downloads/pico-sdk/src/common/pico_util/pheap.c.obj
 .rodata.update_us_since_boot.str1.4
                0x10007f74       0x68 CMakeFiles/test.dir/C_/Users/Owner/Downloads/pico-sdk/src/common/pico_sync/mutex.c.obj
 .rodata.str1.4
                0x10007f74       0x91 CMakeFiles/test.dir/C_/Users/Owner/Downloads/pico-sdk/src/common/pico_sync/mutex.c.obj
 *fill*         0x10008005        0x3 
 .rodata.__func__.1
                0x10008008        0xb CMakeFiles/test.dir/C_/Users/Owner/Downloads/pico-sdk/src/common/pico_sync/mutex.c.obj
 *fill*         0x10008013        0x1 
 .rodata.__func__.3
                0x10008014       0x18 CMakeFiles/test.dir/C_/Users/Owner/Downloads/pico-sdk/src/common/pico_sync/mutex.c.obj
 .rodata.__func__.4
                0x1000802c       0x15 CMakeFiles/test.dir/C_/Users/Owner/Downloads/pico-sdk/src/common/pico_sync/mutex.c.obj
 *fill*         0x10008041        0x3 
 .rodata.__assert_func.str1.4
                0x10008044       0x3f CMakeFiles/test.dir/C_/Users/Owner/Downloads/pico-sdk/src/rp2_common/pico_runtime/runtime.c.obj
                                 0x43 (size before relaxing)
 *fill*         0x10008083        0x1 
 .rodata.runtime_init.str1.4
                0x10008084       0x68 CMakeFiles/test.dir/C_/Users/Owner/Downloads/pico-sdk/src/rp2_common/pico_runtime/runtime.c.obj
 .rodata.panic.str1.4
                0x100080ec       0x10 CMakeFiles/test.dir/C_/Users/Owner/Downloads/pico-sdk/src/rp2_common/pico_runtime/runtime.c.obj
                                 0x12 (size before relaxing)
 .rodata.__func__.1
                0x100080fc        0xd CMakeFiles/test.dir/C_/Users/Owner/Downloads/pico-sdk/src/rp2_common/pico_runtime/runtime.c.obj
 *fill*         0x10008109        0x3 
 .rodata.clock_configure.str1.4
                0x1000810c       0x5e CMakeFiles/test.dir/C_/Users/Owner/Downloads/pico-sdk/src/rp2_common/hardware_clocks/clocks.c.obj
 *fill*         0x1000816a        0x2 
 .rodata.__func__.1
                0x1000816c       0x10 CMakeFiles/test.dir/C_/Users/Owner/Downloads/pico-sdk/src/rp2_common/hardware_clocks/clocks.c.obj
 .rodata.pll_init.str1.4
                0x1000817c      0x13f CMakeFiles/test.dir/C_/Users/Owner/Downloads/pico-sdk/src/rp2_common/hardware_pll/pll.c.obj
 *fill*         0x100082bb        0x1 
 .rodata.__func__.0
                0x100082bc        0x9 CMakeFiles/test.dir/C_/Users/Owner/Downloads/pico-sdk/src/rp2_common/hardware_pll/pll.c.obj
 *fill*         0x100082c5        0x3 
 .rodata._ftoa.str1.4
                0x100082c8       0x15 CMakeFiles/test.dir/C_/Users/Owner/Downloads/pico-sdk/src/rp2_common/pico_printf/printf.c.obj
 *fill*         0x100082dd        0x3 
 .rodata._vsnprintf
                0x100082e0      0x19c CMakeFiles/test.dir/C_/Users/Owner/Downloads/pico-sdk/src/rp2_common/pico_printf/printf.c.obj
 *fill*         0x1000847c        0x4 
 .rodata.pow10.0
                0x10008480       0x50 CMakeFiles/test.dir/C_/Users/Owner/Downloads/pico-sdk/src/rp2_common/pico_printf/printf.c.obj
 .rodata.__aeabi_double_init.str1.4
                0x100084d0       0xaf CMakeFiles/test.dir/C_/Users/Owner/Downloads/pico-sdk/src/rp2_common/pico_double/double_init_rom.c.obj
 *fill*         0x1000857f        0x1 
 .rodata.__func__.0
                0x10008580       0x14 CMakeFiles/test.dir/C_/Users/Owner/Downloads/pico-sdk/src/rp2_common/pico_double/double_init_rom.c.obj
 .rodata.__aeabi_float_init.str1.4
                0x10008594       0x81 CMakeFiles/test.dir/C_/Users/Owner/Downloads/pico-sdk/src/rp2_common/pico_float/float_init_rom.c.obj
                                 0x85 (size before relaxing)
 *fill*         0x10008615        0x3 
 .rodata.__func__.0
                0x10008618       0x13 CMakeFiles/test.dir/C_/Users/Owner/Downloads/pico-sdk/src/rp2_common/pico_float/float_init_rom.c.obj
 *fill*         0x1000862b        0x1 
 .rodata.str1.4
                0x1000862c       0x3c CMakeFiles/test.dir/C_/Users/Owner/Downloads/pico-sdk/src/rp2_common/pico_standard_link/binary_info.c.obj
 .rodata.__bi_81
                0x10008668        0xc CMakeFiles/test.dir/C_/Users/Owner/Downloads/pico-sdk/src/rp2_common/pico_standard_link/binary_info.c.obj
 .rodata.__bi_75
                0x10008674        0xc CMakeFiles/test.dir/C_/Users/Owner/Downloads/pico-sdk/src/rp2_common/pico_standard_link/binary_info.c.obj
 .rodata.__bi_44
                0x10008680        0xc CMakeFiles/test.dir/C_/Users/Owner/Downloads/pico-sdk/src/rp2_common/pico_standard_link/binary_info.c.obj
 .rodata.crlf_str.3
                0x1000868c        0x2 CMakeFiles/test.dir/C_/Users/Owner/Downloads/pico-sdk/src/rp2_common/pico_stdio/stdio.c.obj
 *fill*         0x1000868e        0x2 
 .rodata.str1.4
                0x10008690       0x2c CMakeFiles/test.dir/C_/Users/Owner/Downloads/pico-sdk/src/rp2_common/pico_stdio_uart/stdio_uart.c.obj
 .rodata.__bi_28.4
                0x100086bc        0xc CMakeFiles/test.dir/C_/Users/Owner/Downloads/pico-sdk/src/rp2_common/pico_stdio_uart/stdio_uart.c.obj
 .rodata.__bi_29.5
                0x100086c8        0x8 CMakeFiles/test.dir/C_/Users/Owner/Downloads/pico-sdk/src/rp2_common/pico_stdio_uart/stdio_uart.c.obj
 .rodata._resetd_driver
                0x100086d0       0x18 CMakeFiles/test.dir/C_/Users/Owner/Downloads/pico-sdk/src/rp2_common/pico_stdio_usb/reset_interface.c.obj
 .rodata.update_us_since_boot.str1.4
                0x100086e8       0x68 CMakeFiles/test.dir/C_/Users/Owner/Downloads/pico-sdk/src/rp2_common/pico_stdio_usb/stdio_usb.c.obj
 .rodata.timer_task.str1.4
                0x100086e8       0x74 CMakeFiles/test.dir/C_/Users/Owner/Downloads/pico-sdk/src/rp2_common/pico_stdio_usb/stdio_usb.c.obj
 .rodata.__func__.0
                0x1000875c       0x15 CMakeFiles/test.dir/C_/Users/Owner/Downloads/pico-sdk/src/rp2_common/pico_stdio_usb/stdio_usb.c.obj
 *fill*         0x10008771        0x3 
 .rodata.__func__.1
                0x10008774        0xb CMakeFiles/test.dir/C_/Users/Owner/Downloads/pico-sdk/src/rp2_common/pico_stdio_usb/stdio_usb.c.obj
 *fill*         0x1000877f        0x1 
 .rodata.str1.4
                0x10008780       0x13 CMakeFiles/test.dir/C_/Users/Owner/Downloads/pico-sdk/src/rp2_common/pico_stdio_usb/stdio_usb.c.obj
 *fill*         0x10008793        0x1 
 .rodata.__bi_118.2
                0x10008794        0xc CMakeFiles/test.dir/C_/Users/Owner/Downloads/pico-sdk/src/rp2_common/pico_stdio_usb/stdio_usb.c.obj
 .rodata.str1.4
                0x100087a0       0x2a CMakeFiles/test.dir/C_/Users/Owner/Downloads/pico-sdk/src/rp2_common/pico_stdio_usb/stdio_usb_descriptors.c.obj
 *fill*         0x100087ca        0x2 
 .rodata.usbd_desc_str
                0x100087cc       0x18 CMakeFiles/test.dir/C_/Users/Owner/Downloads/pico-sdk/src/rp2_common/pico_stdio_usb/stdio_usb_descriptors.c.obj
 .rodata.usbd_desc_cfg
                0x100087e4       0x54 CMakeFiles/test.dir/C_/Users/Owner/Downloads/pico-sdk/src/rp2_common/pico_stdio_usb/stdio_usb_descriptors.c.obj
 .rodata.usbd_desc_device
                0x10008838       0x12 CMakeFiles/test.dir/C_/Users/Owner/Downloads/pico-sdk/src/rp2_common/pico_stdio_usb/stdio_usb_descriptors.c.obj
 *fill*         0x1000884a        0x2 
 .rodata._hw_endpoint_alloc.str1.4
                0x1000884c       0xbd CMakeFiles/test.dir/C_/Users/Owner/Downloads/pico-sdk/lib/tinyusb/src/portable/raspberrypi/rp2040/dcd_rp2040.c.obj
 *fill*         0x10008909        0x3 
 .rodata.dcd_rp2040_irq.str1.4
                0x1000890c       0x14 CMakeFiles/test.dir/C_/Users/Owner/Downloads/pico-sdk/lib/tinyusb/src/portable/raspberrypi/rp2040/dcd_rp2040.c.obj
 .rodata.dcd_int_enable.str1.4
                0x10008920        0xc CMakeFiles/test.dir/C_/Users/Owner/Downloads/pico-sdk/lib/tinyusb/src/portable/raspberrypi/rp2040/dcd_rp2040.c.obj
 .rodata.__func__.0
                0x1000892c        0xe CMakeFiles/test.dir/C_/Users/Owner/Downloads/pico-sdk/lib/tinyusb/src/portable/raspberrypi/rp2040/dcd_rp2040.c.obj
 *fill*         0x1000893a        0x2 
 .rodata.__func__.1
                0x1000893c        0xe CMakeFiles/test.dir/C_/Users/Owner/Downloads/pico-sdk/lib/tinyusb/src/portable/raspberrypi/rp2040/dcd_rp2040.c.obj
 *fill*         0x1000894a        0x2 
 .rodata.__func__.3
                0x1000894c       0x10 CMakeFiles/test.dir/C_/Users/Owner/Downloads/pico-sdk/lib/tinyusb/src/portable/raspberrypi/rp2040/dcd_rp2040.c.obj
 .rodata.__func__.5
                0x1000895c        0xf CMakeFiles/test.dir/C_/Users/Owner/Downloads/pico-sdk/lib/tinyusb/src/portable/raspberrypi/rp2040/dcd_rp2040.c.obj
 *fill*         0x1000896b        0x1 
 .rodata.__func__.6
                0x1000896c       0x13 CMakeFiles/test.dir/C_/Users/Owner/Downloads/pico-sdk/lib/tinyusb/src/portable/raspberrypi/rp2040/dcd_rp2040.c.obj
 *fill*         0x1000897f        0x1 
 .rodata.__func__.7
                0x10008980        0x9 CMakeFiles/test.dir/C_/Users/Owner/Downloads/pico-sdk/lib/tinyusb/src/portable/raspberrypi/rp2040/dcd_rp2040.c.obj
 *fill*         0x10008989        0x3 
 .rodata.sync_ep_buffer.str1.4
                0x1000898c       0x99 CMakeFiles/test.dir/C_/Users/Owner/Downloads/pico-sdk/lib/tinyusb/src/portable/raspberrypi/rp2040/rp2040_usb.c.obj
 *fill*         0x10008a25        0x3 
 .rodata._hw_endpoint_buffer_control_update32.str1.4
                0x10008a28       0x1f CMakeFiles/test.dir/C_/Users/Owner/Downloads/pico-sdk/lib/tinyusb/src/portable/raspberrypi/rp2040/rp2040_usb.c.obj
 *fill*         0x10008a47        0x1 
 .rodata.hw_endpoint_xfer_start.str1.4
                0x10008a48       0x38 CMakeFiles/test.dir/C_/Users/Owner/Downloads/pico-sdk/lib/tinyusb/src/portable/raspberrypi/rp2040/rp2040_usb.c.obj
 .rodata.hw_endpoint_xfer_continue.str1.4
                0x10008a80       0x29 CMakeFiles/test.dir/C_/Users/Owner/Downloads/pico-sdk/lib/tinyusb/src/portable/raspberrypi/rp2040/rp2040_usb.c.obj
 *fill*         0x10008aa9        0x3 
 .rodata.__func__.0
                0x10008aac        0xf CMakeFiles/test.dir/C_/Users/Owner/Downloads/pico-sdk/lib/tinyusb/src/portable/raspberrypi/rp2040/rp2040_usb.c.obj
 .rodata.str1.4
                0x10008abb       0x29 CMakeFiles/test.dir/C_/Users/Owner/Downloads/pico-sdk/lib/tinyusb/src/portable/raspberrypi/rp2040/rp2040_usb.c.obj
                                  0x7 (size before relaxing)
 *fill*         0x10008abb        0x1 
 .rodata.process_set_config.str1.4
                0x10008abc       0x17 CMakeFiles/test.dir/C_/Users/Owner/Downloads/pico-sdk/lib/tinyusb/src/device/usbd.c.obj
 *fill*         0x10008ad3        0x1 
 .rodata.process_get_descriptor
                0x10008ad4       0x40 CMakeFiles/test.dir/C_/Users/Owner/Downloads/pico-sdk/lib/tinyusb/src/device/usbd.c.obj
 .rodata.process_control_request
                0x10008b14       0x28 CMakeFiles/test.dir/C_/Users/Owner/Downloads/pico-sdk/lib/tinyusb/src/device/usbd.c.obj
 .rodata.tud_task
                0x10008b3c       0x24 CMakeFiles/test.dir/C_/Users/Owner/Downloads/pico-sdk/lib/tinyusb/src/device/usbd.c.obj
 .rodata.__func__.2
                0x10008b60        0xf CMakeFiles/test.dir/C_/Users/Owner/Downloads/pico-sdk/lib/tinyusb/src/device/usbd.c.obj
 *fill*         0x10008b6f        0x1 
 .rodata.__func__.3
                0x10008b70        0xf CMakeFiles/test.dir/C_/Users/Owner/Downloads/pico-sdk/lib/tinyusb/src/device/usbd.c.obj
 *fill*         0x10008b7f        0x1 
 .rodata.__func__.4
                0x10008b80       0x14 CMakeFiles/test.dir/C_/Users/Owner/Downloads/pico-sdk/lib/tinyusb/src/device/usbd.c.obj
 .rodata.__func__.5
                0x10008b94       0x10 CMakeFiles/test.dir/C_/Users/Owner/Downloads/pico-sdk/lib/tinyusb/src/device/usbd.c.obj
 .rodata.__func__.6
                0x10008ba4       0x17 CMakeFiles/test.dir/C_/Users/Owner/Downloads/pico-sdk/lib/tinyusb/src/device/usbd.c.obj
 *fill*         0x10008bbb        0x1 
 .rodata.__func__.7
                0x10008bbc       0x13 CMakeFiles/test.dir/C_/Users/Owner/Downloads/pico-sdk/lib/tinyusb/src/device/usbd.c.obj
 *fill*         0x10008bcf        0x1 
 .rodata.__func__.8
                0x10008bd0       0x18 CMakeFiles/test.dir/C_/Users/Owner/Downloads/pico-sdk/lib/tinyusb/src/device/usbd.c.obj
 .rodata.__func__.9
                0x10008be8        0x9 CMakeFiles/test.dir/C_/Users/Owner/Downloads/pico-sdk/lib/tinyusb/src/device/usbd.c.obj
 *fill*         0x10008bf1        0x3 
 .rodata._usbd_driver
                0x10008bf4       0x18 CMakeFiles/test.dir/C_/Users/Owner/Downloads/pico-sdk/lib/tinyusb/src/device/usbd.c.obj
 .rodata.tud_control_xfer.str1.4
                0x10008c0c       0x17 CMakeFiles/test.dir/C_/Users/Owner/Downloads/pico-sdk/lib/tinyusb/src/device/usbd_control.c.obj
 .rodata.__func__.0
                0x10008c0c       0x15 CMakeFiles/test.dir/C_/Users/Owner/Downloads/pico-sdk/lib/tinyusb/src/device/usbd_control.c.obj
 *fill*         0x10008c21        0x3 
 .rodata.__func__.1
                0x10008c24       0x11 CMakeFiles/test.dir/C_/Users/Owner/Downloads/pico-sdk/lib/tinyusb/src/device/usbd_control.c.obj
 .rodata.tud_cdc_n_write_flush.str1.4
                0x10008c35       0x17 CMakeFiles/test.dir/C_/Users/Owner/Downloads/pico-sdk/lib/tinyusb/src/class/cdc/cdc_device.c.obj
 *fill*         0x10008c35        0x3 
 .rodata.__func__.0
                0x10008c38        0xd CMakeFiles/test.dir/C_/Users/Owner/Downloads/pico-sdk/lib/tinyusb/src/class/cdc/cdc_device.c.obj
 *fill*         0x10008c45        0x3 
 .rodata.__func__.1
                0x10008c48        0xa CMakeFiles/test.dir/C_/Users/Owner/Downloads/pico-sdk/lib/tinyusb/src/class/cdc/cdc_device.c.obj
 *fill*         0x10008c52        0x2 
 .rodata.__func__.2
                0x10008c54       0x16 CMakeFiles/test.dir/C_/Users/Owner/Downloads/pico-sdk/lib/tinyusb/src/class/cdc/cdc_device.c.obj
 .rodata.tusb_init.str1.4
                0x10008c6a       0x17 CMakeFiles/test.dir/C_/Users/Owner/Downloads/pico-sdk/lib/tinyusb/src/tusb.c.obj
 *fill*         0x10008c6a        0x2 
 .rodata.__func__.0
                0x10008c6c       0x11 CMakeFiles/test.dir/C_/Users/Owner/Downloads/pico-sdk/lib/tinyusb/src/tusb.c.obj
 *fill*         0x10008c7d        0x3 
 .rodata.__func__.1
                0x10008c80        0xa CMakeFiles/test.dir/C_/Users/Owner/Downloads/pico-sdk/lib/tinyusb/src/tusb.c.obj
 *fill*         0x10008c8a        0x2 
 .rodata.pico_get_unique_board_id_string.str1.4
                0x10008c8c       0x54 CMakeFiles/test.dir/C_/Users/Owner/Downloads/pico-sdk/src/rp2_common/pico_unique_id/unique_id.c.obj
 .rodata.__func__.0
                0x10008ce0       0x20 CMakeFiles/test.dir/C_/Users/Owner/Downloads/pico-sdk/src/rp2_common/pico_unique_id/unique_id.c.obj
 .rodata.str1.4
                0x10008d00      0x15e CMakeFiles/test.dir/C_/Users/Owner/Downloads/pico-sdk/src/rp2_common/hardware_flash/flash.c.obj
 *fill*         0x10008e5e        0x2 
 .rodata.__func__.0
                0x10008e60        0xd CMakeFiles/test.dir/C_/Users/Owner/Downloads/pico-sdk/src/rp2_common/hardware_flash/flash.c.obj
                0x10008e70                        . = ALIGN (0x4)
 *fill*         0x10008e6d        0x3 
 *(SORT_BY_ALIGNMENT(SORT_BY_NAME(.flashdata*)))
                0x10008e70                        . = ALIGN (0x4)

.rel.dyn        0x10008e70        0x0
 .rel.iplt      0x10008e70        0x0 c:/progra~2/armgnu~1/1213fb~1.2mp/bin/../lib/gcc/arm-none-eabi/12.2.0/thumb/v6-m/nofp/crtbegin.o

.ARM.extab
 *(.ARM.extab* .gnu.linkonce.armextab.*)
                0x10008e70                        __exidx_start = .

.ARM.exidx
 *(.ARM.exidx* .gnu.linkonce.armexidx.*)
                0x10008e70                        __exidx_end = .
                0x10008e70                        . = ALIGN (0x4)
                0x10008e70                        __binary_info_start = .

.binary_info    0x10008e70       0x28
 *(.binary_info.keep.*)
 .binary_info.keep.__bi_ptr81
                0x10008e70        0x4 CMakeFiles/test.dir/C_/Users/Owner/Downloads/pico-sdk/src/rp2_common/pico_standard_link/binary_info.c.obj
 .binary_info.keep.__bi_ptr75
                0x10008e74        0x4 CMakeFiles/test.dir/C_/Users/Owner/Downloads/pico-sdk/src/rp2_common/pico_standard_link/binary_info.c.obj
 .binary_info.keep.__bi_ptr50
                0x10008e78        0x4 CMakeFiles/test.dir/C_/Users/Owner/Downloads/pico-sdk/src/rp2_common/pico_standard_link/binary_info.c.obj
 .binary_info.keep.__bi_ptr44
                0x10008e7c        0x4 CMakeFiles/test.dir/C_/Users/Owner/Downloads/pico-sdk/src/rp2_common/pico_standard_link/binary_info.c.obj
 .binary_info.keep.__bi_ptr38
                0x10008e80        0x4 CMakeFiles/test.dir/C_/Users/Owner/Downloads/pico-sdk/src/rp2_common/pico_standard_link/binary_info.c.obj
 .binary_info.keep.__bi_ptr30
                0x10008e84        0x4 CMakeFiles/test.dir/C_/Users/Owner/Downloads/pico-sdk/src/rp2_common/pico_standard_link/binary_info.c.obj
 .binary_info.keep.__bi_ptr22
                0x10008e88        0x4 CMakeFiles/test.dir/C_/Users/Owner/Downloads/pico-sdk/src/rp2_common/pico_standard_link/binary_info.c.obj
 *(.binary_info.*)
 .binary_info.__bi_ptr29
                0x10008e8c        0x4 CMakeFiles/test.dir/C_/Users/Owner/Downloads/pico-sdk/src/rp2_common/pico_stdio_uart/stdio_uart.c.obj
 .binary_info.__bi_ptr28
                0x10008e90        0x4 CMakeFiles/test.dir/C_/Users/Owner/Downloads/pico-sdk/src/rp2_common/pico_stdio_uart/stdio_uart.c.obj
 .binary_info.__bi_ptr118
                0x10008e94        0x4 CMakeFiles/test.dir/C_/Users/Owner/Downloads/pico-sdk/src/rp2_common/pico_stdio_usb/stdio_usb.c.obj
                0x10008e98                        __binary_info_end = .
                0x10008e98                        . = ALIGN (0x4)
                0x10008e98                        __etext = .

.ram_vector_table