Archive member included to satisfy reference by file (symbol)

c:/progra~2/armgnu~1/1213fb~1.2mp/bin/../lib/gcc/arm-none-eabi/12.2.0/thumb/v6-m/nofp\libgcc.a(_dvmd_tls.o)
                              CMakeFiles/test.dir/C_/Users/Owner/Desktop/Senior_Design_Code/pico-sdk/src/rp2_common/pico_divider/divider.S.obj (__aeabi_idiv0)
c:/progra~2/armgnu~1/1213fb~1.2mp/bin/../lib/gcc/arm-none-eabi/12.2.0/thumb/v6-m/nofp\libg.a(libc_a-calloc.o)
                              CMakeFiles/test.dir/C_/Users/Owner/Desktop/Senior_Design_Code/pico-sdk/src/rp2_common/pico_malloc/pico_malloc.c.obj (calloc)
c:/progra~2/armgnu~1/1213fb~1.2mp/bin/../lib/gcc/arm-none-eabi/12.2.0/thumb/v6-m/nofp\libg.a(libc_a-callocr.o)
                              c:/progra~2/armgnu~1/1213fb~1.2mp/bin/../lib/gcc/arm-none-eabi/12.2.0/thumb/v6-m/nofp\libg.a(libc_a-calloc.o) (_calloc_r)
c:/progra~2/armgnu~1/1213fb~1.2mp/bin/../lib/gcc/arm-none-eabi/12.2.0/thumb/v6-m/nofp\libg.a(libc_a-malloc.o)
                              CMakeFiles/test.dir/C_/Users/Owner/Desktop/Senior_Design_Code/pico-sdk/src/rp2_common/pico_malloc/pico_malloc.c.obj (malloc)
c:/progra~2/armgnu~1/1213fb~1.2mp/bin/../lib/gcc/arm-none-eabi/12.2.0/thumb/v6-m/nofp\libg.a(libc_a-mallocr.o)
                              c:/progra~2/armgnu~1/1213fb~1.2mp/bin/../lib/gcc/arm-none-eabi/12.2.0/thumb/v6-m/nofp\libg.a(libc_a-callocr.o) (_malloc_r)
c:/progra~2/armgnu~1/1213fb~1.2mp/bin/../lib/gcc/arm-none-eabi/12.2.0/thumb/v6-m/nofp\libg.a(libc_a-mlock.o)
                              c:/progra~2/armgnu~1/1213fb~1.2mp/bin/../lib/gcc/arm-none-eabi/12.2.0/thumb/v6-m/nofp\libg.a(libc_a-mallocr.o) (__malloc_lock)
c:/progra~2/armgnu~1/1213fb~1.2mp/bin/../lib/gcc/arm-none-eabi/12.2.0/thumb/v6-m/nofp\libg.a(libc_a-realloc.o)
                              CMakeFiles/test.dir/C_/Users/Owner/Desktop/Senior_Design_Code/pico-sdk/src/rp2_common/pico_malloc/pico_malloc.c.obj (realloc)
c:/progra~2/armgnu~1/1213fb~1.2mp/bin/../lib/gcc/arm-none-eabi/12.2.0/thumb/v6-m/nofp\libg.a(libc_a-reallocr.o)
                              c:/progra~2/armgnu~1/1213fb~1.2mp/bin/../lib/gcc/arm-none-eabi/12.2.0/thumb/v6-m/nofp\libg.a(libc_a-realloc.o) (_realloc_r)
c:/progra~2/armgnu~1/1213fb~1.2mp/bin/../lib/gcc/arm-none-eabi/12.2.0/thumb/v6-m/nofp\libg.a(libc_a-ctype_.o)
                              CMakeFiles/test.dir/C_/Users/Owner/Desktop/Senior_Design_Code/pico-sdk/lib/tinyusb/src/tusb.c.obj (_ctype_)
c:/progra~2/armgnu~1/1213fb~1.2mp/bin/../lib/gcc/arm-none-eabi/12.2.0/thumb/v6-m/nofp\libg.a(libc_a-memmove.o)
                              c:/progra~2/armgnu~1/1213fb~1.2mp/bin/../lib/gcc/arm-none-eabi/12.2.0/thumb/v6-m/nofp\libg.a(libc_a-reallocr.o) (memmove)
c:/progra~2/armgnu~1/1213fb~1.2mp/bin/../lib/gcc/arm-none-eabi/12.2.0/thumb/v6-m/nofp\libg.a(libc_a-impure.o)
                              c:/progra~2/armgnu~1/1213fb~1.2mp/bin/../lib/gcc/arm-none-eabi/12.2.0/thumb/v6-m/nofp\libg.a(libc_a-calloc.o) (_impure_ptr)
c:/progra~2/armgnu~1/1213fb~1.2mp/bin/../lib/gcc/arm-none-eabi/12.2.0/thumb/v6-m/nofp\libg.a(libc_a-sbrkr.o)
                              c:/progra~2/armgnu~1/1213fb~1.2mp/bin/../lib/gcc/arm-none-eabi/12.2.0/thumb/v6-m/nofp\libg.a(libc_a-mallocr.o) (_sbrk_r)
c:/progra~2/armgnu~1/1213fb~1.2mp/bin/../lib/gcc/arm-none-eabi/12.2.0/thumb/v6-m/nofp\libg.a(libc_a-errno.o)
                              c:/progra~2/armgnu~1/1213fb~1.2mp/bin/../lib/gcc/arm-none-eabi/12.2.0/thumb/v6-m/nofp\libg.a(libc_a-callocr.o) (__errno)
c:/progra~2/armgnu~1/1213fb~1.2mp/bin/../lib/gcc/arm-none-eabi/12.2.0/thumb/v6-m/nofp\libg.a(libc_a-init.o)
                              c:/progra~2/armgnu~1/1213fb~1.2mp/bin/../lib/gcc/arm-none-eabi/12.2.0/thumb/v6-m/nofp/crt0.o (__libc_init_array)
c:/progra~2/armgnu~1/1213fb~1.2mp/bin/../lib/gcc/arm-none-eabi/12.2.0/thumb/v6-m/nofp\libg.a(libc_a-lock.o)
                              c:/progra~2/armgnu~1/1213fb~1.2mp/bin/../lib/gcc/arm-none-eabi/12.2.0/thumb/v6-m/nofp\libg.a(libc_a-mlock.o) (__retarget_lock_acquire_recursive)
c:/progra~2/armgnu~1/1213fb~1.2mp/bin/../lib/gcc/arm-none-eabi/12.2.0/thumb/v6-m/nofp\libg.a(libc_a-strlen-stub.o)
                              CMakeFiles/test.dir/C_/Users/Owner/Desktop/Senior_Design_Code/pico-sdk/src/rp2_common/pico_stdio/stdio.c.obj (strlen)
c:/progra~2/armgnu~1/1213fb~1.2mp/bin/../lib/gcc/arm-none-eabi/12.2.0/thumb/v6-m/nofp\libg.a(libc_a-freer.o)
                              c:/progra~2/armgnu~1/1213fb~1.2mp/bin/../lib/gcc/arm-none-eabi/12.2.0/thumb/v6-m/nofp\libg.a(libc_a-malloc.o) (_free_r)
c:/progra~2/armgnu~1/1213fb~1.2mp/bin/../lib/gcc/arm-none-eabi/12.2.0/thumb/v6-m/nofp\libg.a(libc_a-findfp.o)
                              c:/progra~2/armgnu~1/1213fb~1.2mp/bin/../lib/gcc/arm-none-eabi/12.2.0/thumb/v6-m/nofp\libg.a(libc_a-impure.o) (__sf)
c:/progra~2/armgnu~1/1213fb~1.2mp/bin/../lib/gcc/arm-none-eabi/12.2.0/thumb/v6-m/nofp\libg.a(libc_a-fwalk.o)
[...]
Memory Configuration

Name             Origin             Length             Attributes
FLASH            0x10000000         0x00200000         xr
RAM              0x20000000         0x00040000         xrw
SCRATCH_X        0x20040000         0x00001000         xrw
SCRATCH_Y        0x20041000         0x00001000         xrw
*default*        0x00000000         0xffffffff

Linker script and memory map

LOAD c:/progra~2/armgnu~1/1213fb~1.2mp/bin/../lib/gcc/arm-none-eabi/12.2.0/thumb/v6-m/nofp/crti.o
LOAD c:/progra~2/armgnu~1/1213fb~1.2mp/bin/../lib/gcc/arm-none-eabi/12.2.0/thumb/v6-m/nofp/crtbegin.o
LOAD c:/progra~2/armgnu~1/1213fb~1.2mp/bin/../lib/gcc/arm-none-eabi/12.2.0/thumb/v6-m/nofp/crt0.o

.flash_begin    0x10000000        0x0
                0x10000000                        __flash_binary_start = .

.boot2          0x10000000      0x100
                0x10000000                        __boot2_start__ = .
 *(.boot2)
 .boot2         0x10000000      0x100 C:\Users\Owner\AppData\Local\Temp\cc2VP1I5.o
                0x10000100                        __boot2_end__ = .
                0x00000001                        ASSERT (((__boot2_end__ - __boot2_start__) == 0x100), ERROR: Pico second stage bootloader must be 256 bytes in size)

.text           0x10000100     0x7578
                0x10000100                        __logical_binary_start = .
 *(.vectors)
 .vectors       0x10000100       0xd4 CMakeFiles/test.dir/C_/Users/Owner/Desktop/Senior_Design_Code/pico-sdk/src/rp2_common/pico_standard_link/crt0.S.obj
                0x10000100                __VECTOR_TABLE
                0x10000100                __vectors
                0x100001c0                isr_invalid
                0x100001c0                __default_isrs_start
                0x100001c2                isr_nmi
                0x100001c4                isr_hardfault
                0x100001c6                isr_svcall
                0x100001c8                isr_pendsv
                0x100001ca                isr_systick
                0x100001cc                isr_irq23
                0x100001cc                isr_irq18
                0x100001cc                isr_irq11
                0x100001cc                isr_irq28
                0x100001cc                isr_irq19
                0x100001cc                isr_irq0
                0x100001cc                isr_irq6
                0x100001cc                isr_irq5
                0x100001cc                isr_irq12
                0x100001cc                isr_irq22
                0x100001cc                isr_irq31
                0x100001cc                isr_irq17
                0x100001cc                isr_irq27
                0x100001cc                isr_irq30
                0x100001cc                isr_irq2
                0x100001cc                isr_irq10
                0x100001cc                isr_irq8
                0x100001cc                isr_irq24
                0x100001cc                isr_irq1
                0x100001cc                isr_irq7
                0x100001cc                isr_irq21
                0x100001cc                isr_irq20
                0x100001cc                isr_irq15
                0x100001cc                isr_irq25
                0x100001cc                isr_irq13
                0x100001cc                __unhandled_user_irq
                0x100001cc                isr_irq4
                0x100001cc                isr_irq16
                0x100001cc                isr_irq29
                0x100001cc                isr_irq26
                0x100001cc                __default_isrs_end
                0x100001cc                isr_irq3
                0x100001cc                isr_irq14
                0x100001cc                isr_irq9
                0x100001d2                unhandled_user_irq_num_in_r0
 *(.binary_info_header)
 .binary_info_header
                0x100001d4       0x14 CMakeFiles/test.dir/C_/Users/Owner/Desktop/Senior_Design_Code/pico-sdk/src/rp2_common/pico_standard_link/crt0.S.obj
                0x100001e8                        __binary_info_header_end = .
 *(.reset)
 .reset         0x100001e8       0xa8 CMakeFiles/test.dir/C_/Users/Owner/Desktop/Senior_Design_Code/pico-sdk/src/rp2_common/pico_standard_link/crt0.S.obj
                0x100001e8                _entry_point
                0x10000266                __get_current_exception
 .reset         0x10000290       0x30 CMakeFiles/test.dir/C_/Users/Owner/Desktop/Senior_Design_Code/pico-sdk/src/rp2_common/pico_standard_link/binary_info.c.obj
 *(.init)
 .init          0x100002c0        0x4 c:/progra~2/armgnu~1/1213fb~1.2mp/bin/../lib/gcc/arm-none-eabi/12.2.0/thumb/v6-m/nofp/crti.o
                0x100002c0                _init
 *(EXCLUDE_FILE(*libm.a: *libc.a:*lib_a-mem*.o *libgcc.a:) .text*)
 .text.register_tm_clones
                0x100002c4       0x28 c:/progra~2/armgnu~1/1213fb~1.2mp/bin/../lib/gcc/arm-none-eabi/12.2.0/thumb/v6-m/nofp/crtbegin.o
 .text.frame_dummy
                0x100002ec       0x24 c:/progra~2/armgnu~1/1213fb~1.2mp/bin/../lib/gcc/arm-none-eabi/12.2.0/thumb/v6-m/nofp/crtbegin.o
 .text.ExampleWesSetupRequestCallback
                0x10000310        0x2 CMakeFiles/test.dir/test.c.obj
                0x10000310                ExampleWesSetupRequestCallback
 .text.ExampleWesStatusCallback
                0x10000312        0x2 CMakeFiles/test.dir/test.c.obj
                0x10000312                ExampleWesStatusCallback
 .text.ExampleHostAckCallback
                0x10000314       0x10 CMakeFiles/test.dir/test.c.obj
                0x10000314                ExampleHostAckCallback
 .text.ExampleHostNAckCallback
                0x10000324       0x10 CMakeFiles/test.dir/test.c.obj
                0x10000324                ExampleHostNAckCallback
 .text.ExampleHostDataCallback
                0x10000334       0x20 CMakeFiles/test.dir/test.c.obj
                0x10000334                ExampleHostDataCallback
 .text.ExampleHostDataHapaCallback
                0x10000354       0x38 CMakeFiles/test.dir/test.c.obj
                0x10000354                ExampleHostDataHapaCallback
 .text.adc_gpio_init
                0x1000038c       0x1e CMakeFiles/test.dir/test.c.obj
 *fill*         0x100003aa        0x2 
 .text.ExampleReadCallback
                0x100003ac       0x34 CMakeFiles/test.dir/test.c.obj
                0x100003ac                ExampleReadCallback
 .text.picoSetup
                0x100003e0       0x94 CMakeFiles/test.dir/test.c.obj
                0x100003e0                picoSetup
 .text.getADCdata
                0x10000474       0x6c CMakeFiles/test.dir/test.c.obj
                0x10000474                getADCdata
 .text.emptyAckMsg
                0x100004e0       0x18 CMakeFiles/test.dir/test.c.obj
                0x100004e0                emptyAckMsg
 .text.NcApiSupportTxData
                0x100004f8       0x40 CMakeFiles/test.dir/test.c.obj
                0x100004f8                NcApiSupportTxData
 .text.ExampleSetupNcApi
                0x10000538       0x64 CMakeFiles/test.dir/test.c.obj
                0x10000538                ExampleSetupNcApi
 .text.main     0x1000059c       0xb8 CMakeFiles/test.dir/test.c.obj
                0x1000059c                main
 .text.gpio_set_function
                0x10000654       0x30 CMakeFiles/test.dir/C_/Users/Owner/Desktop/Senior_Design_Code/pico-sdk/src/rp2_common/hardware_gpio/gpio.c.obj
                0x10000654                gpio_set_function
 .text.gpio_set_pulls
                0x10000684       0x34 CMakeFiles/test.dir/C_/Users/Owner/Desktop/Senior_Design_Code/pico-sdk/src/rp2_common/hardware_gpio/gpio.c.obj
                0x10000684                gpio_set_pulls
 .text.gpio_set_input_enabled
                0x100006b8       0x30 CMakeFiles/test.dir/C_/Users/Owner/Desktop/Senior_Design_Code/pico-sdk/src/rp2_common/hardware_gpio/gpio.c.obj
                0x100006b8                gpio_set_input_enabled
 .text.hw_claim_lock
                0x100006e8       0x18 CMakeFiles/test.dir/C_/Users/Owner/Desktop/Senior_Design_Code/pico-sdk/src/rp2_common/hardware_claim/claim.c.obj
                0x100006e8                hw_claim_lock
 .text.hw_claim_unlock
                0x10000700       0x14 CMakeFiles/test.dir/C_/Users/Owner/Desktop/Senior_Design_Code/pico-sdk/src/rp2_common/hardware_claim/claim.c.obj
                0x10000700                hw_claim_unlock
 .text.hw_claim_or_assert
                0x10000714       0x32 CMakeFiles/test.dir/C_/Users/Owner/Desktop/Senior_Design_Code/pico-sdk/src/rp2_common/hardware_claim/claim.c.obj
                0x10000714                hw_claim_or_assert
 .text.hw_claim_unused_from_range
                0x10000746       0x50 CMakeFiles/test.dir/C_/Users/Owner/Desktop/Senior_Design_Code/pico-sdk/src/rp2_common/hardware_claim/claim.c.obj
                0x10000746                hw_claim_unused_from_range
 *fill*         0x10000796        0x2 
 .text.running_on_fpga
                0x10000798       0x14 CMakeFiles/test.dir/C_/Users/Owner/Desktop/Senior_Design_Code/pico-sdk/src/rp2_common/pico_platform/platform.c.obj
                0x10000798                running_on_fpga
 .text.spin_locks_reset
                0x100007ac       0x20 CMakeFiles/test.dir/C_/Users/Owner/Desktop/Senior_Design_Code/pico-sdk/src/rp2_common/hardware_sync/sync.c.obj
                0x100007ac                spin_locks_reset
 .text.next_striped_spin_lock_num
                0x100007cc       0x1c CMakeFiles/test.dir/C_/Users/Owner/Desktop/Senior_Design_Code/pico-sdk/src/rp2_common/hardware_sync/sync.c.obj
                0x100007cc                next_striped_spin_lock_num
 .text.spin_lock_claim_unused
                0x100007e8       0x24 CMakeFiles/test.dir/C_/Users/Owner/Desktop/Senior_Design_Code/pico-sdk/src/rp2_common/hardware_sync/sync.c.obj
                0x100007e8                spin_lock_claim_unused
 .text.set_raw_irq_handler_and_unlock
                0x1000080c       0x28 CMakeFiles/test.dir/C_/Users/Owner/Desktop/Senior_Design_Code/pico-sdk/src/rp2_common/hardware_irq/irq.c.obj
 .text.resolve_branch
                0x10000834       0x30 CMakeFiles/test.dir/C_/Users/Owner/Desktop/Senior_Design_Code/pico-sdk/src/rp2_common/hardware_irq/irq.c.obj
 .text.make_branch
                0x10000864       0x48 CMakeFiles/test.dir/C_/Users/Owner/Desktop/Senior_Design_Code/pico-sdk/src/rp2_common/hardware_irq/irq.c.obj
 .text.insert_branch_and_link
                0x100008ac       0x40 CMakeFiles/test.dir/C_/Users/Owner/Desktop/Senior_Design_Code/pico-sdk/src/rp2_common/hardware_irq/irq.c.obj
 .text.irq_is_enabled
                0x100008ec       0x18 CMakeFiles/test.dir/C_/Users/Owner/Desktop/Senior_Design_Code/pico-sdk/src/rp2_common/hardware_irq/irq.c.obj
                0x100008ec                irq_is_enabled
 .text.irq_set_mask_enabled
                0x10000904       0x20 CMakeFiles/test.dir/C_/Users/Owner/Desktop/Senior_Design_Code/pico-sdk/src/rp2_common/hardware_irq/irq.c.obj
                0x10000904                irq_set_mask_enabled
 .text.irq_set_enabled
                0x10000924        0xe CMakeFiles/test.dir/C_/Users/Owner/Desktop/Senior_Design_Code/pico-sdk/src/rp2_common/hardware_irq/irq.c.obj
                0x10000924                irq_set_enabled
 *fill*         0x10000932        0x2 
 .text.irq_set_pending
                0x10000934       0x10 CMakeFiles/test.dir/C_/Users/Owner/Desktop/Senior_Design_Code/pico-sdk/src/rp2_common/hardware_irq/irq.c.obj
                0x10000934                irq_set_pending
 .text.irq_get_vtable_handler
                0x10000944       0x10 CMakeFiles/test.dir/C_/Users/Owner/Desktop/Senior_Design_Code/pico-sdk/src/rp2_common/hardware_irq/irq.c.obj
                0x10000944                irq_get_vtable_handler
 .text.irq_has_shared_handler
                0x10000954       0x24 CMakeFiles/test.dir/C_/Users/Owner/Desktop/Senior_Design_Code/pico-sdk/src/rp2_common/hardware_irq/irq.c.obj
                0x10000954                irq_has_shared_handler
 .text.irq_set_exclusive_handler
                0x10000978       0x54 CMakeFiles/test.dir/C_/Users/Owner/Desktop/Senior_Design_Code/pico-sdk/src/rp2_common/hardware_irq/irq.c.obj
                0x10000978                irq_set_exclusive_handler
 .text.irq_add_shared_handler
                0x100009cc      0x210 CMakeFiles/test.dir/C_/Users/Owner/Desktop/Senior_Design_Code/pico-sdk/src/rp2_common/hardware_irq/irq.c.obj
                0x100009cc                irq_add_shared_handler
 .text.irq_remove_handler
                0x10000bdc      0x188 CMakeFiles/test.dir/C_/Users/Owner/Desktop/Senior_Design_Code/pico-sdk/src/rp2_common/hardware_irq/irq.c.obj
                0x10000bdc                irq_remove_handler
 .text.irq_add_tail_to_free_list
                0x10000d64       0xf0 CMakeFiles/test.dir/C_/Users/Owner/Desktop/Senior_Design_Code/pico-sdk/src/rp2_common/hardware_irq/irq.c.obj
                0x10000d64                irq_add_tail_to_free_list
 .text.irq_init_priorities
                0x10000e54       0x1c CMakeFiles/test.dir/C_/Users/Owner/Desktop/Senior_Design_Code/pico-sdk/src/rp2_common/hardware_irq/irq.c.obj
                0x10000e54                irq_init_priorities
 .text.user_irq_claim_unused
                0x10000e70       0x30 CMakeFiles/test.dir/C_/Users/Owner/Desktop/Senior_Design_Code/pico-sdk/src/rp2_common/hardware_irq/irq.c.obj
                0x10000e70                user_irq_claim_unused
 .text.lock_init
                0x10000ea0       0x10 CMakeFiles/test.dir/C_/Users/Owner/Desktop/Senior_Design_Code/pico-sdk/src/common/pico_sync/lock_core.c.obj
                0x10000ea0                lock_init
 .text.time_reached
                0x10000eb0       0x28 CMakeFiles/test.dir/C_/Users/Owner/Desktop/Senior_Design_Code/pico-sdk/src/common/pico_time/time.c.obj
 .text.get_entry
                0x10000ed8       0x38 CMakeFiles/test.dir/C_/Users/Owner/Desktop/Senior_Design_Code/pico-sdk/src/common/pico_time/time.c.obj
 .text.timer_pool_entry_comparator
                0x10000f10       0x2e CMakeFiles/test.dir/C_/Users/Owner/Desktop/Senior_Design_Code/pico-sdk/src/common/pico_time/time.c.obj
                0x10000f10                timer_pool_entry_comparator
 *fill*         0x10000f3e        0x2 
 .text.update_us_since_boot
                0x10000f40       0x24 CMakeFiles/test.dir/C_/Users/Owner/Desktop/Senior_Design_Code/pico-sdk/src/common/pico_time/time.c.obj
 .text.delayed_by_us
                0x10000f64       0x36 CMakeFiles/test.dir/C_/Users/Owner/Desktop/Senior_Design_Code/pico-sdk/src/common/pico_time/time.c.obj
 *fill*         0x10000f9a        0x2 
 .text.ph_get_node
                0x10000f9c       0x30 CMakeFiles/test.dir/C_/Users/Owner/Desktop/Senior_Design_Code/pico-sdk/src/common/pico_time/time.c.obj
 .text.ph_contains_node
                0x10000fcc       0x1e CMakeFiles/test.dir/C_/Users/Owner/Desktop/Senior_Design_Code/pico-sdk/src/common/pico_time/time.c.obj
 .text.ph_new_node
                0x10000fea       0x28 CMakeFiles/test.dir/C_/Users/Owner/Desktop/Senior_Design_Code/pico-sdk/src/common/pico_time/time.c.obj
 *fill*         0x10001012        0x2 
 .text.ph_add_child_node
                0x10001014       0x6c CMakeFiles/test.dir/C_/Users/Owner/Desktop/Senior_Design_Code/pico-sdk/src/common/pico_time/time.c.obj
 .text.ph_merge_nodes
                0x10001080       0x3e CMakeFiles/test.dir/C_/Users/Owner/Desktop/Senior_Design_Code/pico-sdk/src/common/pico_time/time.c.obj
 *fill*         0x100010be        0x2 
 .text.ph_insert_node
                0x100010c0       0x3c CMakeFiles/test.dir/C_/Users/Owner/Desktop/Senior_Design_Code/pico-sdk/src/common/pico_time/time.c.obj
 .text.ph_free_node
                0x100010fc       0x3c CMakeFiles/test.dir/C_/Users/Owner/Desktop/Senior_Design_Code/pico-sdk/src/common/pico_time/time.c.obj
 .text.get_entry_id_high
                0x10001138       0x30 CMakeFiles/test.dir/C_/Users/Owner/Desktop/Senior_Design_Code/pico-sdk/src/common/pico_time/time.c.obj
 .text.alarm_pool_post_alloc_init
                0x10001168       0x40 CMakeFiles/test.dir/C_/Users/Owner/Desktop/Senior_Design_Code/pico-sdk/src/common/pico_time/time.c.obj
 .text.sleep_until_callback
                0x100011a8       0x30 CMakeFiles/test.dir/C_/Users/Owner/Desktop/Senior_Design_Code/pico-sdk/src/common/pico_time/time.c.obj
 .text.get_absolute_time
                0x100011d8       0x22 CMakeFiles/test.dir/C_/Users/Owner/Desktop/Senior_Design_Code/pico-sdk/src/common/pico_time/time.c.obj
 .text.make_timeout_time_us
                0x100011fa       0x24 CMakeFiles/test.dir/C_/Users/Owner/Desktop/Senior_Design_Code/pico-sdk/src/common/pico_time/time.c.obj
 *fill*         0x1000121e        0x2 
 .text.add_alarm_under_lock
                0x10001220       0x94 CMakeFiles/test.dir/C_/Users/Owner/Desktop/Senior_Design_Code/pico-sdk/src/common/pico_time/time.c.obj
 .text.alarm_pool_alarm_callback
                0x100012b4      0x20c CMakeFiles/test.dir/C_/Users/Owner/Desktop/Senior_Design_Code/pico-sdk/src/common/pico_time/time.c.obj
 .text.alarm_pool_init_default
                0x100014c0       0x38 CMakeFiles/test.dir/C_/Users/Owner/Desktop/Senior_Design_Code/pico-sdk/src/common/pico_time/time.c.obj
                0x100014c0                alarm_pool_init_default
 .text.alarm_pool_get_default
                0x100014f8       0x2c CMakeFiles/test.dir/C_/Users/Owner/Desktop/Senior_Design_Code/pico-sdk/src/common/pico_time/time.c.obj
                0x100014f8                alarm_pool_get_default
 .text.alarm_pool_add_alarm_at
                0x10001524      0x10e CMakeFiles/test.dir/C_/Users/Owner/Desktop/Senior_Design_Code/pico-sdk/src/common/pico_time/time.c.obj
                0x10001524                alarm_pool_add_alarm_at
 .text.add_alarm_at
                0x10001632       0x2e CMakeFiles/test.dir/C_/Users/Owner/Desktop/Senior_Design_Code/pico-sdk/src/common/pico_time/time.c.obj
 .text.alarm_pool_cancel_alarm
                0x10001660       0xa0 CMakeFiles/test.dir/C_/Users/Owner/Desktop/Senior_Design_Code/pico-sdk/src/common/pico_time/time.c.obj
                0x10001660                alarm_pool_cancel_alarm
 .text.cancel_alarm
                0x10001700       0x10 CMakeFiles/test.dir/C_/Users/Owner/Desktop/Senior_Design_Code/pico-sdk/src/common/pico_time/time.c.obj
 .text.sleep_until
                0x10001710       0xb0 CMakeFiles/test.dir/C_/Users/Owner/Desktop/Senior_Design_Code/pico-sdk/src/common/pico_time/time.c.obj
                0x10001710                sleep_until
 .text.sleep_us
                0x100017c0       0x1a CMakeFiles/test.dir/C_/Users/Owner/Desktop/Senior_Design_Code/pico-sdk/src/common/pico_time/time.c.obj
                0x100017c0                sleep_us
 .text.sleep_ms
                0x100017da       0x14 CMakeFiles/test.dir/C_/Users/Owner/Desktop/Senior_Design_Code/pico-sdk/src/common/pico_time/time.c.obj
                0x100017da                sleep_ms
 *fill*         0x100017ee        0x2 
 .text.best_effort_wfe_or_timeout
                0x100017f0       0x38 CMakeFiles/test.dir/C_/Users/Owner/Desktop/Senior_Design_Code/pico-sdk/src/common/pico_time/time.c.obj
                0x100017f0                best_effort_wfe_or_timeout
 .text.hardware_alarm_irq_handler
                0x10001828       0x88 CMakeFiles/test.dir/C_/Users/Owner/Desktop/Senior_Design_Code/pico-sdk/src/rp2_common/hardware_timer/timer.c.obj
 .text.hardware_alarm_claim
                0x100018b0       0x18 CMakeFiles/test.dir/C_/Users/Owner/Desktop/Senior_Design_Code/pico-sdk/src/rp2_common/hardware_timer/timer.c.obj
                0x100018b0                hardware_alarm_claim
 .text.time_us_64
                0x100018c8       0x18 CMakeFiles/test.dir/C_/Users/Owner/Desktop/Senior_Design_Code/pico-sdk/src/rp2_common/hardware_timer/timer.c.obj
                0x100018c8                time_us_64
 .text.busy_wait_until
                0x100018e0       0x28 CMakeFiles/test.dir/C_/Users/Owner/Desktop/Senior_Design_Code/pico-sdk/src/rp2_common/hardware_timer/timer.c.obj
                0x100018e0                busy_wait_until
 .text.hardware_alarm_set_callback
                0x10001908       0x90 CMakeFiles/test.dir/C_/Users/Owner/Desktop/Senior_Design_Code/pico-sdk/src/rp2_common/hardware_timer/timer.c.obj
                0x10001908                hardware_alarm_set_callback
 .text.hardware_alarm_set_target
                0x10001998       0xe8 CMakeFiles/test.dir/C_/Users/Owner/Desktop/Senior_Design_Code/pico-sdk/src/rp2_common/hardware_timer/timer.c.obj
                0x10001998                hardware_alarm_set_target
 .text.hardware_alarm_cancel
                0x10001a80       0x40 CMakeFiles/test.dir/C_/Users/Owner/Desktop/Senior_Design_Code/pico-sdk/src/rp2_common/hardware_timer/timer.c.obj
                0x10001a80                hardware_alarm_cancel
 .text.ph_get_node
                0x10001ac0       0x30 CMakeFiles/test.dir/C_/Users/Owner/Desktop/Senior_Design_Code/pico-sdk/src/common/pico_util/pheap.c.obj
 .text.ph_add_child_node
                0x10001af0       0x6c CMakeFiles/test.dir/C_/Users/Owner/Desktop/Senior_Design_Code/pico-sdk/src/common/pico_util/pheap.c.obj
 .text.ph_merge_nodes
                0x10001b5c       0x3e CMakeFiles/test.dir/C_/Users/Owner/Desktop/Senior_Design_Code/pico-sdk/src/common/pico_util/pheap.c.obj
 .text.ph_clear
                0x10001b9a       0x34 CMakeFiles/test.dir/C_/Users/Owner/Desktop/Senior_Design_Code/pico-sdk/src/common/pico_util/pheap.c.obj
                0x10001b9a                ph_clear
 .text.ph_post_alloc_init
                0x10001bce        0xe CMakeFiles/test.dir/C_/Users/Owner/Desktop/Senior_Design_Code/pico-sdk/src/common/pico_util/pheap.c.obj
                0x10001bce                ph_post_alloc_init
 .text.ph_merge_two_pass
                0x10001bdc       0x5c CMakeFiles/test.dir/C_/Users/Owner/Desktop/Senior_Design_Code/pico-sdk/src/common/pico_util/pheap.c.obj
                0x10001bdc                ph_merge_two_pass
 .text.ph_remove_any_head
                0x10001c38       0xa4 CMakeFiles/test.dir/C_/Users/Owner/Desktop/Senior_Design_Code/pico-sdk/src/common/pico_util/pheap.c.obj
 .text.ph_remove_head
                0x10001cdc       0x14 CMakeFiles/test.dir/C_/Users/Owner/Desktop/Senior_Design_Code/pico-sdk/src/common/pico_util/pheap.c.obj
                0x10001cdc                ph_remove_head
 .text.ph_remove_and_free_node
                0x10001cf0       0xa0 CMakeFiles/test.dir/C_/Users/Owner/Desktop/Senior_Design_Code/pico-sdk/src/common/pico_util/pheap.c.obj
                0x10001cf0                ph_remove_and_free_node
 .text.update_us_since_boot
                0x10001d90       0x24 CMakeFiles/test.dir/C_/Users/Owner/Desktop/Senior_Design_Code/pico-sdk/src/common/pico_sync/mutex.c.obj
 .text.delayed_by_ms
                0x10001db4       0x46 CMakeFiles/test.dir/C_/Users/Owner/Desktop/Senior_Design_Code/pico-sdk/src/common/pico_sync/mutex.c.obj
 .text.get_absolute_time
                0x10001dfa       0x22 CMakeFiles/test.dir/C_/Users/Owner/Desktop/Senior_Design_Code/pico-sdk/src/common/pico_sync/mutex.c.obj
 .text.make_timeout_time_ms
                0x10001e1c       0x20 CMakeFiles/test.dir/C_/Users/Owner/Desktop/Senior_Design_Code/pico-sdk/src/common/pico_sync/mutex.c.obj
 .text.mutex_init
                0x10001e3c       0x1a CMakeFiles/test.dir/C_/Users/Owner/Desktop/Senior_Design_Code/pico-sdk/src/common/pico_sync/mutex.c.obj
                0x10001e3c                mutex_init
 .text.recursive_mutex_init
                0x10001e56       0x1e CMakeFiles/test.dir/C_/Users/Owner/Desktop/Senior_Design_Code/pico-sdk/src/common/pico_sync/mutex.c.obj
                0x10001e56                recursive_mutex_init
 .text.critical_section_init_with_lock_num
                0x10001e74       0x14 CMakeFiles/test.dir/C_/Users/Owner/Desktop/Senior_Design_Code/pico-sdk/src/common/pico_sync/critical_section.c.obj
                0x10001e74                critical_section_init_with_lock_num
 .text.critical_section_init
                0x10001e88       0x14 CMakeFiles/test.dir/C_/Users/Owner/Desktop/Senior_Design_Code/pico-sdk/src/common/pico_sync/critical_section.c.obj
                0x10001e88                critical_section_init
 .text.uart_set_baudrate
                0x10001e9c       0x5c CMakeFiles/test.dir/C_/Users/Owner/Desktop/Senior_Design_Code/pico-sdk/src/rp2_common/hardware_uart/uart.c.obj
                0x10001e9c                uart_set_baudrate
 .text.uart_set_translate_crlf
                0x10001ef8       0x28 CMakeFiles/test.dir/C_/Users/Owner/Desktop/Senior_Design_Code/pico-sdk/src/rp2_common/hardware_uart/uart.c.obj
                0x10001ef8                uart_set_translate_crlf
 .text.uart_init
                0x10001f20       0x80 CMakeFiles/test.dir/C_/Users/Owner/Desktop/Senior_Design_Code/pico-sdk/src/rp2_common/hardware_uart/uart.c.obj
                0x10001f20                uart_init
 .text._exit    0x10001fa0        0x4 CMakeFiles/test.dir/C_/Users/Owner/Desktop/Senior_Design_Code/pico-sdk/src/rp2_common/pico_runtime/runtime.c.obj
                0x10001fa0                _exit
 .text.exit     0x10001fa4        0x6 CMakeFiles/test.dir/C_/Users/Owner/Desktop/Senior_Design_Code/pico-sdk/src/rp2_common/pico_runtime/runtime.c.obj
                0x10001fa4                exit
 *fill*         0x10001faa        0x2 
 .text.__assert_func
                0x10001fac       0x38 CMakeFiles/test.dir/C_/Users/Owner/Desktop/Senior_Design_Code/pico-sdk/src/rp2_common/pico_runtime/runtime.c.obj
                0x10001fac                __assert_func
 .text.runtime_init
                0x10001fe4       0xf8 CMakeFiles/test.dir/C_/Users/Owner/Desktop/Senior_Design_Code/pico-sdk/src/rp2_common/pico_runtime/runtime.c.obj
                0x10001fe4                runtime_init
 .text.panic    0x100020dc       0x30 CMakeFiles/test.dir/C_/Users/Owner/Desktop/Senior_Design_Code/pico-sdk/src/rp2_common/pico_runtime/runtime.c.obj
                0x100020dc                panic
 .text.clock_configure
                0x1000210c      0x104 CMakeFiles/test.dir/C_/Users/Owner/Desktop/Senior_Design_Code/pico-sdk/src/rp2_common/hardware_clocks/clocks.c.obj
                0x1000210c                clock_configure
 .text.clocks_init
                0x10002210      0x100 CMakeFiles/test.dir/C_/Users/Owner/Desktop/Senior_Design_Code/pico-sdk/src/rp2_common/hardware_clocks/clocks.c.obj
                0x10002210                clocks_init
 .text.clock_get_hz
                0x10002310        0xc CMakeFiles/test.dir/C_/Users/Owner/Desktop/Senior_Design_Code/pico-sdk/src/rp2_common/hardware_clocks/clocks.c.obj
                0x10002310                clock_get_hz
 .text.pll_init
                0x1000231c      0x140 CMakeFiles/test.dir/C_/Users/Owner/Desktop/Senior_Design_Code/pico-sdk/src/rp2_common/hardware_pll/pll.c.obj
                0x1000231c                pll_init
 .text.watchdog_start_tick
                0x1000245c       0x10 CMakeFiles/test.dir/C_/Users/Owner/Desktop/Senior_Design_Code/pico-sdk/src/rp2_common/hardware_watchdog/watchdog.c.obj
                0x1000245c                watchdog_start_tick
 .text.watchdog_update
                0x1000246c       0x14 CMakeFiles/test.dir/C_/Users/Owner/Desktop/Senior_Design_Code/pico-sdk/src/rp2_common/hardware_watchdog/watchdog.c.obj
                0x1000246c                watchdog_update
 .text._watchdog_enable
                0x10002480       0x78 CMakeFiles/test.dir/C_/Users/Owner/Desktop/Senior_Design_Code/pico-sdk/src/rp2_common/hardware_watchdog/watchdog.c.obj
                0x10002480                _watchdog_enable
 .text.watchdog_reboot
                0x100024f8       0x48 CMakeFiles/test.dir/C_/Users/Owner/Desktop/Senior_Design_Code/pico-sdk/src/rp2_common/hardware_watchdog/watchdog.c.obj
                0x100024f8                watchdog_reboot
 .text.xosc_init
                0x10002540       0x28 CMakeFiles/test.dir/C_/Users/Owner/Desktop/Senior_Design_Code/pico-sdk/src/rp2_common/hardware_xosc/xosc.c.obj
                0x10002540                xosc_init
 .text._out_null
                0x10002568        0x2 CMakeFiles/test.dir/C_/Users/Owner/Desktop/Senior_Design_Code/pico-sdk/src/rp2_common/pico_printf/printf.c.obj
 .text._out_fct
                0x1000256a        0xe CMakeFiles/test.dir/C_/Users/Owner/Desktop/Senior_Design_Code/pico-sdk/src/rp2_common/pico_printf/printf.c.obj
 .text._atoi    0x10002578       0x24 CMakeFiles/test.dir/C_/Users/Owner/Desktop/Senior_Design_Code/pico-sdk/src/rp2_common/pico_printf/printf.c.obj
 .text._out_rev
                0x1000259c       0xae CMakeFiles/test.dir/C_/Users/Owner/Desktop/Senior_Design_Code/pico-sdk/src/rp2_common/pico_printf/printf.c.obj
 .text._ntoa_format
                0x1000264a      0x110 CMakeFiles/test.dir/C_/Users/Owner/Desktop/Senior_Design_Code/pico-sdk/src/rp2_common/pico_printf/printf.c.obj
 .text._ntoa_long
                0x1000275a       0xbc CMakeFiles/test.dir/C_/Users/Owner/Desktop/Senior_Design_Code/pico-sdk/src/rp2_common/pico_printf/printf.c.obj
 .text._ntoa_long_long
                0x10002816      0x10e CMakeFiles/test.dir/C_/Users/Owner/Desktop/Senior_Design_Code/pico-sdk/src/rp2_common/pico_printf/printf.c.obj
 .text._etoa    0x10002924      0x420 CMakeFiles/test.dir/C_/Users/Owner/Desktop/Senior_Design_Code/pico-sdk/src/rp2_common/pico_printf/printf.c.obj
 .text._ftoa    0x10002d44      0x354 CMakeFiles/test.dir/C_/Users/Owner/Desktop/Senior_Design_Code/pico-sdk/src/rp2_common/pico_printf/printf.c.obj
 .text._vsnprintf
                0x10003098      0x65c CMakeFiles/test.dir/C_/Users/Owner/Desktop/Senior_Design_Code/pico-sdk/src/rp2_common/pico_printf/printf.c.obj
 .text.vfctprintf
                0x100036f4       0x20 CMakeFiles/test.dir/C_/Users/Owner/Desktop/Senior_Design_Code/pico-sdk/src/rp2_common/pico_printf/printf.c.obj
                0x100036f4                vfctprintf
 .text          0x10003714       0x10 CMakeFiles/test.dir/C_/Users/Owner/Desktop/Senior_Design_Code/pico-sdk/src/rp2_common/pico_bit_ops/bit_ops_aeabi.S.obj
 .text.rom_func_lookup
                0x10003724       0x10 CMakeFiles/test.dir/C_/Users/Owner/Desktop/Senior_Design_Code/pico-sdk/src/rp2_common/pico_bootrom/bootrom.c.obj
                0x10003724                rom_func_lookup
 .text.rom_data_lookup
                0x10003734       0x10 CMakeFiles/test.dir/C_/Users/Owner/Desktop/Senior_Design_Code/pico-sdk/src/rp2_common/pico_bootrom/bootrom.c.obj
                0x10003734                rom_data_lookup
 .text.rom_funcs_lookup
                0x10003744       0x36 CMakeFiles/test.dir/C_/Users/Owner/Desktop/Senior_Design_Code/pico-sdk/src/rp2_common/pico_bootrom/bootrom.c.obj
                0x10003744                rom_funcs_lookup
 *fill*         0x1000377a        0x2 
 .text.__wrap___aeabi_idiv
                0x1000377c       0x50 CMakeFiles/test.dir/C_/Users/Owner/Desktop/Senior_Design_Code/pico-sdk/src/rp2_common/pico_divider/divider.S.obj
                0x1000377c                __wrap___aeabi_idivmod
                0x1000377c                divmod_s32s32
                0x1000377c                div_s32s32
                0x1000377c                __wrap___aeabi_idiv
                0x10003784                divmod_s32s32_unsafe
                0x100037b0                divmod_s32s32_savestate
 .text.__wrap___aeabi_uidiv
                0x100037cc       0x4c CMakeFiles/test.dir/C_/Users/Owner/Desktop/Senior_Design_Code/pico-sdk/src/rp2_common/pico_divider/divider.S.obj
                0x100037cc                __wrap___aeabi_uidiv
                0x100037cc                __wrap___aeabi_uidivmod
                0x100037cc                div_u32u32
                0x100037cc                divmod_u32u32
                0x100037d4                divmod_u32u32_unsafe
                0x100037fc                divmod_u32u32_savestate
 .text.__wrap___aeabi_ldiv
                0x10003818      0x434 CMakeFiles/test.dir/C_/Users/Owner/Desktop/Senior_Design_Code/pico-sdk/src/rp2_common/pico_divider/divider.S.obj
                0x10003818                div_s64s64
                0x10003818                divmod_s64s64
                0x10003818                __wrap___aeabi_ldivmod
                0x10003850                divmod_u64u64
                0x10003850                div_u64u64
                0x10003850                __wrap___aeabi_uldivmod
                0x10003860                divmod_u64u64_savestate
                0x10003888                divmod_s64s64_unsafe
                0x10003910                divmod_u64u64_unsafe
 .text.__wrap___aeabi_darithmetic
                0x10003c4c       0x80 CMakeFiles/test.dir/C_/Users/Owner/Desktop/Senior_Design_Code/pico-sdk/src/rp2_common/pico_double/double_aeabi.S.obj
                0x10003c4c                __wrap___aeabi_drsub
                0x10003c52                __wrap___aeabi_dsub
                0x10003c64                __wrap___aeabi_dadd
                0x10003c76                __wrap___aeabi_ddiv
                0x10003cb2                __wrap___aeabi_dmul
 .text.__wrap___aeabi_cdcmple
                0x10003ccc       0x6c CMakeFiles/test.dir/C_/Users/Owner/Desktop/Senior_Design_Code/pico-sdk/src/rp2_common/pico_double/double_aeabi.S.obj
                0x10003ccc                __wrap___aeabi_cdrcmple
                0x10003cdc                __wrap___aeabi_cdcmpeq
                0x10003cdc                __wrap___aeabi_cdcmple
 .text.__wrap___aeabi_dcmplt
                0x10003d38        0xc CMakeFiles/test.dir/C_/Users/Owner/Desktop/Senior_Design_Code/pico-sdk/src/rp2_common/pico_double/double_aeabi.S.obj
                0x10003d38                __wrap___aeabi_dcmplt
 .text.__wrap___aeabi_dcmple
                0x10003d44       0x10 CMakeFiles/test.dir/C_/Users/Owner/Desktop/Senior_Design_Code/pico-sdk/src/rp2_common/pico_double/double_aeabi.S.obj
                0x10003d44                __wrap___aeabi_dcmple
 .text.__wrap___aeabi_dcmpge
                0x10003d54       0x10 CMakeFiles/test.dir/C_/Users/Owner/Desktop/Senior_Design_Code/pico-sdk/src/rp2_common/pico_double/double_aeabi.S.obj
                0x10003d54                __wrap___aeabi_dcmpge
 .text.__wrap___aeabi_dcmpgt
                0x10003d64        0xa CMakeFiles/test.dir/C_/Users/Owner/Desktop/Senior_Design_Code/pico-sdk/src/rp2_common/pico_double/double_aeabi.S.obj
                0x10003d64                __wrap___aeabi_dcmpgt
 .text.__wrap___aeabi_dcmpun
                0x10003d6e       0x1c CMakeFiles/test.dir/C_/Users/Owner/Desktop/Senior_Design_Code/pico-sdk/src/rp2_common/pico_double/double_aeabi.S.obj
                0x10003d6e                __wrap___aeabi_dcmpun
 *fill*         0x10003d8a        0x2 
 .text.__wrap___aeabi_i2d
                0x10003d8c       0x38 CMakeFiles/test.dir/C_/Users/Owner/Desktop/Senior_Design_Code/pico-sdk/src/rp2_common/pico_double/double_aeabi.S.obj
                0x10003d8c                __wrap___aeabi_ui2d
                0x10003d94                __wrap___aeabi_i2d
 .text.__wrap___aeabi_d2iz
                0x10003dc4       0x48 CMakeFiles/test.dir/C_/Users/Owner/Desktop/Senior_Design_Code/pico-sdk/src/rp2_common/pico_double/double_aeabi.S.obj
                0x10003dc4                double2int_z
                0x10003dc4                __wrap___aeabi_d2iz
 .text.__wrap___aeabi_d2uiz
                0x10003e0c       0x18 CMakeFiles/test.dir/C_/Users/Owner/Desktop/Senior_Design_Code/pico-sdk/src/rp2_common/pico_double/double_aeabi.S.obj
                0x10003e0c                __wrap___aeabi_d2uiz
                0x10003e0c                double2uint
 .text.__aeabi_double_init
                0x10003e24       0xcc CMakeFiles/test.dir/C_/Users/Owner/Desktop/Senior_Design_Code/pico-sdk/src/rp2_common/pico_double/double_init_rom.c.obj
                0x10003e24                __aeabi_double_init
 .text.double_table_shim_on_use_helper
                0x10003ef0       0x34 CMakeFiles/test.dir/C_/Users/Owner/Desktop/Senior_Design_Code/pico-sdk/src/rp2_common/pico_double/double_v1_rom_shim.S.obj
                0x10003ef0                double_table_shim_on_use_helper
 .text.__wrap___aeabi_dsub
                0x10003f24       0x10 CMakeFiles/test.dir/C_/Users/Owner/Desktop/Senior_Design_Code/pico-sdk/src/rp2_common/pico_double/double_v1_rom_shim.S.obj
                0x10003f24                drsub_shim
                0x10003f2a                dsub_shim
 .text.dadd_shim
                0x10003f34      0x15c CMakeFiles/test.dir/C_/Users/Owner/Desktop/Senior_Design_Code/pico-sdk/src/rp2_common/pico_double/double_v1_rom_shim.S.obj
                0x10003f34                dadd_shim
 .text.dmul_shim
                0x10004090      0x15c CMakeFiles/test.dir/C_/Users/Owner/Desktop/Senior_Design_Code/pico-sdk/src/rp2_common/pico_double/double_v1_rom_shim.S.obj
                0x10004090                dmul_shim
 .text.ddiv_shim
                0x100041ec      0x1b0 CMakeFiles/test.dir/C_/Users/Owner/Desktop/Senior_Design_Code/pico-sdk/src/rp2_common/pico_double/double_v1_rom_shim.S.obj
                0x100041ec                ddiv_shim
 .text.double2uint_shim
                0x1000439c        0xe CMakeFiles/test.dir/C_/Users/Owner/Desktop/Senior_Design_Code/pico-sdk/src/rp2_common/pico_double/double_v1_rom_shim.S.obj
                0x1000439c                double2uint_shim
                0x1000439e                double2ufix_shim
 *fill*         0x100043aa        0x2 
 .text.double2uint64_shim
                0x100043ac       0x70 CMakeFiles/test.dir/C_/Users/Owner/Desktop/Senior_Design_Code/pico-sdk/src/rp2_common/pico_double/double_v1_rom_shim.S.obj
                0x100043ac                double2uint64_shim
                0x100043ae                double2ufix64_shim
                0x100043ce                d2fix_a
 .text.dunpacks
                0x1000441c       0x3c CMakeFiles/test.dir/C_/Users/Owner/Desktop/Senior_Design_Code/pico-sdk/src/rp2_common/pico_double/double_v1_rom_shim.S.obj
                0x1000441c                dunpacks
 .text.__aeabi_lmul
                0x10004458       0x32 CMakeFiles/test.dir/C_/Users/Owner/Desktop/Senior_Design_Code/pico-sdk/src/rp2_common/pico_int64_ops/pico_int64_ops_aeabi.S.obj
                0x10004458                __wrap___aeabi_lmul
 *fill*         0x1000448a        0x2 
 .text.__aeabi_float_init
                0x1000448c       0xfc CMakeFiles/test.dir/C_/Users/Owner/Desktop/Senior_Design_Code/pico-sdk/src/rp2_common/pico_float/float_init_rom.c.obj
                0x1000448c                __aeabi_float_init
 .text.float_table_shim_on_use_helper
                0x10004588       0x34 CMakeFiles/test.dir/C_/Users/Owner/Desktop/Senior_Design_Code/pico-sdk/src/rp2_common/pico_float/float_v1_rom_shim.S.obj
                0x10004588                float_table_shim_on_use_helper
 .text          0x100045bc       0x10 CMakeFiles/test.dir/C_/Users/Owner/Desktop/Senior_Design_Code/pico-sdk/src/rp2_common/pico_mem_ops/mem_ops_aeabi.S.obj
                0x100045bc                __aeabi_mem_init
 .text.memset   0x100045cc        0xc CMakeFiles/test.dir/C_/Users/Owner/Desktop/Senior_Design_Code/pico-sdk/src/rp2_common/pico_mem_ops/mem_ops_aeabi.S.obj
                0x100045cc                __wrap_memset
 .text.memcpy   0x100045d8        0xc CMakeFiles/test.dir/C_/Users/Owner/Desktop/Senior_Design_Code/pico-sdk/src/rp2_common/pico_mem_ops/mem_ops_aeabi.S.obj
                0x100045d8                __wrap_memcpy
                0x100045d8                __wrap___aeabi_memcpy
 .text.stdio_out_chars_no_crlf
                0x100045e4        0xe CMakeFiles/test.dir/C_/Users/Owner/Desktop/Senior_Design_Code/pico-sdk/src/rp2_common/pico_stdio/stdio.c.obj
 *fill*         0x100045f2        0x2 
 .text.stdio_out_chars_crlf
                0x100045f4       0x80 CMakeFiles/test.dir/C_/Users/Owner/Desktop/Senior_Design_Code/pico-sdk/src/rp2_common/pico_stdio/stdio.c.obj
 .text.stdio_stack_buffer_flush
                0x10004674       0x44 CMakeFiles/test.dir/C_/Users/Owner/Desktop/Senior_Design_Code/pico-sdk/src/rp2_common/pico_stdio/stdio.c.obj
 .text.stdio_buffered_printer
                0x100046b8       0x20 CMakeFiles/test.dir/C_/Users/Owner/Desktop/Senior_Design_Code/pico-sdk/src/rp2_common/pico_stdio/stdio.c.obj
 .text.stdout_serialize_begin
                0x100046d8       0x30 CMakeFiles/test.dir/C_/Users/Owner/Desktop/Senior_Design_Code/pico-sdk/src/rp2_common/pico_stdio/stdio.c.obj
                0x100046d8                stdout_serialize_begin
 .text.stdout_serialize_end
                0x10004708       0x10 CMakeFiles/test.dir/C_/Users/Owner/Desktop/Senior_Design_Code/pico-sdk/src/rp2_common/pico_stdio/stdio.c.obj
                0x10004708                stdout_serialize_end
 .text.stdio_put_string
                0x10004718       0x98 CMakeFiles/test.dir/C_/Users/Owner/Desktop/Senior_Design_Code/pico-sdk/src/rp2_common/pico_stdio/stdio.c.obj
 .text.stdio_set_driver_enabled
                0x100047b0       0x2c CMakeFiles/test.dir/C_/Users/Owner/Desktop/Senior_Design_Code/pico-sdk/src/rp2_common/pico_stdio/stdio.c.obj
                0x100047b0                stdio_set_driver_enabled
 .text.stdio_flush
                0x100047dc       0x20 CMakeFiles/test.dir/C_/Users/Owner/Desktop/Senior_Design_Code/pico-sdk/src/rp2_common/pico_stdio/stdio.c.obj
                0x100047dc                stdio_flush
 .text.__wrap_puts
                0x100047fc       0x1e CMakeFiles/test.dir/C_/Users/Owner/Desktop/Senior_Design_Code/pico-sdk/src/rp2_common/pico_stdio/stdio.c.obj
                0x100047fc                __wrap_puts
 *fill*         0x1000481a        0x2 
 .text.__wrap_vprintf
                0x1000481c       0x44 CMakeFiles/test.dir/C_/Users/Owner/Desktop/Senior_Design_Code/pico-sdk/src/rp2_common/pico_stdio/stdio.c.obj
                0x1000481c                __wrap_vprintf
 .text.__wrap_printf
                0x10004860       0x18 CMakeFiles/test.dir/C_/Users/Owner/Desktop/Senior_Design_Code/pico-sdk/src/rp2_common/pico_stdio/stdio.c.obj
                0x10004860                __wrap_printf
 .text.stdio_init_all
                0x10004878        0xc CMakeFiles/test.dir/C_/Users/Owner/Desktop/Senior_Design_Code/pico-sdk/src/rp2_common/pico_stdio/stdio.c.obj
                0x10004878                stdio_init_all
 .text.uart_putc
                0x10004884       0x60 CMakeFiles/test.dir/C_/Users/Owner/Desktop/Senior_Design_Code/pico-sdk/src/rp2_common/pico_stdio_uart/stdio_uart.c.obj
 .text.uart_getc
                0x100048e4       0x24 CMakeFiles/test.dir/C_/Users/Owner/Desktop/Senior_Design_Code/pico-sdk/src/rp2_common/pico_stdio_uart/stdio_uart.c.obj
 .text.stdio_uart_out_chars
                0x10004908       0x20 CMakeFiles/test.dir/C_/Users/Owner/Desktop/Senior_Design_Code/pico-sdk/src/rp2_common/pico_stdio_uart/stdio_uart.c.obj
 .text.stdio_uart_in_chars
                0x10004928       0x34 CMakeFiles/test.dir/C_/Users/Owner/Desktop/Senior_Design_Code/pico-sdk/src/rp2_common/pico_stdio_uart/stdio_uart.c.obj
                0x10004928                stdio_uart_in_chars
 .text.stdio_uart_init_full
                0x1000495c       0x3c CMakeFiles/test.dir/C_/Users/Owner/Desktop/Senior_Design_Code/pico-sdk/src/rp2_common/pico_stdio_uart/stdio_uart.c.obj
                0x1000495c                stdio_uart_init_full
 .text.stdio_uart_init
                0x10004998       0x28 CMakeFiles/test.dir/C_/Users/Owner/Desktop/Senior_Design_Code/pico-sdk/src/rp2_common/pico_stdio_uart/stdio_uart.c.obj
                0x10004998                stdio_uart_init
 .text.resetd_init
                0x100049c0        0x2 CMakeFiles/test.dir/C_/Users/Owner/Desktop/Senior_Design_Code/pico-sdk/src/rp2_common/pico_stdio_usb/reset_interface.c.obj
 *fill*         0x100049c2        0x2 
 .text.resetd_reset
                0x100049c4        0xc CMakeFiles/test.dir/C_/Users/Owner/Desktop/Senior_Design_Code/pico-sdk/src/rp2_common/pico_stdio_usb/reset_interface.c.obj
 .text.resetd_open
                0x100049d0       0x34 CMakeFiles/test.dir/C_/Users/Owner/Desktop/Senior_Design_Code/pico-sdk/src/rp2_common/pico_stdio_usb/reset_interface.c.obj
 .text.resetd_xfer_cb
                0x10004a04        0x4 CMakeFiles/test.dir/C_/Users/Owner/Desktop/Senior_Design_Code/pico-sdk/src/rp2_common/pico_stdio_usb/reset_interface.c.obj
 .text.reset_usb_boot
                0x10004a08       0x18 CMakeFiles/test.dir/C_/Users/Owner/Desktop/Senior_Design_Code/pico-sdk/src/rp2_common/pico_stdio_usb/reset_interface.c.obj
 .text.resetd_control_xfer_cb
                0x10004a20       0x5c CMakeFiles/test.dir/C_/Users/Owner/Desktop/Senior_Design_Code/pico-sdk/src/rp2_common/pico_stdio_usb/reset_interface.c.obj
 .text.usbd_app_driver_get_cb
                0x10004a7c        0xc CMakeFiles/test.dir/C_/Users/Owner/Desktop/Senior_Design_Code/pico-sdk/src/rp2_common/pico_stdio_usb/reset_interface.c.obj
                0x10004a7c                usbd_app_driver_get_cb
 .text.tud_cdc_line_coding_cb
                0x10004a88       0x28 CMakeFiles/test.dir/C_/Users/Owner/Desktop/Senior_Design_Code/pico-sdk/src/rp2_common/pico_stdio_usb/reset_interface.c.obj
                0x10004a88                tud_cdc_line_coding_cb
 .text.stdio_usb_in_chars
                0x10004ab0       0x70 CMakeFiles/test.dir/C_/Users/Owner/Desktop/Senior_Design_Code/pico-sdk/src/rp2_common/pico_stdio_usb/stdio_usb.c.obj
                0x10004ab0                stdio_usb_in_chars
 .text.low_priority_worker_irq
                0x10004b20       0x20 CMakeFiles/test.dir/C_/Users/Owner/Desktop/Senior_Design_Code/pico-sdk/src/rp2_common/pico_stdio_usb/stdio_usb.c.obj
 .text.stdio_usb_out_chars
                0x10004b40       0xd4 CMakeFiles/test.dir/C_/Users/Owner/Desktop/Senior_Design_Code/pico-sdk/src/rp2_common/pico_stdio_usb/stdio_usb.c.obj
 .text.update_us_since_boot
                0x10004c14       0x24 CMakeFiles/test.dir/C_/Users/Owner/Desktop/Senior_Design_Code/pico-sdk/src/rp2_common/pico_stdio_usb/stdio_usb.c.obj
 .text.get_absolute_time
                0x10004c38       0x22 CMakeFiles/test.dir/C_/Users/Owner/Desktop/Senior_Design_Code/pico-sdk/src/rp2_common/pico_stdio_usb/stdio_usb.c.obj
 .text.delayed_by_us
                0x10004c5a       0x36 CMakeFiles/test.dir/C_/Users/Owner/Desktop/Senior_Design_Code/pico-sdk/src/rp2_common/pico_stdio_usb/stdio_usb.c.obj
 .text.timer_task
                0x10004c90       0x40 CMakeFiles/test.dir/C_/Users/Owner/Desktop/Senior_Design_Code/pico-sdk/src/rp2_common/pico_stdio_usb/stdio_usb.c.obj
 .text.usb_irq  0x10004cd0       0x10 CMakeFiles/test.dir/C_/Users/Owner/Desktop/Senior_Design_Code/pico-sdk/src/rp2_common/pico_stdio_usb/stdio_usb.c.obj
 .text.alarm_pool_add_alarm_in_us
                0x10004ce0       0x3a CMakeFiles/test.dir/C_/Users/Owner/Desktop/Senior_Design_Code/pico-sdk/src/rp2_common/pico_stdio_usb/stdio_usb.c.obj
 .text.add_alarm_in_us
                0x10004d1a       0x2e CMakeFiles/test.dir/C_/Users/Owner/Desktop/Senior_Design_Code/pico-sdk/src/rp2_common/pico_stdio_usb/stdio_usb.c.obj
 .text.stdio_usb_init
                0x10004d48       0x98 CMakeFiles/test.dir/C_/Users/Owner/Desktop/Senior_Design_Code/pico-sdk/src/rp2_common/pico_stdio_usb/stdio_usb.c.obj
                0x10004d48                stdio_usb_init
 .text.tud_descriptor_device_cb
                0x10004de0        0x8 CMakeFiles/test.dir/C_/Users/Owner/Desktop/Senior_Design_Code/pico-sdk/src/rp2_common/pico_stdio_usb/stdio_usb_descriptors.c.obj
                0x10004de0                tud_descriptor_device_cb
 .text.tud_descriptor_configuration_cb
                0x10004de8        0x8 CMakeFiles/test.dir/C_/Users/Owner/Desktop/Senior_Design_Code/pico-sdk/src/rp2_common/pico_stdio_usb/stdio_usb_descriptors.c.obj
                0x10004de8                tud_descriptor_configuration_cb
 .text.tud_descriptor_string_cb
                0x10004df0       0x6c CMakeFiles/test.dir/C_/Users/Owner/Desktop/Senior_Design_Code/pico-sdk/src/rp2_common/pico_stdio_usb/stdio_usb_descriptors.c.obj
                0x10004df0                tud_descriptor_string_cb
 .text.hw_endpoint_get_by_addr
                0x10004e5c       0x18 CMakeFiles/test.dir/C_/Users/Owner/Desktop/Senior_Design_Code/pico-sdk/lib/tinyusb/src/portable/raspberrypi/rp2040/dcd_rp2040.c.obj
 .text.reset_ep0_pid
                0x10004e74       0x28 CMakeFiles/test.dir/C_/Users/Owner/Desktop/Senior_Design_Code/pico-sdk/lib/tinyusb/src/portable/raspberrypi/rp2040/dcd_rp2040.c.obj
 .text._hw_endpoint_alloc
                0x10004e9c       0x70 CMakeFiles/test.dir/C_/Users/Owner/Desktop/Senior_Design_Code/pico-sdk/lib/tinyusb/src/portable/raspberrypi/rp2040/dcd_rp2040.c.obj
 .text.hw_endpoint_init
                0x10004f0c       0x88 CMakeFiles/test.dir/C_/Users/Owner/Desktop/Senior_Design_Code/pico-sdk/lib/tinyusb/src/portable/raspberrypi/rp2040/dcd_rp2040.c.obj
 .text.reset_non_control_endpoints
                0x10004f94       0x40 CMakeFiles/test.dir/C_/Users/Owner/Desktop/Senior_Design_Code/pico-sdk/lib/tinyusb/src/portable/raspberrypi/rp2040/dcd_rp2040.c.obj
 .text.hw_handle_buff_status
                0x10004fd4       0x8c CMakeFiles/test.dir/C_/Users/Owner/Desktop/Senior_Design_Code/pico-sdk/lib/tinyusb/src/portable/raspberrypi/rp2040/dcd_rp2040.c.obj
 .text.dcd_rp2040_irq
                0x10005060       0xc0 CMakeFiles/test.dir/C_/Users/Owner/Desktop/Senior_Design_Code/pico-sdk/lib/tinyusb/src/portable/raspberrypi/rp2040/dcd_rp2040.c.obj
 .text.hw_endpoint_xfer
                0x10005120       0x14 CMakeFiles/test.dir/C_/Users/Owner/Desktop/Senior_Design_Code/pico-sdk/lib/tinyusb/src/portable/raspberrypi/rp2040/dcd_rp2040.c.obj
 .text.dcd_int_enable
                0x10005134       0x2c CMakeFiles/test.dir/C_/Users/Owner/Desktop/Senior_Design_Code/pico-sdk/lib/tinyusb/src/portable/raspberrypi/rp2040/dcd_rp2040.c.obj
                0x10005134                dcd_int_enable
 .text.dcd_set_address
                0x10005160       0x2c CMakeFiles/test.dir/C_/Users/Owner/Desktop/Senior_Design_Code/pico-sdk/lib/tinyusb/src/portable/raspberrypi/rp2040/dcd_rp2040.c.obj
                0x10005160                dcd_set_address
 .text.dcd_connect
                0x1000518c       0x10 CMakeFiles/test.dir/C_/Users/Owner/Desktop/Senior_Design_Code/pico-sdk/lib/tinyusb/src/portable/raspberrypi/rp2040/dcd_rp2040.c.obj
                0x1000518c                dcd_connect
 .text.dcd_init
                0x1000519c       0x7c CMakeFiles/test.dir/C_/Users/Owner/Desktop/Senior_Design_Code/pico-sdk/lib/tinyusb/src/portable/raspberrypi/rp2040/dcd_rp2040.c.obj
                0x1000519c                dcd_init
 .text.dcd_edpt0_status_complete
                0x10005218       0x1c CMakeFiles/test.dir/C_/Users/Owner/Desktop/Senior_Design_Code/pico-sdk/lib/tinyusb/src/portable/raspberrypi/rp2040/dcd_rp2040.c.obj
                0x10005218                dcd_edpt0_status_complete
 .text.dcd_edpt_open
                0x10005234       0x40 CMakeFiles/test.dir/C_/Users/Owner/Desktop/Senior_Design_Code/pico-sdk/lib/tinyusb/src/portable/raspberrypi/rp2040/dcd_rp2040.c.obj
                0x10005234                dcd_edpt_open
 .text.dcd_edpt_close_all
                0x10005274        0x8 CMakeFiles/test.dir/C_/Users/Owner/Desktop/Senior_Design_Code/pico-sdk/lib/tinyusb/src/portable/raspberrypi/rp2040/dcd_rp2040.c.obj
                0x10005274                dcd_edpt_close_all
 .text.dcd_edpt_xfer
                0x1000527c       0x30 CMakeFiles/test.dir/C_/Users/Owner/Desktop/Senior_Design_Code/pico-sdk/lib/tinyusb/src/portable/raspberrypi/rp2040/dcd_rp2040.c.obj
                0x1000527c                dcd_edpt_xfer
 .text.dcd_edpt_stall
                0x100052ac       0x2c CMakeFiles/test.dir/C_/Users/Owner/Desktop/Senior_Design_Code/pico-sdk/lib/tinyusb/src/portable/raspberrypi/rp2040/dcd_rp2040.c.obj
                0x100052ac                dcd_edpt_stall
 .text.dcd_edpt_clear_stall
                0x100052d8       0x20 CMakeFiles/test.dir/C_/Users/Owner/Desktop/Senior_Design_Code/pico-sdk/lib/tinyusb/src/portable/raspberrypi/rp2040/dcd_rp2040.c.obj
                0x100052d8                dcd_edpt_clear_stall
 .text.prepare_ep_buffer
                0x100052f8       0x6c CMakeFiles/test.dir/C_/Users/Owner/Desktop/Senior_Design_Code/pico-sdk/lib/tinyusb/src/portable/raspberrypi/rp2040/rp2040_usb.c.obj
 .text.sync_ep_buffer
                0x10005364       0x78 CMakeFiles/test.dir/C_/Users/Owner/Desktop/Senior_Design_Code/pico-sdk/lib/tinyusb/src/portable/raspberrypi/rp2040/rp2040_usb.c.obj
 .text._hw_endpoint_xfer_sync
                0x100053dc       0x28 CMakeFiles/test.dir/C_/Users/Owner/Desktop/Senior_Design_Code/pico-sdk/lib/tinyusb/src/portable/raspberrypi/rp2040/rp2040_usb.c.obj
 .text.rp2040_usb_init
                0x10005404       0x4c CMakeFiles/test.dir/C_/Users/Owner/Desktop/Senior_Design_Code/pico-sdk/lib/tinyusb/src/portable/raspberrypi/rp2040/rp2040_usb.c.obj
                0x10005404                rp2040_usb_init
 .text.hw_endpoint_reset_transfer
                0x10005450        0xc CMakeFiles/test.dir/C_/Users/Owner/Desktop/Senior_Design_Code/pico-sdk/lib/tinyusb/src/portable/raspberrypi/rp2040/rp2040_usb.c.obj
                0x10005450                hw_endpoint_reset_transfer
 .text._hw_endpoint_buffer_control_update32
                0x1000545c       0x58 CMakeFiles/test.dir/C_/Users/Owner/Desktop/Senior_Design_Code/pico-sdk/lib/tinyusb/src/portable/raspberrypi/rp2040/rp2040_usb.c.obj
                0x1000545c                _hw_endpoint_buffer_control_update32
 .text._hw_endpoint_start_next_buffer
                0x100054b4       0x74 CMakeFiles/test.dir/C_/Users/Owner/Desktop/Senior_Design_Code/pico-sdk/lib/tinyusb/src/portable/raspberrypi/rp2040/rp2040_usb.c.obj
 .text.hw_endpoint_xfer_start
                0x10005528       0x48 CMakeFiles/test.dir/C_/Users/Owner/Desktop/Senior_Design_Code/pico-sdk/lib/tinyusb/src/portable/raspberrypi/rp2040/rp2040_usb.c.obj
                0x10005528                hw_endpoint_xfer_start
 .text.hw_endpoint_xfer_continue
                0x10005570       0x38 CMakeFiles/test.dir/C_/Users/Owner/Desktop/Senior_Design_Code/pico-sdk/lib/tinyusb/src/portable/raspberrypi/rp2040/rp2040_usb.c.obj
                0x10005570                hw_endpoint_xfer_continue
 .text.configuration_reset
                0x100055a8       0x84 CMakeFiles/test.dir/C_/Users/Owner/Desktop/Senior_Design_Code/pico-sdk/lib/tinyusb/src/device/usbd.c.obj
 .text.osal_queue_receive
                0x1000562c       0x30 CMakeFiles/test.dir/C_/Users/Owner/Desktop/Senior_Design_Code/pico-sdk/lib/tinyusb/src/device/usbd.c.obj
 .text.usbd_reset
                0x1000565c        0xc CMakeFiles/test.dir/C_/Users/Owner/Desktop/Senior_Design_Code/pico-sdk/lib/tinyusb/src/device/usbd.c.obj
 .text.invoke_class_control
                0x10005668       0x1a CMakeFiles/test.dir/C_/Users/Owner/Desktop/Senior_Design_Code/pico-sdk/lib/tinyusb/src/device/usbd.c.obj
 *fill*         0x10005682        0x2 
 .text.process_set_config
                0x10005684      0x1b0 CMakeFiles/test.dir/C_/Users/Owner/Desktop/Senior_Design_Code/pico-sdk/lib/tinyusb/src/device/usbd.c.obj
 .text.process_get_descriptor
                0x10005834       0xec CMakeFiles/test.dir/C_/Users/Owner/Desktop/Senior_Design_Code/pico-sdk/lib/tinyusb/src/device/usbd.c.obj
 .text.osal_queue_send
                0x10005920       0x4c CMakeFiles/test.dir/C_/Users/Owner/Desktop/Senior_Design_Code/pico-sdk/lib/tinyusb/src/device/usbd.c.obj
 .text.tud_mounted
                0x1000596c       0x10 CMakeFiles/test.dir/C_/Users/Owner/Desktop/Senior_Design_Code/pico-sdk/lib/tinyusb/src/device/usbd.c.obj
                0x1000596c                tud_mounted
 .text.tud_suspended
                0x1000597c       0x10 CMakeFiles/test.dir/C_/Users/Owner/Desktop/Senior_Design_Code/pico-sdk/lib/tinyusb/src/device/usbd.c.obj
                0x1000597c                tud_suspended
 .text.tud_inited
                0x1000598c        0xc CMakeFiles/test.dir/C_/Users/Owner/Desktop/Senior_Design_Code/pico-sdk/lib/tinyusb/src/device/usbd.c.obj
                0x1000598c                tud_inited
 .text.tud_init
                0x10005998       0xcc CMakeFiles/test.dir/C_/Users/Owner/Desktop/Senior_Design_Code/pico-sdk/lib/tinyusb/src/device/usbd.c.obj
                0x10005998                tud_init
 .text.dcd_event_handler
                0x10005a64       0xd4 CMakeFiles/test.dir/C_/Users/Owner/Desktop/Senior_Design_Code/pico-sdk/lib/tinyusb/src/device/usbd.c.obj
                0x10005a64                dcd_event_handler
 .text.dcd_event_bus_signal
                0x10005b38       0x26 CMakeFiles/test.dir/C_/Users/Owner/Desktop/Senior_Design_Code/pico-sdk/lib/tinyusb/src/device/usbd.c.obj
                0x10005b38                dcd_event_bus_signal
 .text.dcd_event_bus_reset
                0x10005b5e       0x2a CMakeFiles/test.dir/C_/Users/Owner/Desktop/Senior_Design_Code/pico-sdk/lib/tinyusb/src/device/usbd.c.obj
                0x10005b5e                dcd_event_bus_reset
 .text.dcd_event_setup_received
                0x10005b88       0x34 CMakeFiles/test.dir/C_/Users/Owner/Desktop/Senior_Design_Code/pico-sdk/lib/tinyusb/src/device/usbd.c.obj
                0x10005b88                dcd_event_setup_received
 .text.dcd_event_xfer_complete
                0x10005bbc       0x44 CMakeFiles/test.dir/C_/Users/Owner/Desktop/Senior_Design_Code/pico-sdk/lib/tinyusb/src/device/usbd.c.obj
                0x10005bbc                dcd_event_xfer_complete
 .text.usbd_edpt_open
                0x10005c00       0x58 CMakeFiles/test.dir/C_/Users/Owner/Desktop/Senior_Design_Code/pico-sdk/lib/tinyusb/src/device/usbd.c.obj
                0x10005c00                usbd_edpt_open
 .text.usbd_open_edpt_pair
                0x10005c58       0x8c CMakeFiles/test.dir/C_/Users/Owner/Desktop/Senior_Design_Code/pico-sdk/lib/tinyusb/src/device/usbd.c.obj
                0x10005c58                usbd_open_edpt_pair
 .text.usbd_edpt_claim
                0x10005ce4       0x8c CMakeFiles/test.dir/C_/Users/Owner/Desktop/Senior_Design_Code/pico-sdk/lib/tinyusb/src/device/usbd.c.obj
                0x10005ce4                usbd_edpt_claim
 .text.usbd_edpt_release
                0x10005d70       0x60 CMakeFiles/test.dir/C_/Users/Owner/Desktop/Senior_Design_Code/pico-sdk/lib/tinyusb/src/device/usbd.c.obj
                0x10005d70                usbd_edpt_release
 .text.usbd_edpt_xfer
                0x10005dd0       0x80 CMakeFiles/test.dir/C_/Users/Owner/Desktop/Senior_Design_Code/pico-sdk/lib/tinyusb/src/device/usbd.c.obj
                0x10005dd0                usbd_edpt_xfer
 .text.usbd_edpt_stall
                0x10005e50       0x40 CMakeFiles/test.dir/C_/Users/Owner/Desktop/Senior_Design_Code/pico-sdk/lib/tinyusb/src/device/usbd.c.obj
                0x10005e50                usbd_edpt_stall
 .text.usbd_edpt_clear_stall
                0x10005e90       0x40 CMakeFiles/test.dir/C_/Users/Owner/Desktop/Senior_Design_Code/pico-sdk/lib/tinyusb/src/device/usbd.c.obj
                0x10005e90                usbd_edpt_clear_stall
 .text.usbd_edpt_stalled
                0x10005ed0       0x1c CMakeFiles/test.dir/C_/Users/Owner/Desktop/Senior_Design_Code/pico-sdk/lib/tinyusb/src/device/usbd.c.obj
                0x10005ed0                usbd_edpt_stalled
 .text.process_control_request
                0x10005eec      0x3b0 CMakeFiles/test.dir/C_/Users/Owner/Desktop/Senior_Design_Code/pico-sdk/lib/tinyusb/src/device/usbd.c.obj
 .text.tud_task
                0x1000629c      0x1f0 CMakeFiles/test.dir/C_/Users/Owner/Desktop/Senior_Design_Code/pico-sdk/lib/tinyusb/src/device/usbd.c.obj
                0x1000629c                tud_task
 .text._status_stage_xact
                0x1000648c       0x1a CMakeFiles/test.dir/C_/Users/Owner/Desktop/Senior_Design_Code/pico-sdk/lib/tinyusb/src/device/usbd_control.c.obj
 *fill*         0x100064a6        0x2 
 .text._data_stage_xact
                0x100064a8       0x58 CMakeFiles/test.dir/C_/Users/Owner/Desktop/Senior_Design_Code/pico-sdk/lib/tinyusb/src/device/usbd_control.c.obj
 .text.tud_control_status
                0x10006500       0x28 CMakeFiles/test.dir/C_/Users/Owner/Desktop/Senior_Design_Code/pico-sdk/lib/tinyusb/src/device/usbd_control.c.obj
                0x10006500                tud_control_status
 .text.tud_control_xfer
                0x10006528       0x98 CMakeFiles/test.dir/C_/Users/Owner/Desktop/Senior_Design_Code/pico-sdk/lib/tinyusb/src/device/usbd_control.c.obj
                0x10006528                tud_control_xfer
 .text.usbd_control_reset
                0x100065c0       0x14 CMakeFiles/test.dir/C_/Users/Owner/Desktop/Senior_Design_Code/pico-sdk/lib/tinyusb/src/device/usbd_control.c.obj
                0x100065c0                usbd_control_reset
 .text.usbd_control_set_complete_callback
                0x100065d4        0xc CMakeFiles/test.dir/C_/Users/Owner/Desktop/Senior_Design_Code/pico-sdk/lib/tinyusb/src/device/usbd_control.c.obj
                0x100065d4                usbd_control_set_complete_callback
 .text.usbd_control_set_request
                0x100065e0       0x1c CMakeFiles/test.dir/C_/Users/Owner/Desktop/Senior_Design_Code/pico-sdk/lib/tinyusb/src/device/usbd_control.c.obj
                0x100065e0                usbd_control_set_request
 .text.usbd_control_xfer_cb
                0x100065fc       0xe8 CMakeFiles/test.dir/C_/Users/Owner/Desktop/Senior_Design_Code/pico-sdk/lib/tinyusb/src/device/usbd_control.c.obj
                0x100065fc                usbd_control_xfer_cb
 .text._prep_out_transaction
                0x100066e4       0x46 CMakeFiles/test.dir/C_/Users/Owner/Desktop/Senior_Design_Code/pico-sdk/lib/tinyusb/src/class/cdc/cdc_device.c.obj
 *fill*         0x1000672a        0x2 
 .text.tud_cdc_n_connected
                0x1000672c       0x38 CMakeFiles/test.dir/C_/Users/Owner/Desktop/Senior_Design_Code/pico-sdk/lib/tinyusb/src/class/cdc/cdc_device.c.obj
                0x1000672c                tud_cdc_n_connected
 .text.tud_cdc_n_available
                0x10006764       0x18 CMakeFiles/test.dir/C_/Users/Owner/Desktop/Senior_Design_Code/pico-sdk/lib/tinyusb/src/class/cdc/cdc_device.c.obj
                0x10006764                tud_cdc_n_available
 .text.tud_cdc_n_read
                0x1000677c       0x28 CMakeFiles/test.dir/C_/Users/Owner/Desktop/Senior_Design_Code/pico-sdk/lib/tinyusb/src/class/cdc/cdc_device.c.obj
                0x1000677c                tud_cdc_n_read
 .text.tud_cdc_n_write_flush
                0x100067a4       0xcc CMakeFiles/test.dir/C_/Users/Owner/Desktop/Senior_Design_Code/pico-sdk/lib/tinyusb/src/class/cdc/cdc_device.c.obj
                0x100067a4                tud_cdc_n_write_flush
 .text.tud_cdc_n_write
                0x10006870       0x38 CMakeFiles/test.dir/C_/Users/Owner/Desktop/Senior_Design_Code/pico-sdk/lib/tinyusb/src/class/cdc/cdc_device.c.obj
                0x10006870                tud_cdc_n_write
 .text.tud_cdc_n_write_available
                0x100068a8       0x1c CMakeFiles/test.dir/C_/Users/Owner/Desktop/Senior_Design_Code/pico-sdk/lib/tinyusb/src/class/cdc/cdc_device.c.obj
                0x100068a8                tud_cdc_n_write_available
 .text.cdcd_init
                0x100068c4       0xbc CMakeFiles/test.dir/C_/Users/Owner/Desktop/Senior_Design_Code/pico-sdk/lib/tinyusb/src/class/cdc/cdc_device.c.obj
                0x100068c4                cdcd_init
 .text.cdcd_reset
                0x10006980       0x44 CMakeFiles/test.dir/C_/Users/Owner/Desktop/Senior_Design_Code/pico-sdk/lib/tinyusb/src/class/cdc/cdc_device.c.obj
                0x10006980                cdcd_reset
 .text.cdcd_open
                0x100069c4       0xf0 CMakeFiles/test.dir/C_/Users/Owner/Desktop/Senior_Design_Code/pico-sdk/lib/tinyusb/src/class/cdc/cdc_device.c.obj
                0x100069c4                cdcd_open
 .text.cdcd_control_xfer_cb
                0x10006ab4      0x134 CMakeFiles/test.dir/C_/Users/Owner/Desktop/Senior_Design_Code/pico-sdk/lib/tinyusb/src/class/cdc/cdc_device.c.obj
                0x10006ab4                cdcd_control_xfer_cb
 .text.cdcd_xfer_cb
                0x10006be8      0x144 CMakeFiles/test.dir/C_/Users/Owner/Desktop/Senior_Design_Code/pico-sdk/lib/tinyusb/src/class/cdc/cdc_device.c.obj
                0x10006be8                cdcd_xfer_cb
 .text.tusb_init
                0x10006d2c       0x24 CMakeFiles/test.dir/C_/Users/Owner/Desktop/Senior_Design_Code/pico-sdk/lib/tinyusb/src/tusb.c.obj
                0x10006d2c                tusb_init
 .text.tusb_inited
                0x10006d50        0xe CMakeFiles/test.dir/C_/Users/Owner/Desktop/Senior_Design_Code/pico-sdk/lib/tinyusb/src/tusb.c.obj
                0x10006d50                tusb_inited
 *fill*         0x10006d5e        0x2 
 .text.tu_edpt_validate
                0x10006d60       0xa8 CMakeFiles/test.dir/C_/Users/Owner/Desktop/Senior_Design_Code/pico-sdk/lib/tinyusb/src/tusb.c.obj
                0x10006d60                tu_edpt_validate
 .text.tu_edpt_bind_driver
                0x10006e08       0x2a CMakeFiles/test.dir/C_/Users/Owner/Desktop/Senior_Design_Code/pico-sdk/lib/tinyusb/src/tusb.c.obj
                0x10006e08                tu_edpt_bind_driver
 .text.advance_pointer
                0x10006e32       0x18 CMakeFiles/test.dir/C_/Users/Owner/Desktop/Senior_Design_Code/pico-sdk/lib/tinyusb/src/common/tusb_fifo.c.obj
 .text.backward_pointer
                0x10006e4a       0x1e CMakeFiles/test.dir/C_/Users/Owner/Desktop/Senior_Design_Code/pico-sdk/lib/tinyusb/src/common/tusb_fifo.c.obj
 .text.get_relative_pointer
                0x10006e68       0x10 CMakeFiles/test.dir/C_/Users/Owner/Desktop/Senior_Design_Code/pico-sdk/lib/tinyusb/src/common/tusb_fifo.c.obj
 .text._tu_fifo_peek
                0x10006e78       0x50 CMakeFiles/test.dir/C_/Users/Owner/Desktop/Senior_Design_Code/pico-sdk/lib/tinyusb/src/common/tusb_fifo.c.obj
 .text._ff_pull_const_addr
                0x10006ec8       0x4c CMakeFiles/test.dir/C_/Users/Owner/Desktop/Senior_Design_Code/pico-sdk/lib/tinyusb/src/common/tusb_fifo.c.obj
 .text._ff_pull_n
                0x10006f14      0x10c CMakeFiles/test.dir/C_/Users/Owner/Desktop/Senior_Design_Code/pico-sdk/lib/tinyusb/src/common/tusb_fifo.c.obj
 .text._tu_fifo_peek_n
                0x10007020       0x5e CMakeFiles/test.dir/C_/Users/Owner/Desktop/Senior_Design_Code/pico-sdk/lib/tinyusb/src/common/tusb_fifo.c.obj
 .text._tu_fifo_read_n
                0x1000707e       0x4e CMakeFiles/test.dir/C_/Users/Owner/Desktop/Senior_Design_Code/pico-sdk/lib/tinyusb/src/common/tusb_fifo.c.obj
 .text._ff_push_const_addr
                0x100070cc       0x40 CMakeFiles/test.dir/C_/Users/Owner/Desktop/Senior_Design_Code/pico-sdk/lib/tinyusb/src/common/tusb_fifo.c.obj
 .text._ff_push_n
                0x1000710c      0x108 CMakeFiles/test.dir/C_/Users/Owner/Desktop/Senior_Design_Code/pico-sdk/lib/tinyusb/src/common/tusb_fifo.c.obj
 .text._tu_fifo_write_n
                0x10007214       0x9e CMakeFiles/test.dir/C_/Users/Owner/Desktop/Senior_Design_Code/pico-sdk/lib/tinyusb/src/common/tusb_fifo.c.obj
 .text.tu_fifo_config
                0x100072b2       0x72 CMakeFiles/test.dir/C_/Users/Owner/Desktop/Senior_Design_Code/pico-sdk/lib/tinyusb/src/common/tusb_fifo.c.obj
                0x100072b2                tu_fifo_config
 .text.tu_fifo_count
                0x10007324       0x26 CMakeFiles/test.dir/C_/Users/Owner/Desktop/Senior_Design_Code/pico-sdk/lib/tinyusb/src/common/tusb_fifo.c.obj
                0x10007324                tu_fifo_count
 .text.tu_fifo_empty
                0x1000734a        0xe CMakeFiles/test.dir/C_/Users/Owner/Desktop/Senior_Design_Code/pico-sdk/lib/tinyusb/src/common/tusb_fifo.c.obj
                0x1000734a                tu_fifo_empty
 .text.tu_fifo_remaining
                0x10007358       0x20 CMakeFiles/test.dir/C_/Users/Owner/Desktop/Senior_Design_Code/pico-sdk/lib/tinyusb/src/common/tusb_fifo.c.obj
                0x10007358                tu_fifo_remaining
 .text.tu_fifo_read
                0x10007378       0x42 CMakeFiles/test.dir/C_/Users/Owner/Desktop/Senior_Design_Code/pico-sdk/lib/tinyusb/src/common/tusb_fifo.c.obj
                0x10007378                tu_fifo_read
 .text.tu_fifo_read_n
                0x100073ba        0xa CMakeFiles/test.dir/C_/Users/Owner/Desktop/Senior_Design_Code/pico-sdk/lib/tinyusb/src/common/tusb_fifo.c.obj
                0x100073ba                tu_fifo_read_n
 .text.tu_fifo_write
                0x100073c4       0x6a CMakeFiles/test.dir/C_/Users/Owner/Desktop/Senior_Design_Code/pico-sdk/lib/tinyusb/src/common/tusb_fifo.c.obj
                0x100073c4                tu_fifo_write
 .text.tu_fifo_write_n
                0x1000742e        0xa CMakeFiles/test.dir/C_/Users/Owner/Desktop/Senior_Design_Code/pico-sdk/lib/tinyusb/src/common/tusb_fifo.c.obj
                0x1000742e                tu_fifo_write_n
 .text.tu_fifo_clear
                0x10007438       0x4c CMakeFiles/test.dir/C_/Users/Owner/Desktop/Senior_Design_Code/pico-sdk/lib/tinyusb/src/common/tusb_fifo.c.obj
                0x10007438                tu_fifo_clear
 .text.tu_fifo_set_overwritable
                0x10007484       0x3c CMakeFiles/test.dir/C_/Users/Owner/Desktop/Senior_Design_Code/pico-sdk/lib/tinyusb/src/common/tusb_fifo.c.obj
                0x10007484                tu_fifo_set_overwritable
 .text._retrieve_unique_id_on_boot
                0x100074c0       0x10 CMakeFiles/test.dir/C_/Users/Owner/Desktop/Senior_Design_Code/pico-sdk/src/rp2_common/pico_unique_id/unique_id.c.obj
 .text.pico_get_unique_board_id_string
                0x100074d0       0x5c CMakeFiles/test.dir/C_/Users/Owner/Desktop/Senior_Design_Code/pico-sdk/src/rp2_common/pico_unique_id/unique_id.c.obj
                0x100074d0                pico_get_unique_board_id_string
 .text.flash_get_unique_id
                0x1000752c       0x46 CMakeFiles/test.dir/C_/Users/Owner/Desktop/Senior_Design_Code/pico-sdk/src/rp2_common/hardware_flash/flash.c.obj
                0x1000752c                flash_get_unique_id
 *fill*         0x10007572        0x2 
 .text.adc_init
                0x10007574       0x34 CMakeFiles/test.dir/C_/Users/Owner/Desktop/Senior_Design_Code/pico-sdk/src/rp2_common/hardware_adc/adc.c.obj
                0x10007574                adc_init
 .text.strlen   0x100075a8       0x5c c:/progra~2/armgnu~1/1213fb~1.2mp/bin/../lib/gcc/arm-none-eabi/12.2.0/thumb/v6-m/nofp\libg.a(libc_a-strlen-stub.o)
                0x100075a8                strlen
 *(.fini)
 .fini          0x10007604        0x4 c:/progra~2/armgnu~1/1213fb~1.2mp/bin/../lib/gcc/arm-none-eabi/12.2.0/thumb/v6-m/nofp/crti.o
                0x10007604                _fini
 .fini.__stub   0x10007608       0x70 linker stubs
 *crtbegin.o(.ctors)
 *crtbegin?.o(.ctors)
 *(EXCLUDE_FILE(*crtend.o *crtend?.o) .ctors)
 *(SORT_BY_NAME(.ctors.*))
 *(.ctors)
 *crtbegin.o(.dtors)
 *crtbegin?.o(.dtors)
 *(EXCLUDE_FILE(*crtend.o *crtend?.o) .dtors)
 *(SORT_BY_NAME(.dtors.*))
 *(.dtors)
 *(.eh_frame*)
 .eh_frame      0x10007678        0x0 c:/progra~2/armgnu~1/1213fb~1.2mp/bin/../lib/gcc/arm-none-eabi/12.2.0/thumb/v6-m/nofp/crtbegin.o
                0x10007678                        . = ALIGN (0x4)

.glue_7         0x10007678        0x0
 .glue_7        0x10007678        0x0 linker stubs

.glue_7t        0x10007678        0x0
 .glue_7t       0x10007678        0x0 linker stubs

.vfp11_veneer   0x10007678        0x0
 .vfp11_veneer  0x10007678        0x0 linker stubs

.v4_bx          0x10007678        0x0
 .v4_bx         0x10007678        0x0 linker stubs

.iplt           0x10007678        0x0
 .iplt          0x10007678        0x0 c:/progra~2/armgnu~1/1213fb~1.2mp/bin/../lib/gcc/arm-none-eabi/12.2.0/thumb/v6-m/nofp/crtbegin.o

.rodata         0x10007678     0x195c
 *(EXCLUDE_FILE(*libm.a: *libc.a:*lib_a-mem*.o *libgcc.a:) .rodata*)
 .rodata.ExampleHostAckCallback.str1.4
                0x10007678       0x43 CMakeFiles/test.dir/test.c.obj
 *fill*         0x100076bb        0x1 
 .rodata.ExampleHostNAckCallback.str1.4
                0x100076bc       0x3a CMakeFiles/test.dir/test.c.obj
 *fill*         0x100076f6        0x2 
 .rodata.ExampleHostDataCallback.str1.4
                0x100076f8       0x3d CMakeFiles/test.dir/test.c.obj
 *fill*         0x10007735        0x3 
 .rodata.ExampleHostDataHapaCallback.str1.4
                0x10007738       0x3c CMakeFiles/test.dir/test.c.obj
 .rodata.ExampleReadCallback.str1.4
                0x10007774       0x26 CMakeFiles/test.dir/test.c.obj
 *fill*         0x1000779a        0x2 
 .rodata.main.str1.4
                0x1000779c       0x18 CMakeFiles/test.dir/test.c.obj
 .rodata.spin_lock_claim_unused.str1.4
                0x100077b4       0x1b CMakeFiles/test.dir/C_/Users/Owner/Desktop/Senior_Design_Code/pico-sdk/src/rp2_common/hardware_sync/sync.c.obj
 *fill*         0x100077cf        0x1 
 .rodata.resolve_branch.str1.4
                0x100077d0       0x6d CMakeFiles/test.dir/C_/Users/Owner/Desktop/Senior_Design_Code/pico-sdk/src/rp2_common/hardware_irq/irq.c.obj
 *fill*         0x1000783d        0x3 
 .rodata.make_branch.str1.4
                0x10007840       0x30 CMakeFiles/test.dir/C_/Users/Owner/Desktop/Senior_Design_Code/pico-sdk/src/rp2_common/hardware_irq/irq.c.obj
 .rodata.insert_branch_and_link.str1.4
                0x10007870       0x10 CMakeFiles/test.dir/C_/Users/Owner/Desktop/Senior_Design_Code/pico-sdk/src/rp2_common/hardware_irq/irq.c.obj
 .rodata.irq_set_exclusive_handler.str1.4
                0x10007880       0x36 CMakeFiles/test.dir/C_/Users/Owner/Desktop/Senior_Design_Code/pico-sdk/src/rp2_common/hardware_irq/irq.c.obj
 *fill*         0x100078b6        0x2 
 .rodata.irq_add_shared_handler.str1.4
                0x100078b8       0xc2 CMakeFiles/test.dir/C_/Users/Owner/Desktop/Senior_Design_Code/pico-sdk/src/rp2_common/hardware_irq/irq.c.obj
 *fill*         0x1000797a        0x2 
 .rodata.irq_remove_handler.str1.4
                0x1000797c       0x2a CMakeFiles/test.dir/C_/Users/Owner/Desktop/Senior_Design_Code/pico-sdk/src/rp2_common/hardware_irq/irq.c.obj
 *fill*         0x100079a6        0x2 
 .rodata.irq_add_tail_to_free_list.str1.4
                0x100079a8       0x3a CMakeFiles/test.dir/C_/Users/Owner/Desktop/Senior_Design_Code/pico-sdk/src/rp2_common/hardware_irq/irq.c.obj
 *fill*         0x100079e2        0x2 
 .rodata.user_irq_claim_unused.str1.4
                0x100079e4       0x1b CMakeFiles/test.dir/C_/Users/Owner/Desktop/Senior_Design_Code/pico-sdk/src/rp2_common/hardware_irq/irq.c.obj
 *fill*         0x100079ff        0x1 
 .rodata.__func__.0
                0x10007a00       0x1a CMakeFiles/test.dir/C_/Users/Owner/Desktop/Senior_Design_Code/pico-sdk/src/rp2_common/hardware_irq/irq.c.obj
 *fill*         0x10007a1a        0x2 
 .rodata.__func__.1
                0x10007a1c       0x17 CMakeFiles/test.dir/C_/Users/Owner/Desktop/Senior_Design_Code/pico-sdk/src/rp2_common/hardware_irq/irq.c.obj
 *fill*         0x10007a33        0x1 
 .rodata.__func__.2
                0x10007a34       0x13 CMakeFiles/test.dir/C_/Users/Owner/Desktop/Senior_Design_Code/pico-sdk/src/rp2_common/hardware_irq/irq.c.obj
 *fill*         0x10007a47        0x1 
 .rodata.__func__.3
                0x10007a48        0xc CMakeFiles/test.dir/C_/Users/Owner/Desktop/Senior_Design_Code/pico-sdk/src/rp2_common/hardware_irq/irq.c.obj
 .rodata.__func__.4
                0x10007a54        0xf CMakeFiles/test.dir/C_/Users/Owner/Desktop/Senior_Design_Code/pico-sdk/src/rp2_common/hardware_irq/irq.c.obj
 *fill*         0x10007a63        0x1 
 .rodata.__func__.5
                0x10007a64       0x17 CMakeFiles/test.dir/C_/Users/Owner/Desktop/Senior_Design_Code/pico-sdk/src/rp2_common/hardware_irq/irq.c.obj
 *fill*         0x10007a7b        0x1 
 .rodata.__func__.6
                0x10007a7c       0x1a CMakeFiles/test.dir/C_/Users/Owner/Desktop/Senior_Design_Code/pico-sdk/src/rp2_common/hardware_irq/irq.c.obj
 *fill*         0x10007a96        0x2 
 .rodata.get_entry.str1.4
                0x10007a98       0x73 CMakeFiles/test.dir/C_/Users/Owner/Desktop/Senior_Design_Code/pico-sdk/src/common/pico_time/time.c.obj
 *fill*         0x10007b0b        0x1 
 .rodata.update_us_since_boot.str1.4
                0x10007b0c       0x6e CMakeFiles/test.dir/C_/Users/Owner/Desktop/Senior_Design_Code/pico-sdk/src/common/pico_time/time.c.obj
 *fill*         0x10007b7a        0x2 
 .rodata.ph_get_node.str1.4
                0x10007b7c       0x73 CMakeFiles/test.dir/C_/Users/Owner/Desktop/Senior_Design_Code/pico-sdk/src/common/pico_time/time.c.obj
 *fill*         0x10007bef        0x1 
 .rodata.ph_add_child_node.str1.4
                0x10007bf0       0x2e CMakeFiles/test.dir/C_/Users/Owner/Desktop/Senior_Design_Code/pico-sdk/src/common/pico_time/time.c.obj
 *fill*         0x10007c1e        0x2 
 .rodata.ph_insert_node.str1.4
                0x10007c20        0x3 CMakeFiles/test.dir/C_/Users/Owner/Desktop/Senior_Design_Code/pico-sdk/src/common/pico_time/time.c.obj
 *fill*         0x10007c23        0x1 
 .rodata.ph_free_node.str1.4
                0x10007c24       0x22 CMakeFiles/test.dir/C_/Users/Owner/Desktop/Senior_Design_Code/pico-sdk/src/common/pico_time/time.c.obj
 *fill*         0x10007c46        0x2 
 .rodata.add_alarm_under_lock.str1.4
                0x10007c48       0x28 CMakeFiles/test.dir/C_/Users/Owner/Desktop/Senior_Design_Code/pico-sdk/src/common/pico_time/time.c.obj
 .rodata.alarm_pool_alarm_callback.str1.4
                0x10007c70       0x60 CMakeFiles/test.dir/C_/Users/Owner/Desktop/Senior_Design_Code/pico-sdk/src/common/pico_time/time.c.obj
 .rodata.alarm_pool_get_default.str1.4
                0x10007cd0       0x21 CMakeFiles/test.dir/C_/Users/Owner/Desktop/Senior_Design_Code/pico-sdk/src/common/pico_time/time.c.obj
 *fill*         0x10007cf1        0x3 
 .rodata.alarm_pool_cancel_alarm.str1.4
                0x10007cf4       0x27 CMakeFiles/test.dir/C_/Users/Owner/Desktop/Senior_Design_Code/pico-sdk/src/common/pico_time/time.c.obj
 *fill*         0x10007d1b        0x1 
 .rodata.sleep_until.str1.4
                0x10007d1c       0x4d CMakeFiles/test.dir/C_/Users/Owner/Desktop/Senior_Design_Code/pico-sdk/src/common/pico_time/time.c.obj
 *fill*         0x10007d69        0x3 
 .rodata.__func__.1
                0x10007d6c       0x18 CMakeFiles/test.dir/C_/Users/Owner/Desktop/Senior_Design_Code/pico-sdk/src/common/pico_time/time.c.obj
 .rodata.__func__.3
                0x10007d84       0x17 CMakeFiles/test.dir/C_/Users/Owner/Desktop/Senior_Design_Code/pico-sdk/src/common/pico_time/time.c.obj
 *fill*         0x10007d9b        0x1 
 .rodata.__func__.4
                0x10007d9c       0x12 CMakeFiles/test.dir/C_/Users/Owner/Desktop/Senior_Design_Code/pico-sdk/src/common/pico_time/time.c.obj
 *fill*         0x10007dae        0x2 
 .rodata.__func__.5
                0x10007db0        0xd CMakeFiles/test.dir/C_/Users/Owner/Desktop/Senior_Design_Code/pico-sdk/src/common/pico_time/time.c.obj
 *fill*         0x10007dbd        0x3 
 .rodata.__func__.6
                0x10007dc0       0x12 CMakeFiles/test.dir/C_/Users/Owner/Desktop/Senior_Design_Code/pico-sdk/src/common/pico_time/time.c.obj
 *fill*         0x10007dd2        0x2 
 .rodata.__func__.7
                0x10007dd4        0xf CMakeFiles/test.dir/C_/Users/Owner/Desktop/Senior_Design_Code/pico-sdk/src/common/pico_time/time.c.obj
 *fill*         0x10007de3        0x1 
 .rodata.__func__.8
                0x10007de4        0xc CMakeFiles/test.dir/C_/Users/Owner/Desktop/Senior_Design_Code/pico-sdk/src/common/pico_time/time.c.obj
 .rodata.__func__.9
                0x10007df0       0x15 CMakeFiles/test.dir/C_/Users/Owner/Desktop/Senior_Design_Code/pico-sdk/src/common/pico_time/time.c.obj
 *fill*         0x10007e05        0x3 
 .rodata.__func__.10
                0x10007e08       0x15 CMakeFiles/test.dir/C_/Users/Owner/Desktop/Senior_Design_Code/pico-sdk/src/common/pico_time/time.c.obj
 *fill*         0x10007e1d        0x3 
 .rodata.__func__.11
                0x10007e20       0x1a CMakeFiles/test.dir/C_/Users/Owner/Desktop/Senior_Design_Code/pico-sdk/src/common/pico_time/time.c.obj
 *fill*         0x10007e3a        0x2 
 .rodata.__func__.12
                0x10007e3c        0xa CMakeFiles/test.dir/C_/Users/Owner/Desktop/Senior_Design_Code/pico-sdk/src/common/pico_time/time.c.obj
 *fill*         0x10007e46        0x2 
 .rodata.hardware_alarm_claim.str1.4
                0x10007e48       0x22 CMakeFiles/test.dir/C_/Users/Owner/Desktop/Senior_Design_Code/pico-sdk/src/rp2_common/hardware_timer/timer.c.obj
 *fill*         0x10007e6a        0x2 
 .rodata.hardware_alarm_set_target.str1.4
                0x10007e6c       0x7d CMakeFiles/test.dir/C_/Users/Owner/Desktop/Senior_Design_Code/pico-sdk/src/rp2_common/hardware_timer/timer.c.obj
 *fill*         0x10007ee9        0x3 
 .rodata.__func__.0
                0x10007eec       0x1a CMakeFiles/test.dir/C_/Users/Owner/Desktop/Senior_Design_Code/pico-sdk/src/rp2_common/hardware_timer/timer.c.obj
 .rodata.ph_get_node.str1.4
                0x10007f06       0x73 CMakeFiles/test.dir/C_/Users/Owner/Desktop/Senior_Design_Code/pico-sdk/src/common/pico_util/pheap.c.obj
 .rodata.ph_add_child_node.str1.4
                0x10007f06       0x2e CMakeFiles/test.dir/C_/Users/Owner/Desktop/Senior_Design_Code/pico-sdk/src/common/pico_util/pheap.c.obj
 *fill*         0x10007f06        0x2 
 .rodata.ph_remove_any_head.str1.4
                0x10007f08       0xa4 CMakeFiles/test.dir/C_/Users/Owner/Desktop/Senior_Design_Code/pico-sdk/src/common/pico_util/pheap.c.obj
 .rodata.ph_remove_and_free_node.str1.4
                0x10007fac       0x1e CMakeFiles/test.dir/C_/Users/Owner/Desktop/Senior_Design_Code/pico-sdk/src/common/pico_util/pheap.c.obj
                                 0x26 (size before relaxing)
 *fill*         0x10007fca        0x2 
 .rodata.__func__.0
                0x10007fcc       0x18 CMakeFiles/test.dir/C_/Users/Owner/Desktop/Senior_Design_Code/pico-sdk/src/common/pico_util/pheap.c.obj
 .rodata.__func__.1
                0x10007fe4       0x13 CMakeFiles/test.dir/C_/Users/Owner/Desktop/Senior_Design_Code/pico-sdk/src/common/pico_util/pheap.c.obj
 *fill*         0x10007ff7        0x1 
 .rodata.__func__.2
                0x10007ff8       0x12 CMakeFiles/test.dir/C_/Users/Owner/Desktop/Senior_Design_Code/pico-sdk/src/common/pico_util/pheap.c.obj
 *fill*         0x1000800a        0x2 
 .rodata.__func__.3
                0x1000800c        0xc CMakeFiles/test.dir/C_/Users/Owner/Desktop/Senior_Design_Code/pico-sdk/src/common/pico_util/pheap.c.obj
 .rodata.update_us_since_boot.str1.4
                0x10008018       0x6e CMakeFiles/test.dir/C_/Users/Owner/Desktop/Senior_Design_Code/pico-sdk/src/common/pico_sync/mutex.c.obj
 .rodata.str1.4
                0x10008018       0xa1 CMakeFiles/test.dir/C_/Users/Owner/Desktop/Senior_Design_Code/pico-sdk/src/common/pico_sync/mutex.c.obj
 *fill*         0x100080b9        0x3 
 .rodata.__func__.1
                0x100080bc        0xb CMakeFiles/test.dir/C_/Users/Owner/Desktop/Senior_Design_Code/pico-sdk/src/common/pico_sync/mutex.c.obj
 *fill*         0x100080c7        0x1 
 .rodata.__func__.3
                0x100080c8       0x18 CMakeFiles/test.dir/C_/Users/Owner/Desktop/Senior_Design_Code/pico-sdk/src/common/pico_sync/mutex.c.obj
 .rodata.__func__.4
                0x100080e0       0x15 CMakeFiles/test.dir/C_/Users/Owner/Desktop/Senior_Design_Code/pico-sdk/src/common/pico_sync/mutex.c.obj
 *fill*         0x100080f5        0x3 
 .rodata.__assert_func.str1.4
                0x100080f8       0x3f CMakeFiles/test.dir/C_/Users/Owner/Desktop/Senior_Design_Code/pico-sdk/src/rp2_common/pico_runtime/runtime.c.obj
                                 0x43 (size before relaxing)
 *fill*         0x10008137        0x1 
 .rodata.runtime_init.str1.4
                0x10008138       0x79 CMakeFiles/test.dir/C_/Users/Owner/Desktop/Senior_Design_Code/pico-sdk/src/rp2_common/pico_runtime/runtime.c.obj
 *fill*         0x100081b1        0x3 
 .rodata.panic.str1.4
                0x100081b4       0x10 CMakeFiles/test.dir/C_/Users/Owner/Desktop/Senior_Design_Code/pico-sdk/src/rp2_common/pico_runtime/runtime.c.obj
                                 0x12 (size before relaxing)
 .rodata.__func__.1
                0x100081c4        0xd CMakeFiles/test.dir/C_/Users/Owner/Desktop/Senior_Design_Code/pico-sdk/src/rp2_common/pico_runtime/runtime.c.obj
 *fill*         0x100081d1        0x3 
 .rodata.clock_configure.str1.4
                0x100081d4       0x6f CMakeFiles/test.dir/C_/Users/Owner/Desktop/Senior_Design_Code/pico-sdk/src/rp2_common/hardware_clocks/clocks.c.obj
 *fill*         0x10008243        0x1 
 .rodata.__func__.1
                0x10008244       0x10 CMakeFiles/test.dir/C_/Users/Owner/Desktop/Senior_Design_Code/pico-sdk/src/rp2_common/hardware_clocks/clocks.c.obj
 .rodata.pll_init.str1.4
                0x10008254      0x153 CMakeFiles/test.dir/C_/Users/Owner/Desktop/Senior_Design_Code/pico-sdk/src/rp2_common/hardware_pll/pll.c.obj
 *fill*         0x100083a7        0x1 
 .rodata.__func__.0
                0x100083a8        0x9 CMakeFiles/test.dir/C_/Users/Owner/Desktop/Senior_Design_Code/pico-sdk/src/rp2_common/hardware_pll/pll.c.obj
 *fill*         0x100083b1        0x3 
 .rodata._ftoa.str1.4
                0x100083b4       0x15 CMakeFiles/test.dir/C_/Users/Owner/Desktop/Senior_Design_Code/pico-sdk/src/rp2_common/pico_printf/printf.c.obj
 *fill*         0x100083c9        0x3 
 .rodata._vsnprintf
                0x100083cc      0x19c CMakeFiles/test.dir/C_/Users/Owner/Desktop/Senior_Design_Code/pico-sdk/src/rp2_common/pico_printf/printf.c.obj
 .rodata.pow10.0
                0x10008568       0x50 CMakeFiles/test.dir/C_/Users/Owner/Desktop/Senior_Design_Code/pico-sdk/src/rp2_common/pico_printf/printf.c.obj
 .rodata.__aeabi_double_init.str1.4
                0x100085b8       0xc0 CMakeFiles/test.dir/C_/Users/Owner/Desktop/Senior_Design_Code/pico-sdk/src/rp2_common/pico_double/double_init_rom.c.obj
 .rodata.__func__.0
                0x10008678       0x14 CMakeFiles/test.dir/C_/Users/Owner/Desktop/Senior_Design_Code/pico-sdk/src/rp2_common/pico_double/double_init_rom.c.obj
 .rodata.__aeabi_float_init.str1.4
                0x1000868c       0x92 CMakeFiles/test.dir/C_/Users/Owner/Desktop/Senior_Design_Code/pico-sdk/src/rp2_common/pico_float/float_init_rom.c.obj
                                 0x96 (size before relaxing)
 *fill*         0x1000871e        0x2 
 .rodata.__func__.0
                0x10008720       0x13 CMakeFiles/test.dir/C_/Users/Owner/Desktop/Senior_Design_Code/pico-sdk/src/rp2_common/pico_float/float_init_rom.c.obj
 *fill*         0x10008733        0x1 
 .rodata.str1.4
                0x10008734       0x3c CMakeFiles/test.dir/C_/Users/Owner/Desktop/Senior_Design_Code/pico-sdk/src/rp2_common/pico_standard_link/binary_info.c.obj
 .rodata.__bi_81
                0x10008770        0xc CMakeFiles/test.dir/C_/Users/Owner/Desktop/Senior_Design_Code/pico-sdk/src/rp2_common/pico_standard_link/binary_info.c.obj
 .rodata.__bi_75
                0x1000877c        0xc CMakeFiles/test.dir/C_/Users/Owner/Desktop/Senior_Design_Code/pico-sdk/src/rp2_common/pico_standard_link/binary_info.c.obj
 .rodata.__bi_44
                0x10008788        0xc CMakeFiles/test.dir/C_/Users/Owner/Desktop/Senior_Design_Code/pico-sdk/src/rp2_common/pico_standard_link/binary_info.c.obj
 .rodata.crlf_str.3
                0x10008794        0x2 CMakeFiles/test.dir/C_/Users/Owner/Desktop/Senior_Design_Code/pico-sdk/src/rp2_common/pico_stdio/stdio.c.obj
 *fill*         0x10008796        0x2 
 .rodata.str1.4
                0x10008798       0x2c CMakeFiles/test.dir/C_/Users/Owner/Desktop/Senior_Design_Code/pico-sdk/src/rp2_common/pico_stdio_uart/stdio_uart.c.obj
 .rodata.__bi_28.4
                0x100087c4        0xc CMakeFiles/test.dir/C_/Users/Owner/Desktop/Senior_Design_Code/pico-sdk/src/rp2_common/pico_stdio_uart/stdio_uart.c.obj
 .rodata.__bi_29.5
                0x100087d0        0x8 CMakeFiles/test.dir/C_/Users/Owner/Desktop/Senior_Design_Code/pico-sdk/src/rp2_common/pico_stdio_uart/stdio_uart.c.obj
 .rodata._resetd_driver
                0x100087d8       0x18 CMakeFiles/test.dir/C_/Users/Owner/Desktop/Senior_Design_Code/pico-sdk/src/rp2_common/pico_stdio_usb/reset_interface.c.obj
 .rodata.update_us_since_boot.str1.4
                0x100087f0       0x6e CMakeFiles/test.dir/C_/Users/Owner/Desktop/Senior_Design_Code/pico-sdk/src/rp2_common/pico_stdio_usb/stdio_usb.c.obj
 .rodata.timer_task.str1.4
                0x100087f0       0x85 CMakeFiles/test.dir/C_/Users/Owner/Desktop/Senior_Design_Code/pico-sdk/src/rp2_common/pico_stdio_usb/stdio_usb.c.obj
 *fill*         0x10008875        0x3 
 .rodata.__func__.0
                0x10008878       0x15 CMakeFiles/test.dir/C_/Users/Owner/Desktop/Senior_Design_Code/pico-sdk/src/rp2_common/pico_stdio_usb/stdio_usb.c.obj
 *fill*         0x1000888d        0x3 
 .rodata.__func__.1
                0x10008890        0xb CMakeFiles/test.dir/C_/Users/Owner/Desktop/Senior_Design_Code/pico-sdk/src/rp2_common/pico_stdio_usb/stdio_usb.c.obj
 *fill*         0x1000889b        0x1 
 .rodata.str1.4
                0x1000889c       0x13 CMakeFiles/test.dir/C_/Users/Owner/Desktop/Senior_Design_Code/pico-sdk/src/rp2_common/pico_stdio_usb/stdio_usb.c.obj
 *fill*         0x100088af        0x1 
 .rodata.__bi_118.2
                0x100088b0        0xc CMakeFiles/test.dir/C_/Users/Owner/Desktop/Senior_Design_Code/pico-sdk/src/rp2_common/pico_stdio_usb/stdio_usb.c.obj
 .rodata.str1.4
                0x100088bc       0x2a CMakeFiles/test.dir/C_/Users/Owner/Desktop/Senior_Design_Code/pico-sdk/src/rp2_common/pico_stdio_usb/stdio_usb_descriptors.c.obj
 *fill*         0x100088e6        0x2 
 .rodata.usbd_desc_str
                0x100088e8       0x18 CMakeFiles/test.dir/C_/Users/Owner/Desktop/Senior_Design_Code/pico-sdk/src/rp2_common/pico_stdio_usb/stdio_usb_descriptors.c.obj
 .rodata.usbd_desc_cfg
                0x10008900       0x54 CMakeFiles/test.dir/C_/Users/Owner/Desktop/Senior_Design_Code/pico-sdk/src/rp2_common/pico_stdio_usb/stdio_usb_descriptors.c.obj
 .rodata.usbd_desc_device
                0x10008954       0x12 CMakeFiles/test.dir/C_/Users/Owner/Desktop/Senior_Design_Code/pico-sdk/src/rp2_common/pico_stdio_usb/stdio_usb_descriptors.c.obj
 *fill*         0x10008966        0x2 
 .rodata._hw_endpoint_alloc.str1.4
                0x10008968       0xcd CMakeFiles/test.dir/C_/Users/Owner/Desktop/Senior_Design_Code/pico-sdk/lib/tinyusb/src/portable/raspberrypi/rp2040/dcd_rp2040.c.obj
 *fill*         0x10008a35        0x3 
 .rodata.dcd_rp2040_irq.str1.4
                0x10008a38       0x14 CMakeFiles/test.dir/C_/Users/Owner/Desktop/Senior_Design_Code/pico-sdk/lib/tinyusb/src/portable/raspberrypi/rp2040/dcd_rp2040.c.obj
 .rodata.dcd_int_enable.str1.4
                0x10008a4c        0xc CMakeFiles/test.dir/C_/Users/Owner/Desktop/Senior_Design_Code/pico-sdk/lib/tinyusb/src/portable/raspberrypi/rp2040/dcd_rp2040.c.obj
 .rodata.__func__.0
                0x10008a58        0xe CMakeFiles/test.dir/C_/Users/Owner/Desktop/Senior_Design_Code/pico-sdk/lib/tinyusb/src/portable/raspberrypi/rp2040/dcd_rp2040.c.obj
 *fill*         0x10008a66        0x2 
 .rodata.__func__.1
                0x10008a68        0xe CMakeFiles/test.dir/C_/Users/Owner/Desktop/Senior_Design_Code/pico-sdk/lib/tinyusb/src/portable/raspberrypi/rp2040/dcd_rp2040.c.obj
 *fill*         0x10008a76        0x2 
 .rodata.__func__.3
                0x10008a78       0x10 CMakeFiles/test.dir/C_/Users/Owner/Desktop/Senior_Design_Code/pico-sdk/lib/tinyusb/src/portable/raspberrypi/rp2040/dcd_rp2040.c.obj
 .rodata.__func__.5
                0x10008a88        0xf CMakeFiles/test.dir/C_/Users/Owner/Desktop/Senior_Design_Code/pico-sdk/lib/tinyusb/src/portable/raspberrypi/rp2040/dcd_rp2040.c.obj
 *fill*         0x10008a97        0x1 
 .rodata.__func__.6
                0x10008a98       0x13 CMakeFiles/test.dir/C_/Users/Owner/Desktop/Senior_Design_Code/pico-sdk/lib/tinyusb/src/portable/raspberrypi/rp2040/dcd_rp2040.c.obj
 *fill*         0x10008aab        0x1 
 .rodata.__func__.7
                0x10008aac        0x9 CMakeFiles/test.dir/C_/Users/Owner/Desktop/Senior_Design_Code/pico-sdk/lib/tinyusb/src/portable/raspberrypi/rp2040/dcd_rp2040.c.obj
 *fill*         0x10008ab5        0x3 
 .rodata.sync_ep_buffer.str1.4
                0x10008ab8       0xa9 CMakeFiles/test.dir/C_/Users/Owner/Desktop/Senior_Design_Code/pico-sdk/lib/tinyusb/src/portable/raspberrypi/rp2040/rp2040_usb.c.obj
 *fill*         0x10008b61        0x3 
 .rodata._hw_endpoint_buffer_control_update32.str1.4
                0x10008b64       0x1f CMakeFiles/test.dir/C_/Users/Owner/Desktop/Senior_Design_Code/pico-sdk/lib/tinyusb/src/portable/raspberrypi/rp2040/rp2040_usb.c.obj
 *fill*         0x10008b83        0x1 
 .rodata.hw_endpoint_xfer_start.str1.4
                0x10008b84       0x38 CMakeFiles/test.dir/C_/Users/Owner/Desktop/Senior_Design_Code/pico-sdk/lib/tinyusb/src/portable/raspberrypi/rp2040/rp2040_usb.c.obj
 .rodata.hw_endpoint_xfer_continue.str1.4
                0x10008bbc       0x29 CMakeFiles/test.dir/C_/Users/Owner/Desktop/Senior_Design_Code/pico-sdk/lib/tinyusb/src/portable/raspberrypi/rp2040/rp2040_usb.c.obj
 *fill*         0x10008be5        0x3 
 .rodata.__func__.0
                0x10008be8        0xf CMakeFiles/test.dir/C_/Users/Owner/Desktop/Senior_Design_Code/pico-sdk/lib/tinyusb/src/portable/raspberrypi/rp2040/rp2040_usb.c.obj
 .rodata.str1.4
                0x10008bf7       0x29 CMakeFiles/test.dir/C_/Users/Owner/Desktop/Senior_Design_Code/pico-sdk/lib/tinyusb/src/portable/raspberrypi/rp2040/rp2040_usb.c.obj
                                  0x7 (size before relaxing)
 *fill*         0x10008bf7        0x1 
 .rodata.process_set_config.str1.4
                0x10008bf8       0x17 CMakeFiles/test.dir/C_/Users/Owner/Desktop/Senior_Design_Code/pico-sdk/lib/tinyusb/src/device/usbd.c.obj
 *fill*         0x10008c0f        0x1 
 .rodata.process_get_descriptor
                0x10008c10       0x40 CMakeFiles/test.dir/C_/Users/Owner/Desktop/Senior_Design_Code/pico-sdk/lib/tinyusb/src/device/usbd.c.obj
 .rodata.process_control_request
                0x10008c50       0x28 CMakeFiles/test.dir/C_/Users/Owner/Desktop/Senior_Design_Code/pico-sdk/lib/tinyusb/src/device/usbd.c.obj
 .rodata.tud_task