Archive member included to satisfy reference by file (symbol)

c:/progra~2/armgnu~1/1213fb~1.2mp/bin/../lib/gcc/arm-none-eabi/12.2.0/thumb/v6-m/nofp\libgcc.a(_dvmd_tls.o)
                              CMakeFiles/testv2.dir/C_/Users/Owner/Downloads/pico-sdk/src/rp2_common/pico_divider/divider.S.obj (__aeabi_idiv0)
c:/progra~2/armgnu~1/1213fb~1.2mp/bin/../lib/gcc/arm-none-eabi/12.2.0/thumb/v6-m/nofp\libg.a(libc_a-calloc.o)
                              CMakeFiles/testv2.dir/C_/Users/Owner/Downloads/pico-sdk/src/rp2_common/pico_malloc/pico_malloc.c.obj (calloc)
c:/progra~2/armgnu~1/1213fb~1.2mp/bin/../lib/gcc/arm-none-eabi/12.2.0/thumb/v6-m/nofp\libg.a(libc_a-callocr.o)
                              c:/progra~2/armgnu~1/1213fb~1.2mp/bin/../lib/gcc/arm-none-eabi/12.2.0/thumb/v6-m/nofp\libg.a(libc_a-calloc.o) (_calloc_r)
c:/progra~2/armgnu~1/1213fb~1.2mp/bin/../lib/gcc/arm-none-eabi/12.2.0/thumb/v6-m/nofp\libg.a(libc_a-malloc.o)
                              CMakeFiles/testv2.dir/C_/Users/Owner/Downloads/pico-sdk/src/rp2_common/pico_malloc/pico_malloc.c.obj (malloc)
c:/progra~2/armgnu~1/1213fb~1.2mp/bin/../lib/gcc/arm-none-eabi/12.2.0/thumb/v6-m/nofp\libg.a(libc_a-mallocr.o)
                              c:/progra~2/armgnu~1/1213fb~1.2mp/bin/../lib/gcc/arm-none-eabi/12.2.0/thumb/v6-m/nofp\libg.a(libc_a-callocr.o) (_malloc_r)
c:/progra~2/armgnu~1/1213fb~1.2mp/bin/../lib/gcc/arm-none-eabi/12.2.0/thumb/v6-m/nofp\libg.a(libc_a-mlock.o)
                              c:/progra~2/armgnu~1/1213fb~1.2mp/bin/../lib/gcc/arm-none-eabi/12.2.0/thumb/v6-m/nofp\libg.a(libc_a-mallocr.o) (__malloc_lock)
c:/progra~2/armgnu~1/1213fb~1.2mp/bin/../lib/gcc/arm-none-eabi/12.2.0/thumb/v6-m/nofp\libg.a(libc_a-realloc.o)
                              CMakeFiles/testv2.dir/C_/Users/Owner/Downloads/pico-sdk/src/rp2_common/pico_malloc/pico_malloc.c.obj (realloc)
c:/progra~2/armgnu~1/1213fb~1.2mp/bin/../lib/gcc/arm-none-eabi/12.2.0/thumb/v6-m/nofp\libg.a(libc_a-reallocr.o)
                              c:/progra~2/armgnu~1/1213fb~1.2mp/bin/../lib/gcc/arm-none-eabi/12.2.0/thumb/v6-m/nofp\libg.a(libc_a-realloc.o) (_realloc_r)
c:/progra~2/armgnu~1/1213fb~1.2mp/bin/../lib/gcc/arm-none-eabi/12.2.0/thumb/v6-m/nofp\libg.a(libc_a-ctype_.o)
                              CMakeFiles/testv2.dir/C_/Users/Owner/Downloads/pico-sdk/lib/tinyusb/src/tusb.c.obj (_ctype_)
c:/progra~2/armgnu~1/1213fb~1.2mp/bin/../lib/gcc/arm-none-eabi/12.2.0/thumb/v6-m/nofp\libg.a(libc_a-memmove.o)
                              c:/progra~2/armgnu~1/1213fb~1.2mp/bin/../lib/gcc/arm-none-eabi/12.2.0/thumb/v6-m/nofp\libg.a(libc_a-reallocr.o) (memmove)
c:/progra~2/armgnu~1/1213fb~1.2mp/bin/../lib/gcc/arm-none-eabi/12.2.0/thumb/v6-m/nofp\libg.a(libc_a-impure.o)
                              c:/progra~2/armgnu~1/1213fb~1.2mp/bin/../lib/gcc/arm-none-eabi/12.2.0/thumb/v6-m/nofp\libg.a(libc_a-calloc.o) (_impure_ptr)
c:/progra~2/armgnu~1/1213fb~1.2mp/bin/../lib/gcc/arm-none-eabi/12.2.0/thumb/v6-m/nofp\libg.a(libc_a-sbrkr.o)
                              c:/progra~2/armgnu~1/1213fb~1.2mp/bin/../lib/gcc/arm-none-eabi/12.2.0/thumb/v6-m/nofp\libg.a(libc_a-mallocr.o) (_sbrk_r)
c:/progra~2/armgnu~1/1213fb~1.2mp/bin/../lib/gcc/arm-none-eabi/12.2.0/thumb/v6-m/nofp\libg.a(libc_a-errno.o)
                              c:/progra~2/armgnu~1/1213fb~1.2mp/bin/../lib/gcc/arm-none-eabi/12.2.0/thumb/v6-m/nofp\libg.a(libc_a-callocr.o) (__errno)
c:/progra~2/armgnu~1/1213fb~1.2mp/bin/../lib/gcc/arm-none-eabi/12.2.0/thumb/v6-m/nofp\libg.a(libc_a-init.o)
                              c:/progra~2/armgnu~1/1213fb~1.2mp/bin/../lib/gcc/arm-none-eabi/12.2.0/thumb/v6-m/nofp/crt0.o (__libc_init_array)
c:/progra~2/armgnu~1/1213fb~1.2mp/bin/../lib/gcc/arm-none-eabi/12.2.0/thumb/v6-m/nofp\libg.a(libc_a-lock.o)
                              c:/progra~2/armgnu~1/1213fb~1.2mp/bin/../lib/gcc/arm-none-eabi/12.2.0/thumb/v6-m/nofp\libg.a(libc_a-mlock.o) (__retarget_lock_acquire_recursive)
c:/progra~2/armgnu~1/1213fb~1.2mp/bin/../lib/gcc/arm-none-eabi/12.2.0/thumb/v6-m/nofp\libg.a(libc_a-strlen-stub.o)
                              CMakeFiles/testv2.dir/C_/Users/Owner/Downloads/pico-sdk/src/rp2_common/pico_stdio/stdio.c.obj (strlen)
c:/progra~2/armgnu~1/1213fb~1.2mp/bin/../lib/gcc/arm-none-eabi/12.2.0/thumb/v6-m/nofp\libg.a(libc_a-freer.o)
                              c:/progra~2/armgnu~1/1213fb~1.2mp/bin/../lib/gcc/arm-none-eabi/12.2.0/thumb/v6-m/nofp\libg.a(libc_a-malloc.o) (_free_r)
c:/progra~2/armgnu~1/1213fb~1.2mp/bin/../lib/gcc/arm-none-eabi/12.2.0/thumb/v6-m/nofp\libg.a(libc_a-findfp.o)
                              c:/progra~2/armgnu~1/1213fb~1.2mp/bin/../lib/gcc/arm-none-eabi/12.2.0/thumb/v6-m/nofp\libg.a(libc_a-impure.o) (__sf)
c:/progra~2/armgnu~1/1213fb~1.2mp/bin/../lib/gcc/arm-none-eabi/12.2.0/thumb/v6-m/nofp\libg.a(libc_a-fwalk.o)
                              c:/progra~2/armgnu~1/1213fb~1.2mp/bin/../lib/gcc/arm-none-eabi/12.2.0/thumb/v6-m/nofp\libg.a(libc_a-findfp.o) (_fwalk_sglue)
[...]
Memory Configuration

Name             Origin             Length             Attributes
FLASH            0x10000000         0x00200000         xr
RAM              0x20000000         0x00040000         xrw
SCRATCH_X        0x20040000         0x00001000         xrw
SCRATCH_Y        0x20041000         0x00001000         xrw
*default*        0x00000000         0xffffffff

Linker script and memory map

LOAD c:/progra~2/armgnu~1/1213fb~1.2mp/bin/../lib/gcc/arm-none-eabi/12.2.0/thumb/v6-m/nofp/crti.o
LOAD c:/progra~2/armgnu~1/1213fb~1.2mp/bin/../lib/gcc/arm-none-eabi/12.2.0/thumb/v6-m/nofp/crtbegin.o
LOAD c:/progra~2/armgnu~1/1213fb~1.2mp/bin/../lib/gcc/arm-none-eabi/12.2.0/thumb/v6-m/nofp/crt0.o

.flash_begin    0x10000000        0x0
                0x10000000                        __flash_binary_start = .

.boot2          0x10000000      0x100
                0x10000000                        __boot2_start__ = .
 *(.boot2)
 .boot2         0x10000000      0x100 C:\Users\Owner\AppData\Local\Temp\cc0gm0tA.o
                0x10000100                        __boot2_end__ = .
                0x00000001                        ASSERT (((__boot2_end__ - __boot2_start__) == 0x100), ERROR: Pico second stage bootloader must be 256 bytes in size)

.text           0x10000100     0x7490
                0x10000100                        __logical_binary_start = .
 *(.vectors)
 .vectors       0x10000100       0xd4 CMakeFiles/testv2.dir/C_/Users/Owner/Downloads/pico-sdk/src/rp2_common/pico_standard_link/crt0.S.obj
                0x10000100                __VECTOR_TABLE
                0x10000100                __vectors
                0x100001c0                isr_invalid
                0x100001c0                __default_isrs_start
                0x100001c2                isr_nmi
                0x100001c4                isr_hardfault
                0x100001c6                isr_svcall
                0x100001c8                isr_pendsv
                0x100001ca                isr_systick
                0x100001cc                isr_irq23
                0x100001cc                isr_irq18
                0x100001cc                isr_irq11
                0x100001cc                isr_irq28
                0x100001cc                isr_irq19
                0x100001cc                isr_irq0
                0x100001cc                isr_irq6
                0x100001cc                isr_irq5
                0x100001cc                isr_irq12
                0x100001cc                isr_irq22
                0x100001cc                isr_irq31
                0x100001cc                isr_irq17
                0x100001cc                isr_irq27
                0x100001cc                isr_irq30
                0x100001cc                isr_irq2
                0x100001cc                isr_irq10
                0x100001cc                isr_irq8
                0x100001cc                isr_irq24
                0x100001cc                isr_irq1
                0x100001cc                isr_irq7
                0x100001cc                isr_irq21
                0x100001cc                isr_irq20
                0x100001cc                isr_irq15
                0x100001cc                isr_irq25
                0x100001cc                isr_irq13
                0x100001cc                __unhandled_user_irq
                0x100001cc                isr_irq4
                0x100001cc                isr_irq16
                0x100001cc                isr_irq29
                0x100001cc                isr_irq26
                0x100001cc                __default_isrs_end
                0x100001cc                isr_irq3
                0x100001cc                isr_irq14
                0x100001cc                isr_irq9
                0x100001d2                unhandled_user_irq_num_in_r0
 *(.binary_info_header)
 .binary_info_header
                0x100001d4       0x14 CMakeFiles/testv2.dir/C_/Users/Owner/Downloads/pico-sdk/src/rp2_common/pico_standard_link/crt0.S.obj
                0x100001e8                        __binary_info_header_end = .
 *(.reset)
 .reset         0x100001e8       0xa8 CMakeFiles/testv2.dir/C_/Users/Owner/Downloads/pico-sdk/src/rp2_common/pico_standard_link/crt0.S.obj
                0x100001e8                _entry_point
                0x10000266                __get_current_exception
 .reset         0x10000290       0x30 CMakeFiles/testv2.dir/C_/Users/Owner/Downloads/pico-sdk/src/rp2_common/pico_standard_link/binary_info.c.obj
 *(.init)
 .init          0x100002c0        0x4 c:/progra~2/armgnu~1/1213fb~1.2mp/bin/../lib/gcc/arm-none-eabi/12.2.0/thumb/v6-m/nofp/crti.o
                0x100002c0                _init
 *(EXCLUDE_FILE(*libm.a: *libc.a:*lib_a-mem*.o *libgcc.a:) .text*)
 .text.register_tm_clones
                0x100002c4       0x28 c:/progra~2/armgnu~1/1213fb~1.2mp/bin/../lib/gcc/arm-none-eabi/12.2.0/thumb/v6-m/nofp/crtbegin.o
 .text.frame_dummy
                0x100002ec       0x24 c:/progra~2/armgnu~1/1213fb~1.2mp/bin/../lib/gcc/arm-none-eabi/12.2.0/thumb/v6-m/nofp/crtbegin.o
 .text.adc_gpio_init
                0x10000310       0x1e CMakeFiles/testv2.dir/testv2.c.obj
 *fill*         0x1000032e        0x2 
 .text.main     0x10000330      0x14c CMakeFiles/testv2.dir/testv2.c.obj
                0x10000330                main
 .text.gpio_set_function
                0x1000047c       0x30 CMakeFiles/testv2.dir/C_/Users/Owner/Downloads/pico-sdk/src/rp2_common/hardware_gpio/gpio.c.obj
                0x1000047c                gpio_set_function
 .text.gpio_set_pulls
                0x100004ac       0x34 CMakeFiles/testv2.dir/C_/Users/Owner/Downloads/pico-sdk/src/rp2_common/hardware_gpio/gpio.c.obj
                0x100004ac                gpio_set_pulls
 .text.gpio_set_input_enabled
                0x100004e0       0x30 CMakeFiles/testv2.dir/C_/Users/Owner/Downloads/pico-sdk/src/rp2_common/hardware_gpio/gpio.c.obj
                0x100004e0                gpio_set_input_enabled
 .text.hw_claim_lock
                0x10000510       0x18 CMakeFiles/testv2.dir/C_/Users/Owner/Downloads/pico-sdk/src/rp2_common/hardware_claim/claim.c.obj
                0x10000510                hw_claim_lock
 .text.hw_claim_unlock
                0x10000528       0x14 CMakeFiles/testv2.dir/C_/Users/Owner/Downloads/pico-sdk/src/rp2_common/hardware_claim/claim.c.obj
                0x10000528                hw_claim_unlock
 .text.hw_claim_or_assert
                0x1000053c       0x32 CMakeFiles/testv2.dir/C_/Users/Owner/Downloads/pico-sdk/src/rp2_common/hardware_claim/claim.c.obj
                0x1000053c                hw_claim_or_assert
 .text.hw_claim_unused_from_range
                0x1000056e       0x50 CMakeFiles/testv2.dir/C_/Users/Owner/Downloads/pico-sdk/src/rp2_common/hardware_claim/claim.c.obj
                0x1000056e                hw_claim_unused_from_range
 *fill*         0x100005be        0x2 
 .text.running_on_fpga
                0x100005c0       0x14 CMakeFiles/testv2.dir/C_/Users/Owner/Downloads/pico-sdk/src/rp2_common/pico_platform/platform.c.obj
                0x100005c0                running_on_fpga
 .text.spin_locks_reset
                0x100005d4       0x20 CMakeFiles/testv2.dir/C_/Users/Owner/Downloads/pico-sdk/src/rp2_common/hardware_sync/sync.c.obj
                0x100005d4                spin_locks_reset
 .text.next_striped_spin_lock_num
                0x100005f4       0x1c CMakeFiles/testv2.dir/C_/Users/Owner/Downloads/pico-sdk/src/rp2_common/hardware_sync/sync.c.obj
                0x100005f4                next_striped_spin_lock_num
 .text.spin_lock_claim_unused
                0x10000610       0x24 CMakeFiles/testv2.dir/C_/Users/Owner/Downloads/pico-sdk/src/rp2_common/hardware_sync/sync.c.obj
                0x10000610                spin_lock_claim_unused
 .text.set_raw_irq_handler_and_unlock
                0x10000634       0x28 CMakeFiles/testv2.dir/C_/Users/Owner/Downloads/pico-sdk/src/rp2_common/hardware_irq/irq.c.obj
 .text.resolve_branch
                0x1000065c       0x30 CMakeFiles/testv2.dir/C_/Users/Owner/Downloads/pico-sdk/src/rp2_common/hardware_irq/irq.c.obj
 .text.make_branch
                0x1000068c       0x48 CMakeFiles/testv2.dir/C_/Users/Owner/Downloads/pico-sdk/src/rp2_common/hardware_irq/irq.c.obj
 .text.insert_branch_and_link
                0x100006d4       0x40 CMakeFiles/testv2.dir/C_/Users/Owner/Downloads/pico-sdk/src/rp2_common/hardware_irq/irq.c.obj
 .text.irq_is_enabled
                0x10000714       0x18 CMakeFiles/testv2.dir/C_/Users/Owner/Downloads/pico-sdk/src/rp2_common/hardware_irq/irq.c.obj
                0x10000714                irq_is_enabled
 .text.irq_set_mask_enabled
                0x1000072c       0x20 CMakeFiles/testv2.dir/C_/Users/Owner/Downloads/pico-sdk/src/rp2_common/hardware_irq/irq.c.obj
                0x1000072c                irq_set_mask_enabled
 .text.irq_set_enabled
                0x1000074c        0xe CMakeFiles/testv2.dir/C_/Users/Owner/Downloads/pico-sdk/src/rp2_common/hardware_irq/irq.c.obj
                0x1000074c                irq_set_enabled
 *fill*         0x1000075a        0x2 
 .text.irq_set_pending
                0x1000075c       0x10 CMakeFiles/testv2.dir/C_/Users/Owner/Downloads/pico-sdk/src/rp2_common/hardware_irq/irq.c.obj
                0x1000075c                irq_set_pending
 .text.irq_get_vtable_handler
                0x1000076c       0x10 CMakeFiles/testv2.dir/C_/Users/Owner/Downloads/pico-sdk/src/rp2_common/hardware_irq/irq.c.obj
                0x1000076c                irq_get_vtable_handler
 .text.irq_has_shared_handler
                0x1000077c       0x24 CMakeFiles/testv2.dir/C_/Users/Owner/Downloads/pico-sdk/src/rp2_common/hardware_irq/irq.c.obj
                0x1000077c                irq_has_shared_handler
 .text.irq_set_exclusive_handler
                0x100007a0       0x54 CMakeFiles/testv2.dir/C_/Users/Owner/Downloads/pico-sdk/src/rp2_common/hardware_irq/irq.c.obj
                0x100007a0                irq_set_exclusive_handler
 .text.irq_add_shared_handler
                0x100007f4      0x210 CMakeFiles/testv2.dir/C_/Users/Owner/Downloads/pico-sdk/src/rp2_common/hardware_irq/irq.c.obj
                0x100007f4                irq_add_shared_handler
 .text.irq_remove_handler
                0x10000a04      0x188 CMakeFiles/testv2.dir/C_/Users/Owner/Downloads/pico-sdk/src/rp2_common/hardware_irq/irq.c.obj
                0x10000a04                irq_remove_handler
 .text.irq_add_tail_to_free_list
                0x10000b8c       0xf0 CMakeFiles/testv2.dir/C_/Users/Owner/Downloads/pico-sdk/src/rp2_common/hardware_irq/irq.c.obj
                0x10000b8c                irq_add_tail_to_free_list
 .text.irq_init_priorities
                0x10000c7c       0x1c CMakeFiles/testv2.dir/C_/Users/Owner/Downloads/pico-sdk/src/rp2_common/hardware_irq/irq.c.obj
                0x10000c7c                irq_init_priorities
 .text.user_irq_claim_unused
                0x10000c98       0x30 CMakeFiles/testv2.dir/C_/Users/Owner/Downloads/pico-sdk/src/rp2_common/hardware_irq/irq.c.obj
                0x10000c98                user_irq_claim_unused
 .text.lock_init
                0x10000cc8       0x10 CMakeFiles/testv2.dir/C_/Users/Owner/Downloads/pico-sdk/src/common/pico_sync/lock_core.c.obj
                0x10000cc8                lock_init
 .text.time_reached
                0x10000cd8       0x28 CMakeFiles/testv2.dir/C_/Users/Owner/Downloads/pico-sdk/src/common/pico_time/time.c.obj
 .text.get_entry
                0x10000d00       0x38 CMakeFiles/testv2.dir/C_/Users/Owner/Downloads/pico-sdk/src/common/pico_time/time.c.obj
 .text.timer_pool_entry_comparator
                0x10000d38       0x2e CMakeFiles/testv2.dir/C_/Users/Owner/Downloads/pico-sdk/src/common/pico_time/time.c.obj
                0x10000d38                timer_pool_entry_comparator
 *fill*         0x10000d66        0x2 
 .text.update_us_since_boot
                0x10000d68       0x24 CMakeFiles/testv2.dir/C_/Users/Owner/Downloads/pico-sdk/src/common/pico_time/time.c.obj
 .text.delayed_by_us
                0x10000d8c       0x36 CMakeFiles/testv2.dir/C_/Users/Owner/Downloads/pico-sdk/src/common/pico_time/time.c.obj
 *fill*         0x10000dc2        0x2 
 .text.ph_get_node
                0x10000dc4       0x30 CMakeFiles/testv2.dir/C_/Users/Owner/Downloads/pico-sdk/src/common/pico_time/time.c.obj
 .text.ph_contains_node
                0x10000df4       0x1e CMakeFiles/testv2.dir/C_/Users/Owner/Downloads/pico-sdk/src/common/pico_time/time.c.obj
 .text.ph_new_node
                0x10000e12       0x28 CMakeFiles/testv2.dir/C_/Users/Owner/Downloads/pico-sdk/src/common/pico_time/time.c.obj
 *fill*         0x10000e3a        0x2 
 .text.ph_add_child_node
                0x10000e3c       0x6c CMakeFiles/testv2.dir/C_/Users/Owner/Downloads/pico-sdk/src/common/pico_time/time.c.obj
 .text.ph_merge_nodes
                0x10000ea8       0x3e CMakeFiles/testv2.dir/C_/Users/Owner/Downloads/pico-sdk/src/common/pico_time/time.c.obj
 *fill*         0x10000ee6        0x2 
 .text.ph_insert_node
                0x10000ee8       0x3c CMakeFiles/testv2.dir/C_/Users/Owner/Downloads/pico-sdk/src/common/pico_time/time.c.obj
 .text.ph_free_node
                0x10000f24       0x3c CMakeFiles/testv2.dir/C_/Users/Owner/Downloads/pico-sdk/src/common/pico_time/time.c.obj
 .text.get_entry_id_high
                0x10000f60       0x30 CMakeFiles/testv2.dir/C_/Users/Owner/Downloads/pico-sdk/src/common/pico_time/time.c.obj
 .text.alarm_pool_post_alloc_init
                0x10000f90       0x40 CMakeFiles/testv2.dir/C_/Users/Owner/Downloads/pico-sdk/src/common/pico_time/time.c.obj
 .text.sleep_until_callback
                0x10000fd0       0x30 CMakeFiles/testv2.dir/C_/Users/Owner/Downloads/pico-sdk/src/common/pico_time/time.c.obj
 .text.get_absolute_time
                0x10001000       0x22 CMakeFiles/testv2.dir/C_/Users/Owner/Downloads/pico-sdk/src/common/pico_time/time.c.obj
 .text.make_timeout_time_us
                0x10001022       0x24 CMakeFiles/testv2.dir/C_/Users/Owner/Downloads/pico-sdk/src/common/pico_time/time.c.obj
 *fill*         0x10001046        0x2 
 .text.add_alarm_under_lock
                0x10001048       0x94 CMakeFiles/testv2.dir/C_/Users/Owner/Downloads/pico-sdk/src/common/pico_time/time.c.obj
 .text.alarm_pool_alarm_callback
                0x100010dc      0x20c CMakeFiles/testv2.dir/C_/Users/Owner/Downloads/pico-sdk/src/common/pico_time/time.c.obj
 .text.alarm_pool_init_default
                0x100012e8       0x38 CMakeFiles/testv2.dir/C_/Users/Owner/Downloads/pico-sdk/src/common/pico_time/time.c.obj
                0x100012e8                alarm_pool_init_default
 .text.alarm_pool_get_default
                0x10001320       0x2c CMakeFiles/testv2.dir/C_/Users/Owner/Downloads/pico-sdk/src/common/pico_time/time.c.obj
                0x10001320                alarm_pool_get_default
 .text.alarm_pool_add_alarm_at
                0x1000134c      0x10e CMakeFiles/testv2.dir/C_/Users/Owner/Downloads/pico-sdk/src/common/pico_time/time.c.obj
                0x1000134c                alarm_pool_add_alarm_at
 .text.add_alarm_at
                0x1000145a       0x2e CMakeFiles/testv2.dir/C_/Users/Owner/Downloads/pico-sdk/src/common/pico_time/time.c.obj
 .text.alarm_pool_cancel_alarm
                0x10001488       0xa0 CMakeFiles/testv2.dir/C_/Users/Owner/Downloads/pico-sdk/src/common/pico_time/time.c.obj
                0x10001488                alarm_pool_cancel_alarm
 .text.cancel_alarm
                0x10001528       0x10 CMakeFiles/testv2.dir/C_/Users/Owner/Downloads/pico-sdk/src/common/pico_time/time.c.obj
 .text.sleep_until
                0x10001538       0xb0 CMakeFiles/testv2.dir/C_/Users/Owner/Downloads/pico-sdk/src/common/pico_time/time.c.obj
                0x10001538                sleep_until
 .text.sleep_us
                0x100015e8       0x1a CMakeFiles/testv2.dir/C_/Users/Owner/Downloads/pico-sdk/src/common/pico_time/time.c.obj
                0x100015e8                sleep_us
 .text.sleep_ms
                0x10001602       0x14 CMakeFiles/testv2.dir/C_/Users/Owner/Downloads/pico-sdk/src/common/pico_time/time.c.obj
                0x10001602                sleep_ms
 *fill*         0x10001616        0x2 
 .text.best_effort_wfe_or_timeout
                0x10001618       0x38 CMakeFiles/testv2.dir/C_/Users/Owner/Downloads/pico-sdk/src/common/pico_time/time.c.obj
                0x10001618                best_effort_wfe_or_timeout
 .text.hardware_alarm_irq_handler
                0x10001650       0x88 CMakeFiles/testv2.dir/C_/Users/Owner/Downloads/pico-sdk/src/rp2_common/hardware_timer/timer.c.obj
 .text.hardware_alarm_claim
                0x100016d8       0x18 CMakeFiles/testv2.dir/C_/Users/Owner/Downloads/pico-sdk/src/rp2_common/hardware_timer/timer.c.obj
                0x100016d8                hardware_alarm_claim
 .text.time_us_64
                0x100016f0       0x18 CMakeFiles/testv2.dir/C_/Users/Owner/Downloads/pico-sdk/src/rp2_common/hardware_timer/timer.c.obj
                0x100016f0                time_us_64
 .text.busy_wait_until
                0x10001708       0x28 CMakeFiles/testv2.dir/C_/Users/Owner/Downloads/pico-sdk/src/rp2_common/hardware_timer/timer.c.obj
                0x10001708                busy_wait_until
 .text.hardware_alarm_set_callback
                0x10001730       0x90 CMakeFiles/testv2.dir/C_/Users/Owner/Downloads/pico-sdk/src/rp2_common/hardware_timer/timer.c.obj
                0x10001730                hardware_alarm_set_callback
 .text.hardware_alarm_set_target
                0x100017c0       0xe8 CMakeFiles/testv2.dir/C_/Users/Owner/Downloads/pico-sdk/src/rp2_common/hardware_timer/timer.c.obj
                0x100017c0                hardware_alarm_set_target
 .text.hardware_alarm_cancel
                0x100018a8       0x40 CMakeFiles/testv2.dir/C_/Users/Owner/Downloads/pico-sdk/src/rp2_common/hardware_timer/timer.c.obj
                0x100018a8                hardware_alarm_cancel
 .text.ph_get_node
                0x100018e8       0x30 CMakeFiles/testv2.dir/C_/Users/Owner/Downloads/pico-sdk/src/common/pico_util/pheap.c.obj
 .text.ph_add_child_node
                0x10001918       0x6c CMakeFiles/testv2.dir/C_/Users/Owner/Downloads/pico-sdk/src/common/pico_util/pheap.c.obj
 .text.ph_merge_nodes
                0x10001984       0x3e CMakeFiles/testv2.dir/C_/Users/Owner/Downloads/pico-sdk/src/common/pico_util/pheap.c.obj
 .text.ph_clear
                0x100019c2       0x34 CMakeFiles/testv2.dir/C_/Users/Owner/Downloads/pico-sdk/src/common/pico_util/pheap.c.obj
                0x100019c2                ph_clear
 .text.ph_post_alloc_init
                0x100019f6        0xe CMakeFiles/testv2.dir/C_/Users/Owner/Downloads/pico-sdk/src/common/pico_util/pheap.c.obj
                0x100019f6                ph_post_alloc_init
 .text.ph_merge_two_pass
                0x10001a04       0x5c CMakeFiles/testv2.dir/C_/Users/Owner/Downloads/pico-sdk/src/common/pico_util/pheap.c.obj
                0x10001a04                ph_merge_two_pass
 .text.ph_remove_any_head
                0x10001a60       0xa4 CMakeFiles/testv2.dir/C_/Users/Owner/Downloads/pico-sdk/src/common/pico_util/pheap.c.obj
 .text.ph_remove_head
                0x10001b04       0x14 CMakeFiles/testv2.dir/C_/Users/Owner/Downloads/pico-sdk/src/common/pico_util/pheap.c.obj
                0x10001b04                ph_remove_head
 .text.ph_remove_and_free_node
                0x10001b18       0xa0 CMakeFiles/testv2.dir/C_/Users/Owner/Downloads/pico-sdk/src/common/pico_util/pheap.c.obj
                0x10001b18                ph_remove_and_free_node
 .text.update_us_since_boot
                0x10001bb8       0x24 CMakeFiles/testv2.dir/C_/Users/Owner/Downloads/pico-sdk/src/common/pico_sync/mutex.c.obj
 .text.delayed_by_ms
                0x10001bdc       0x46 CMakeFiles/testv2.dir/C_/Users/Owner/Downloads/pico-sdk/src/common/pico_sync/mutex.c.obj
 .text.get_absolute_time
                0x10001c22       0x22 CMakeFiles/testv2.dir/C_/Users/Owner/Downloads/pico-sdk/src/common/pico_sync/mutex.c.obj
 .text.make_timeout_time_ms
                0x10001c44       0x20 CMakeFiles/testv2.dir/C_/Users/Owner/Downloads/pico-sdk/src/common/pico_sync/mutex.c.obj
 .text.mutex_init
                0x10001c64       0x1a CMakeFiles/testv2.dir/C_/Users/Owner/Downloads/pico-sdk/src/common/pico_sync/mutex.c.obj
                0x10001c64                mutex_init
 .text.recursive_mutex_init
                0x10001c7e       0x1e CMakeFiles/testv2.dir/C_/Users/Owner/Downloads/pico-sdk/src/common/pico_sync/mutex.c.obj
                0x10001c7e                recursive_mutex_init
 .text.critical_section_init_with_lock_num
                0x10001c9c       0x14 CMakeFiles/testv2.dir/C_/Users/Owner/Downloads/pico-sdk/src/common/pico_sync/critical_section.c.obj
                0x10001c9c                critical_section_init_with_lock_num
 .text.critical_section_init
                0x10001cb0       0x14 CMakeFiles/testv2.dir/C_/Users/Owner/Downloads/pico-sdk/src/common/pico_sync/critical_section.c.obj
                0x10001cb0                critical_section_init
 .text.uart_set_baudrate
                0x10001cc4       0x5c CMakeFiles/testv2.dir/C_/Users/Owner/Downloads/pico-sdk/src/rp2_common/hardware_uart/uart.c.obj
                0x10001cc4                uart_set_baudrate
 .text.uart_set_translate_crlf
                0x10001d20       0x28 CMakeFiles/testv2.dir/C_/Users/Owner/Downloads/pico-sdk/src/rp2_common/hardware_uart/uart.c.obj
                0x10001d20                uart_set_translate_crlf
 .text.uart_init
                0x10001d48       0x80 CMakeFiles/testv2.dir/C_/Users/Owner/Downloads/pico-sdk/src/rp2_common/hardware_uart/uart.c.obj
                0x10001d48                uart_init
 .text._exit    0x10001dc8        0x4 CMakeFiles/testv2.dir/C_/Users/Owner/Downloads/pico-sdk/src/rp2_common/pico_runtime/runtime.c.obj
                0x10001dc8                _exit
 .text.exit     0x10001dcc        0x6 CMakeFiles/testv2.dir/C_/Users/Owner/Downloads/pico-sdk/src/rp2_common/pico_runtime/runtime.c.obj
                0x10001dcc                exit
 *fill*         0x10001dd2        0x2 
 .text.__assert_func
                0x10001dd4       0x38 CMakeFiles/testv2.dir/C_/Users/Owner/Downloads/pico-sdk/src/rp2_common/pico_runtime/runtime.c.obj
                0x10001dd4                __assert_func
 .text.runtime_init
                0x10001e0c       0xf8 CMakeFiles/testv2.dir/C_/Users/Owner/Downloads/pico-sdk/src/rp2_common/pico_runtime/runtime.c.obj
                0x10001e0c                runtime_init
 .text.panic    0x10001f04       0x30 CMakeFiles/testv2.dir/C_/Users/Owner/Downloads/pico-sdk/src/rp2_common/pico_runtime/runtime.c.obj
                0x10001f04                panic
 .text.clock_configure
                0x10001f34      0x104 CMakeFiles/testv2.dir/C_/Users/Owner/Downloads/pico-sdk/src/rp2_common/hardware_clocks/clocks.c.obj
                0x10001f34                clock_configure
 .text.clocks_init
                0x10002038      0x100 CMakeFiles/testv2.dir/C_/Users/Owner/Downloads/pico-sdk/src/rp2_common/hardware_clocks/clocks.c.obj
                0x10002038                clocks_init
 .text.clock_get_hz
                0x10002138        0xc CMakeFiles/testv2.dir/C_/Users/Owner/Downloads/pico-sdk/src/rp2_common/hardware_clocks/clocks.c.obj
                0x10002138                clock_get_hz
 .text.pll_init
                0x10002144      0x140 CMakeFiles/testv2.dir/C_/Users/Owner/Downloads/pico-sdk/src/rp2_common/hardware_pll/pll.c.obj
                0x10002144                pll_init
 .text.watchdog_start_tick
                0x10002284       0x10 CMakeFiles/testv2.dir/C_/Users/Owner/Downloads/pico-sdk/src/rp2_common/hardware_watchdog/watchdog.c.obj
                0x10002284                watchdog_start_tick
 .text.watchdog_update
                0x10002294       0x14 CMakeFiles/testv2.dir/C_/Users/Owner/Downloads/pico-sdk/src/rp2_common/hardware_watchdog/watchdog.c.obj
                0x10002294                watchdog_update
 .text._watchdog_enable
                0x100022a8       0x78 CMakeFiles/testv2.dir/C_/Users/Owner/Downloads/pico-sdk/src/rp2_common/hardware_watchdog/watchdog.c.obj
                0x100022a8                _watchdog_enable
 .text.watchdog_reboot
                0x10002320       0x48 CMakeFiles/testv2.dir/C_/Users/Owner/Downloads/pico-sdk/src/rp2_common/hardware_watchdog/watchdog.c.obj
                0x10002320                watchdog_reboot
 .text.xosc_init
                0x10002368       0x28 CMakeFiles/testv2.dir/C_/Users/Owner/Downloads/pico-sdk/src/rp2_common/hardware_xosc/xosc.c.obj
                0x10002368                xosc_init
 .text._out_null
                0x10002390        0x2 CMakeFiles/testv2.dir/C_/Users/Owner/Downloads/pico-sdk/src/rp2_common/pico_printf/printf.c.obj
 .text._out_fct
                0x10002392        0xe CMakeFiles/testv2.dir/C_/Users/Owner/Downloads/pico-sdk/src/rp2_common/pico_printf/printf.c.obj
 .text._atoi    0x100023a0       0x24 CMakeFiles/testv2.dir/C_/Users/Owner/Downloads/pico-sdk/src/rp2_common/pico_printf/printf.c.obj
 .text._out_rev
                0x100023c4       0xae CMakeFiles/testv2.dir/C_/Users/Owner/Downloads/pico-sdk/src/rp2_common/pico_printf/printf.c.obj
 .text._ntoa_format
                0x10002472      0x110 CMakeFiles/testv2.dir/C_/Users/Owner/Downloads/pico-sdk/src/rp2_common/pico_printf/printf.c.obj
 .text._ntoa_long
                0x10002582       0xbc CMakeFiles/testv2.dir/C_/Users/Owner/Downloads/pico-sdk/src/rp2_common/pico_printf/printf.c.obj
 .text._ntoa_long_long
                0x1000263e      0x10e CMakeFiles/testv2.dir/C_/Users/Owner/Downloads/pico-sdk/src/rp2_common/pico_printf/printf.c.obj
 .text._etoa    0x1000274c      0x420 CMakeFiles/testv2.dir/C_/Users/Owner/Downloads/pico-sdk/src/rp2_common/pico_printf/printf.c.obj
 .text._ftoa    0x10002b6c      0x354 CMakeFiles/testv2.dir/C_/Users/Owner/Downloads/pico-sdk/src/rp2_common/pico_printf/printf.c.obj
 .text._vsnprintf
                0x10002ec0      0x65c CMakeFiles/testv2.dir/C_/Users/Owner/Downloads/pico-sdk/src/rp2_common/pico_printf/printf.c.obj
 .text.vfctprintf
                0x1000351c       0x20 CMakeFiles/testv2.dir/C_/Users/Owner/Downloads/pico-sdk/src/rp2_common/pico_printf/printf.c.obj
                0x1000351c                vfctprintf
 .text          0x1000353c       0x10 CMakeFiles/testv2.dir/C_/Users/Owner/Downloads/pico-sdk/src/rp2_common/pico_bit_ops/bit_ops_aeabi.S.obj
 .text.rom_func_lookup
                0x1000354c       0x10 CMakeFiles/testv2.dir/C_/Users/Owner/Downloads/pico-sdk/src/rp2_common/pico_bootrom/bootrom.c.obj
                0x1000354c                rom_func_lookup
 .text.rom_data_lookup
                0x1000355c       0x10 CMakeFiles/testv2.dir/C_/Users/Owner/Downloads/pico-sdk/src/rp2_common/pico_bootrom/bootrom.c.obj
                0x1000355c                rom_data_lookup
 .text.rom_funcs_lookup
                0x1000356c       0x36 CMakeFiles/testv2.dir/C_/Users/Owner/Downloads/pico-sdk/src/rp2_common/pico_bootrom/bootrom.c.obj
                0x1000356c                rom_funcs_lookup
 *fill*         0x100035a2        0x2 
 .text.__wrap___aeabi_idiv
                0x100035a4       0x50 CMakeFiles/testv2.dir/C_/Users/Owner/Downloads/pico-sdk/src/rp2_common/pico_divider/divider.S.obj
                0x100035a4                __wrap___aeabi_idivmod
                0x100035a4                divmod_s32s32
                0x100035a4                div_s32s32
                0x100035a4                __wrap___aeabi_idiv
                0x100035ac                divmod_s32s32_unsafe
                0x100035d8                divmod_s32s32_savestate
 .text.__wrap___aeabi_uidiv
                0x100035f4       0x4c CMakeFiles/testv2.dir/C_/Users/Owner/Downloads/pico-sdk/src/rp2_common/pico_divider/divider.S.obj
                0x100035f4                __wrap___aeabi_uidiv
                0x100035f4                __wrap___aeabi_uidivmod
                0x100035f4                div_u32u32
                0x100035f4                divmod_u32u32
                0x100035fc                divmod_u32u32_unsafe
                0x10003624                divmod_u32u32_savestate
 .text.__wrap___aeabi_ldiv
                0x10003640      0x434 CMakeFiles/testv2.dir/C_/Users/Owner/Downloads/pico-sdk/src/rp2_common/pico_divider/divider.S.obj
                0x10003640                div_s64s64
                0x10003640                divmod_s64s64
                0x10003640                __wrap___aeabi_ldivmod
                0x10003678                divmod_u64u64
                0x10003678                div_u64u64
                0x10003678                __wrap___aeabi_uldivmod
                0x10003688                divmod_u64u64_savestate
                0x100036b0                divmod_s64s64_unsafe
                0x10003738                divmod_u64u64_unsafe
 .text.__wrap___aeabi_darithmetic
                0x10003a74       0x80 CMakeFiles/testv2.dir/C_/Users/Owner/Downloads/pico-sdk/src/rp2_common/pico_double/double_aeabi.S.obj
                0x10003a74                __wrap___aeabi_drsub
                0x10003a7a                __wrap___aeabi_dsub
                0x10003a8c                __wrap___aeabi_dadd
                0x10003a9e                __wrap___aeabi_ddiv
                0x10003ada                __wrap___aeabi_dmul
 .text.__wrap___aeabi_cdcmple
                0x10003af4       0x6c CMakeFiles/testv2.dir/C_/Users/Owner/Downloads/pico-sdk/src/rp2_common/pico_double/double_aeabi.S.obj
                0x10003af4                __wrap___aeabi_cdrcmple
                0x10003b04                __wrap___aeabi_cdcmpeq
                0x10003b04                __wrap___aeabi_cdcmple
 .text.__wrap___aeabi_dcmplt
                0x10003b60        0xc CMakeFiles/testv2.dir/C_/Users/Owner/Downloads/pico-sdk/src/rp2_common/pico_double/double_aeabi.S.obj
                0x10003b60                __wrap___aeabi_dcmplt
 .text.__wrap___aeabi_dcmple
                0x10003b6c       0x10 CMakeFiles/testv2.dir/C_/Users/Owner/Downloads/pico-sdk/src/rp2_common/pico_double/double_aeabi.S.obj
                0x10003b6c                __wrap___aeabi_dcmple
 .text.__wrap___aeabi_dcmpge
                0x10003b7c       0x10 CMakeFiles/testv2.dir/C_/Users/Owner/Downloads/pico-sdk/src/rp2_common/pico_double/double_aeabi.S.obj
                0x10003b7c                __wrap___aeabi_dcmpge
 .text.__wrap___aeabi_dcmpgt
                0x10003b8c        0xa CMakeFiles/testv2.dir/C_/Users/Owner/Downloads/pico-sdk/src/rp2_common/pico_double/double_aeabi.S.obj
                0x10003b8c                __wrap___aeabi_dcmpgt
 .text.__wrap___aeabi_dcmpun
                0x10003b96       0x1c CMakeFiles/testv2.dir/C_/Users/Owner/Downloads/pico-sdk/src/rp2_common/pico_double/double_aeabi.S.obj
                0x10003b96                __wrap___aeabi_dcmpun
 *fill*         0x10003bb2        0x2 
 .text.__wrap___aeabi_i2d
                0x10003bb4       0x38 CMakeFiles/testv2.dir/C_/Users/Owner/Downloads/pico-sdk/src/rp2_common/pico_double/double_aeabi.S.obj
                0x10003bb4                __wrap___aeabi_ui2d
                0x10003bbc                __wrap___aeabi_i2d
 .text.__wrap___aeabi_d2iz
                0x10003bec       0x48 CMakeFiles/testv2.dir/C_/Users/Owner/Downloads/pico-sdk/src/rp2_common/pico_double/double_aeabi.S.obj
                0x10003bec                double2int_z
                0x10003bec                __wrap___aeabi_d2iz
 .text.__wrap___aeabi_d2uiz
                0x10003c34       0x18 CMakeFiles/testv2.dir/C_/Users/Owner/Downloads/pico-sdk/src/rp2_common/pico_double/double_aeabi.S.obj
                0x10003c34                __wrap___aeabi_d2uiz
                0x10003c34                double2uint
 .text.__aeabi_double_init
                0x10003c4c       0xcc CMakeFiles/testv2.dir/C_/Users/Owner/Downloads/pico-sdk/src/rp2_common/pico_double/double_init_rom.c.obj
                0x10003c4c                __aeabi_double_init
 .text.double_table_shim_on_use_helper
                0x10003d18       0x34 CMakeFiles/testv2.dir/C_/Users/Owner/Downloads/pico-sdk/src/rp2_common/pico_double/double_v1_rom_shim.S.obj
                0x10003d18                double_table_shim_on_use_helper
 .text.__wrap___aeabi_dsub
                0x10003d4c       0x10 CMakeFiles/testv2.dir/C_/Users/Owner/Downloads/pico-sdk/src/rp2_common/pico_double/double_v1_rom_shim.S.obj
                0x10003d4c                drsub_shim
                0x10003d52                dsub_shim
 .text.dadd_shim
                0x10003d5c      0x15c CMakeFiles/testv2.dir/C_/Users/Owner/Downloads/pico-sdk/src/rp2_common/pico_double/double_v1_rom_shim.S.obj
                0x10003d5c                dadd_shim
 .text.dmul_shim
                0x10003eb8      0x15c CMakeFiles/testv2.dir/C_/Users/Owner/Downloads/pico-sdk/src/rp2_common/pico_double/double_v1_rom_shim.S.obj
                0x10003eb8                dmul_shim
 .text.ddiv_shim
                0x10004014      0x1b0 CMakeFiles/testv2.dir/C_/Users/Owner/Downloads/pico-sdk/src/rp2_common/pico_double/double_v1_rom_shim.S.obj
                0x10004014                ddiv_shim
 .text.double2uint_shim
                0x100041c4        0xe CMakeFiles/testv2.dir/C_/Users/Owner/Downloads/pico-sdk/src/rp2_common/pico_double/double_v1_rom_shim.S.obj
                0x100041c4                double2uint_shim
                0x100041c6                double2ufix_shim
 *fill*         0x100041d2        0x2 
 .text.double2uint64_shim
                0x100041d4       0x70 CMakeFiles/testv2.dir/C_/Users/Owner/Downloads/pico-sdk/src/rp2_common/pico_double/double_v1_rom_shim.S.obj
                0x100041d4                double2uint64_shim
                0x100041d6                double2ufix64_shim
                0x100041f6                d2fix_a
 .text.dunpacks
                0x10004244       0x3c CMakeFiles/testv2.dir/C_/Users/Owner/Downloads/pico-sdk/src/rp2_common/pico_double/double_v1_rom_shim.S.obj
                0x10004244                dunpacks
 .text.__aeabi_lmul
                0x10004280       0x32 CMakeFiles/testv2.dir/C_/Users/Owner/Downloads/pico-sdk/src/rp2_common/pico_int64_ops/pico_int64_ops_aeabi.S.obj
                0x10004280                __wrap___aeabi_lmul
 *fill*         0x100042b2        0x2 
 .text.__wrap___aeabi_farithmetic
                0x100042b4       0x58 CMakeFiles/testv2.dir/C_/Users/Owner/Downloads/pico-sdk/src/rp2_common/pico_float/float_aeabi.S.obj
                0x100042b4                __wrap___aeabi_frsub
                0x100042ba                __wrap___aeabi_fsub
                0x100042c4                __wrap___aeabi_fadd
                0x100042ce                __wrap___aeabi_fdiv
                0x100042fa                __wrap___aeabi_fmul
 .text.__wrap___aeabi_ui2f
                0x1000430c        0xa CMakeFiles/testv2.dir/C_/Users/Owner/Downloads/pico-sdk/src/rp2_common/pico_float/float_aeabi.S.obj
                0x1000430c                __wrap___aeabi_ui2f
 *fill*         0x10004316        0x2 
 .text.__wrap___aeabi_i2f
                0x10004318       0x44 CMakeFiles/testv2.dir/C_/Users/Owner/Downloads/pico-sdk/src/rp2_common/pico_float/float_aeabi.S.obj
                0x10004318                __wrap___aeabi_i2f
 .text.__wrap___aeabi_f2d
                0x1000435c       0x14 CMakeFiles/testv2.dir/C_/Users/Owner/Downloads/pico-sdk/src/rp2_common/pico_float/float_aeabi.S.obj
                0x1000435c                __wrap___aeabi_f2d
 .text.__aeabi_float_init
                0x10004370       0xfc CMakeFiles/testv2.dir/C_/Users/Owner/Downloads/pico-sdk/src/rp2_common/pico_float/float_init_rom.c.obj
                0x10004370                __aeabi_float_init
 .text.float_table_shim_on_use_helper
                0x1000446c       0x34 CMakeFiles/testv2.dir/C_/Users/Owner/Downloads/pico-sdk/src/rp2_common/pico_float/float_v1_rom_shim.S.obj
                0x1000446c                float_table_shim_on_use_helper
 .text.float2double_shim
                0x100044a0       0x30 CMakeFiles/testv2.dir/C_/Users/Owner/Downloads/pico-sdk/src/rp2_common/pico_float/float_v1_rom_shim.S.obj
                0x100044a0                float2double_shim
 .text          0x100044d0       0x10 CMakeFiles/testv2.dir/C_/Users/Owner/Downloads/pico-sdk/src/rp2_common/pico_mem_ops/mem_ops_aeabi.S.obj
                0x100044d0                __aeabi_mem_init
 .text.memset   0x100044e0        0xc CMakeFiles/testv2.dir/C_/Users/Owner/Downloads/pico-sdk/src/rp2_common/pico_mem_ops/mem_ops_aeabi.S.obj
                0x100044e0                __wrap_memset
 .text.memcpy   0x100044ec        0xc CMakeFiles/testv2.dir/C_/Users/Owner/Downloads/pico-sdk/src/rp2_common/pico_mem_ops/mem_ops_aeabi.S.obj
                0x100044ec                __wrap_memcpy
                0x100044ec                __wrap___aeabi_memcpy
 .text.stdio_out_chars_no_crlf
                0x100044f8        0xe CMakeFiles/testv2.dir/C_/Users/Owner/Downloads/pico-sdk/src/rp2_common/pico_stdio/stdio.c.obj
 *fill*         0x10004506        0x2 
 .text.stdio_out_chars_crlf
                0x10004508       0x80 CMakeFiles/testv2.dir/C_/Users/Owner/Downloads/pico-sdk/src/rp2_common/pico_stdio/stdio.c.obj
 .text.stdio_stack_buffer_flush
                0x10004588       0x44 CMakeFiles/testv2.dir/C_/Users/Owner/Downloads/pico-sdk/src/rp2_common/pico_stdio/stdio.c.obj
 .text.stdio_buffered_printer
                0x100045cc       0x20 CMakeFiles/testv2.dir/C_/Users/Owner/Downloads/pico-sdk/src/rp2_common/pico_stdio/stdio.c.obj
 .text.stdout_serialize_begin
                0x100045ec       0x30 CMakeFiles/testv2.dir/C_/Users/Owner/Downloads/pico-sdk/src/rp2_common/pico_stdio/stdio.c.obj
                0x100045ec                stdout_serialize_begin
 .text.stdout_serialize_end
                0x1000461c       0x10 CMakeFiles/testv2.dir/C_/Users/Owner/Downloads/pico-sdk/src/rp2_common/pico_stdio/stdio.c.obj
                0x1000461c                stdout_serialize_end
 .text.stdio_put_string
                0x1000462c       0x98 CMakeFiles/testv2.dir/C_/Users/Owner/Downloads/pico-sdk/src/rp2_common/pico_stdio/stdio.c.obj
 .text.stdio_set_driver_enabled
                0x100046c4       0x2c CMakeFiles/testv2.dir/C_/Users/Owner/Downloads/pico-sdk/src/rp2_common/pico_stdio/stdio.c.obj
                0x100046c4                stdio_set_driver_enabled
 .text.stdio_flush
                0x100046f0       0x20 CMakeFiles/testv2.dir/C_/Users/Owner/Downloads/pico-sdk/src/rp2_common/pico_stdio/stdio.c.obj
                0x100046f0                stdio_flush
 .text.__wrap_puts
                0x10004710       0x1e CMakeFiles/testv2.dir/C_/Users/Owner/Downloads/pico-sdk/src/rp2_common/pico_stdio/stdio.c.obj
                0x10004710                __wrap_puts
 *fill*         0x1000472e        0x2 
 .text.__wrap_vprintf
                0x10004730       0x44 CMakeFiles/testv2.dir/C_/Users/Owner/Downloads/pico-sdk/src/rp2_common/pico_stdio/stdio.c.obj
                0x10004730                __wrap_vprintf
 .text.__wrap_printf
                0x10004774       0x18 CMakeFiles/testv2.dir/C_/Users/Owner/Downloads/pico-sdk/src/rp2_common/pico_stdio/stdio.c.obj
                0x10004774                __wrap_printf
 .text.stdio_init_all
                0x1000478c        0xc CMakeFiles/testv2.dir/C_/Users/Owner/Downloads/pico-sdk/src/rp2_common/pico_stdio/stdio.c.obj
                0x1000478c                stdio_init_all
 .text.uart_putc
                0x10004798       0x60 CMakeFiles/testv2.dir/C_/Users/Owner/Downloads/pico-sdk/src/rp2_common/pico_stdio_uart/stdio_uart.c.obj
 .text.uart_getc
                0x100047f8       0x24 CMakeFiles/testv2.dir/C_/Users/Owner/Downloads/pico-sdk/src/rp2_common/pico_stdio_uart/stdio_uart.c.obj
 .text.stdio_uart_out_chars
                0x1000481c       0x20 CMakeFiles/testv2.dir/C_/Users/Owner/Downloads/pico-sdk/src/rp2_common/pico_stdio_uart/stdio_uart.c.obj
 .text.stdio_uart_in_chars
                0x1000483c       0x34 CMakeFiles/testv2.dir/C_/Users/Owner/Downloads/pico-sdk/src/rp2_common/pico_stdio_uart/stdio_uart.c.obj
                0x1000483c                stdio_uart_in_chars
 .text.stdio_uart_init_full
                0x10004870       0x3c CMakeFiles/testv2.dir/C_/Users/Owner/Downloads/pico-sdk/src/rp2_common/pico_stdio_uart/stdio_uart.c.obj
                0x10004870                stdio_uart_init_full
 .text.stdio_uart_init
                0x100048ac       0x28 CMakeFiles/testv2.dir/C_/Users/Owner/Downloads/pico-sdk/src/rp2_common/pico_stdio_uart/stdio_uart.c.obj
                0x100048ac                stdio_uart_init
 .text.resetd_init
                0x100048d4        0x2 CMakeFiles/testv2.dir/C_/Users/Owner/Downloads/pico-sdk/src/rp2_common/pico_stdio_usb/reset_interface.c.obj
 *fill*         0x100048d6        0x2 
 .text.resetd_reset
                0x100048d8        0xc CMakeFiles/testv2.dir/C_/Users/Owner/Downloads/pico-sdk/src/rp2_common/pico_stdio_usb/reset_interface.c.obj
 .text.resetd_open
                0x100048e4       0x34 CMakeFiles/testv2.dir/C_/Users/Owner/Downloads/pico-sdk/src/rp2_common/pico_stdio_usb/reset_interface.c.obj
 .text.resetd_xfer_cb
                0x10004918        0x4 CMakeFiles/testv2.dir/C_/Users/Owner/Downloads/pico-sdk/src/rp2_common/pico_stdio_usb/reset_interface.c.obj
 .text.reset_usb_boot
                0x1000491c       0x18 CMakeFiles/testv2.dir/C_/Users/Owner/Downloads/pico-sdk/src/rp2_common/pico_stdio_usb/reset_interface.c.obj
 .text.resetd_control_xfer_cb
                0x10004934       0x5c CMakeFiles/testv2.dir/C_/Users/Owner/Downloads/pico-sdk/src/rp2_common/pico_stdio_usb/reset_interface.c.obj
 .text.usbd_app_driver_get_cb
                0x10004990        0xc CMakeFiles/testv2.dir/C_/Users/Owner/Downloads/pico-sdk/src/rp2_common/pico_stdio_usb/reset_interface.c.obj
                0x10004990                usbd_app_driver_get_cb
 .text.tud_cdc_line_coding_cb
                0x1000499c       0x28 CMakeFiles/testv2.dir/C_/Users/Owner/Downloads/pico-sdk/src/rp2_common/pico_stdio_usb/reset_interface.c.obj
                0x1000499c                tud_cdc_line_coding_cb
 .text.stdio_usb_in_chars
                0x100049c4       0x70 CMakeFiles/testv2.dir/C_/Users/Owner/Downloads/pico-sdk/src/rp2_common/pico_stdio_usb/stdio_usb.c.obj
                0x100049c4                stdio_usb_in_chars
 .text.low_priority_worker_irq
                0x10004a34       0x20 CMakeFiles/testv2.dir/C_/Users/Owner/Downloads/pico-sdk/src/rp2_common/pico_stdio_usb/stdio_usb.c.obj
 .text.stdio_usb_out_chars
                0x10004a54       0xd4 CMakeFiles/testv2.dir/C_/Users/Owner/Downloads/pico-sdk/src/rp2_common/pico_stdio_usb/stdio_usb.c.obj
 .text.update_us_since_boot
                0x10004b28       0x24 CMakeFiles/testv2.dir/C_/Users/Owner/Downloads/pico-sdk/src/rp2_common/pico_stdio_usb/stdio_usb.c.obj
 .text.get_absolute_time
                0x10004b4c       0x22 CMakeFiles/testv2.dir/C_/Users/Owner/Downloads/pico-sdk/src/rp2_common/pico_stdio_usb/stdio_usb.c.obj
 .text.delayed_by_us
                0x10004b6e       0x36 CMakeFiles/testv2.dir/C_/Users/Owner/Downloads/pico-sdk/src/rp2_common/pico_stdio_usb/stdio_usb.c.obj
 .text.timer_task
                0x10004ba4       0x40 CMakeFiles/testv2.dir/C_/Users/Owner/Downloads/pico-sdk/src/rp2_common/pico_stdio_usb/stdio_usb.c.obj
 .text.usb_irq  0x10004be4       0x10 CMakeFiles/testv2.dir/C_/Users/Owner/Downloads/pico-sdk/src/rp2_common/pico_stdio_usb/stdio_usb.c.obj
 .text.alarm_pool_add_alarm_in_us
                0x10004bf4       0x3a CMakeFiles/testv2.dir/C_/Users/Owner/Downloads/pico-sdk/src/rp2_common/pico_stdio_usb/stdio_usb.c.obj
 .text.add_alarm_in_us
                0x10004c2e       0x2e CMakeFiles/testv2.dir/C_/Users/Owner/Downloads/pico-sdk/src/rp2_common/pico_stdio_usb/stdio_usb.c.obj
 .text.stdio_usb_init
                0x10004c5c       0x98 CMakeFiles/testv2.dir/C_/Users/Owner/Downloads/pico-sdk/src/rp2_common/pico_stdio_usb/stdio_usb.c.obj
                0x10004c5c                stdio_usb_init
 .text.tud_descriptor_device_cb
                0x10004cf4        0x8 CMakeFiles/testv2.dir/C_/Users/Owner/Downloads/pico-sdk/src/rp2_common/pico_stdio_usb/stdio_usb_descriptors.c.obj
                0x10004cf4                tud_descriptor_device_cb
 .text.tud_descriptor_configuration_cb
                0x10004cfc        0x8 CMakeFiles/testv2.dir/C_/Users/Owner/Downloads/pico-sdk/src/rp2_common/pico_stdio_usb/stdio_usb_descriptors.c.obj
                0x10004cfc                tud_descriptor_configuration_cb
 .text.tud_descriptor_string_cb
                0x10004d04       0x6c CMakeFiles/testv2.dir/C_/Users/Owner/Downloads/pico-sdk/src/rp2_common/pico_stdio_usb/stdio_usb_descriptors.c.obj
                0x10004d04                tud_descriptor_string_cb
 .text.hw_endpoint_get_by_addr
                0x10004d70       0x18 CMakeFiles/testv2.dir/C_/Users/Owner/Downloads/pico-sdk/lib/tinyusb/src/portable/raspberrypi/rp2040/dcd_rp2040.c.obj
 .text.reset_ep0_pid
                0x10004d88       0x28 CMakeFiles/testv2.dir/C_/Users/Owner/Downloads/pico-sdk/lib/tinyusb/src/portable/raspberrypi/rp2040/dcd_rp2040.c.obj
 .text._hw_endpoint_alloc
                0x10004db0       0x70 CMakeFiles/testv2.dir/C_/Users/Owner/Downloads/pico-sdk/lib/tinyusb/src/portable/raspberrypi/rp2040/dcd_rp2040.c.obj
 .text.hw_endpoint_init
                0x10004e20       0x88 CMakeFiles/testv2.dir/C_/Users/Owner/Downloads/pico-sdk/lib/tinyusb/src/portable/raspberrypi/rp2040/dcd_rp2040.c.obj
 .text.reset_non_control_endpoints
                0x10004ea8       0x40 CMakeFiles/testv2.dir/C_/Users/Owner/Downloads/pico-sdk/lib/tinyusb/src/portable/raspberrypi/rp2040/dcd_rp2040.c.obj
 .text.hw_handle_buff_status
                0x10004ee8       0x8c CMakeFiles/testv2.dir/C_/Users/Owner/Downloads/pico-sdk/lib/tinyusb/src/portable/raspberrypi/rp2040/dcd_rp2040.c.obj
 .text.dcd_rp2040_irq
                0x10004f74       0xc0 CMakeFiles/testv2.dir/C_/Users/Owner/Downloads/pico-sdk/lib/tinyusb/src/portable/raspberrypi/rp2040/dcd_rp2040.c.obj
 .text.hw_endpoint_xfer
                0x10005034       0x14 CMakeFiles/testv2.dir/C_/Users/Owner/Downloads/pico-sdk/lib/tinyusb/src/portable/raspberrypi/rp2040/dcd_rp2040.c.obj
 .text.dcd_int_enable
                0x10005048       0x2c CMakeFiles/testv2.dir/C_/Users/Owner/Downloads/pico-sdk/lib/tinyusb/src/portable/raspberrypi/rp2040/dcd_rp2040.c.obj
                0x10005048                dcd_int_enable
 .text.dcd_set_address
                0x10005074       0x2c CMakeFiles/testv2.dir/C_/Users/Owner/Downloads/pico-sdk/lib/tinyusb/src/portable/raspberrypi/rp2040/dcd_rp2040.c.obj
                0x10005074                dcd_set_address
 .text.dcd_connect
                0x100050a0       0x10 CMakeFiles/testv2.dir/C_/Users/Owner/Downloads/pico-sdk/lib/tinyusb/src/portable/raspberrypi/rp2040/dcd_rp2040.c.obj
                0x100050a0                dcd_connect
 .text.dcd_init
                0x100050b0       0x7c CMakeFiles/testv2.dir/C_/Users/Owner/Downloads/pico-sdk/lib/tinyusb/src/portable/raspberrypi/rp2040/dcd_rp2040.c.obj
                0x100050b0                dcd_init
 .text.dcd_edpt0_status_complete
                0x1000512c       0x1c CMakeFiles/testv2.dir/C_/Users/Owner/Downloads/pico-sdk/lib/tinyusb/src/portable/raspberrypi/rp2040/dcd_rp2040.c.obj
                0x1000512c                dcd_edpt0_status_complete
 .text.dcd_edpt_open
                0x10005148       0x40 CMakeFiles/testv2.dir/C_/Users/Owner/Downloads/pico-sdk/lib/tinyusb/src/portable/raspberrypi/rp2040/dcd_rp2040.c.obj
                0x10005148                dcd_edpt_open
 .text.dcd_edpt_close_all
                0x10005188        0x8 CMakeFiles/testv2.dir/C_/Users/Owner/Downloads/pico-sdk/lib/tinyusb/src/portable/raspberrypi/rp2040/dcd_rp2040.c.obj
                0x10005188                dcd_edpt_close_all
 .text.dcd_edpt_xfer
                0x10005190       0x30 CMakeFiles/testv2.dir/C_/Users/Owner/Downloads/pico-sdk/lib/tinyusb/src/portable/raspberrypi/rp2040/dcd_rp2040.c.obj
                0x10005190                dcd_edpt_xfer
 .text.dcd_edpt_stall
                0x100051c0       0x2c CMakeFiles/testv2.dir/C_/Users/Owner/Downloads/pico-sdk/lib/tinyusb/src/portable/raspberrypi/rp2040/dcd_rp2040.c.obj
                0x100051c0                dcd_edpt_stall
 .text.dcd_edpt_clear_stall
                0x100051ec       0x20 CMakeFiles/testv2.dir/C_/Users/Owner/Downloads/pico-sdk/lib/tinyusb/src/portable/raspberrypi/rp2040/dcd_rp2040.c.obj
                0x100051ec                dcd_edpt_clear_stall
 .text.prepare_ep_buffer
                0x1000520c       0x6c CMakeFiles/testv2.dir/C_/Users/Owner/Downloads/pico-sdk/lib/tinyusb/src/portable/raspberrypi/rp2040/rp2040_usb.c.obj
 .text.sync_ep_buffer
                0x10005278       0x78 CMakeFiles/testv2.dir/C_/Users/Owner/Downloads/pico-sdk/lib/tinyusb/src/portable/raspberrypi/rp2040/rp2040_usb.c.obj
 .text._hw_endpoint_xfer_sync
                0x100052f0       0x28 CMakeFiles/testv2.dir/C_/Users/Owner/Downloads/pico-sdk/lib/tinyusb/src/portable/raspberrypi/rp2040/rp2040_usb.c.obj
 .text.rp2040_usb_init
                0x10005318       0x4c CMakeFiles/testv2.dir/C_/Users/Owner/Downloads/pico-sdk/lib/tinyusb/src/portable/raspberrypi/rp2040/rp2040_usb.c.obj
                0x10005318                rp2040_usb_init
 .text.hw_endpoint_reset_transfer
                0x10005364        0xc CMakeFiles/testv2.dir/C_/Users/Owner/Downloads/pico-sdk/lib/tinyusb/src/portable/raspberrypi/rp2040/rp2040_usb.c.obj
                0x10005364                hw_endpoint_reset_transfer
 .text._hw_endpoint_buffer_control_update32
                0x10005370       0x58 CMakeFiles/testv2.dir/C_/Users/Owner/Downloads/pico-sdk/lib/tinyusb/src/portable/raspberrypi/rp2040/rp2040_usb.c.obj
                0x10005370                _hw_endpoint_buffer_control_update32
 .text._hw_endpoint_start_next_buffer
                0x100053c8       0x74 CMakeFiles/testv2.dir/C_/Users/Owner/Downloads/pico-sdk/lib/tinyusb/src/portable/raspberrypi/rp2040/rp2040_usb.c.obj
 .text.hw_endpoint_xfer_start
                0x1000543c       0x48 CMakeFiles/testv2.dir/C_/Users/Owner/Downloads/pico-sdk/lib/tinyusb/src/portable/raspberrypi/rp2040/rp2040_usb.c.obj
                0x1000543c                hw_endpoint_xfer_start
 .text.hw_endpoint_xfer_continue
                0x10005484       0x38 CMakeFiles/testv2.dir/C_/Users/Owner/Downloads/pico-sdk/lib/tinyusb/src/portable/raspberrypi/rp2040/rp2040_usb.c.obj
                0x10005484                hw_endpoint_xfer_continue
 .text.configuration_reset
                0x100054bc       0x84 CMakeFiles/testv2.dir/C_/Users/Owner/Downloads/pico-sdk/lib/tinyusb/src/device/usbd.c.obj
 .text.osal_queue_receive
                0x10005540       0x30 CMakeFiles/testv2.dir/C_/Users/Owner/Downloads/pico-sdk/lib/tinyusb/src/device/usbd.c.obj
 .text.usbd_reset
                0x10005570        0xc CMakeFiles/testv2.dir/C_/Users/Owner/Downloads/pico-sdk/lib/tinyusb/src/device/usbd.c.obj
 .text.invoke_class_control
                0x1000557c       0x1a CMakeFiles/testv2.dir/C_/Users/Owner/Downloads/pico-sdk/lib/tinyusb/src/device/usbd.c.obj
 *fill*         0x10005596        0x2 
 .text.process_set_config
                0x10005598      0x1b0 CMakeFiles/testv2.dir/C_/Users/Owner/Downloads/pico-sdk/lib/tinyusb/src/device/usbd.c.obj
 .text.process_get_descriptor
                0x10005748       0xec CMakeFiles/testv2.dir/C_/Users/Owner/Downloads/pico-sdk/lib/tinyusb/src/device/usbd.c.obj
 .text.osal_queue_send
                0x10005834       0x4c CMakeFiles/testv2.dir/C_/Users/Owner/Downloads/pico-sdk/lib/tinyusb/src/device/usbd.c.obj
 .text.tud_mounted
                0x10005880       0x10 CMakeFiles/testv2.dir/C_/Users/Owner/Downloads/pico-sdk/lib/tinyusb/src/device/usbd.c.obj
                0x10005880                tud_mounted
 .text.tud_suspended
                0x10005890       0x10 CMakeFiles/testv2.dir/C_/Users/Owner/Downloads/pico-sdk/lib/tinyusb/src/device/usbd.c.obj
                0x10005890                tud_suspended
 .text.tud_inited
                0x100058a0        0xc CMakeFiles/testv2.dir/C_/Users/Owner/Downloads/pico-sdk/lib/tinyusb/src/device/usbd.c.obj
                0x100058a0                tud_inited
 .text.tud_init
                0x100058ac       0xcc CMakeFiles/testv2.dir/C_/Users/Owner/Downloads/pico-sdk/lib/tinyusb/src/device/usbd.c.obj
                0x100058ac                tud_init
 .text.dcd_event_handler
                0x10005978       0xd4 CMakeFiles/testv2.dir/C_/Users/Owner/Downloads/pico-sdk/lib/tinyusb/src/device/usbd.c.obj
                0x10005978                dcd_event_handler
 .text.dcd_event_bus_signal
                0x10005a4c       0x26 CMakeFiles/testv2.dir/C_/Users/Owner/Downloads/pico-sdk/lib/tinyusb/src/device/usbd.c.obj
                0x10005a4c                dcd_event_bus_signal
 .text.dcd_event_bus_reset
                0x10005a72       0x2a CMakeFiles/testv2.dir/C_/Users/Owner/Downloads/pico-sdk/lib/tinyusb/src/device/usbd.c.obj
                0x10005a72                dcd_event_bus_reset
 .text.dcd_event_setup_received
                0x10005a9c       0x34 CMakeFiles/testv2.dir/C_/Users/Owner/Downloads/pico-sdk/lib/tinyusb/src/device/usbd.c.obj
                0x10005a9c                dcd_event_setup_received
 .text.dcd_event_xfer_complete
                0x10005ad0       0x44 CMakeFiles/testv2.dir/C_/Users/Owner/Downloads/pico-sdk/lib/tinyusb/src/device/usbd.c.obj
                0x10005ad0                dcd_event_xfer_complete
 .text.usbd_edpt_open
                0x10005b14       0x58 CMakeFiles/testv2.dir/C_/Users/Owner/Downloads/pico-sdk/lib/tinyusb/src/device/usbd.c.obj
                0x10005b14                usbd_edpt_open
 .text.usbd_open_edpt_pair
                0x10005b6c       0x8c CMakeFiles/testv2.dir/C_/Users/Owner/Downloads/pico-sdk/lib/tinyusb/src/device/usbd.c.obj
                0x10005b6c                usbd_open_edpt_pair
 .text.usbd_edpt_claim
                0x10005bf8       0x8c CMakeFiles/testv2.dir/C_/Users/Owner/Downloads/pico-sdk/lib/tinyusb/src/device/usbd.c.obj
                0x10005bf8                usbd_edpt_claim
 .text.usbd_edpt_release
                0x10005c84       0x60 CMakeFiles/testv2.dir/C_/Users/Owner/Downloads/pico-sdk/lib/tinyusb/src/device/usbd.c.obj
                0x10005c84                usbd_edpt_release
 .text.usbd_edpt_xfer
                0x10005ce4       0x80 CMakeFiles/testv2.dir/C_/Users/Owner/Downloads/pico-sdk/lib/tinyusb/src/device/usbd.c.obj
                0x10005ce4                usbd_edpt_xfer
 .text.usbd_edpt_stall
                0x10005d64       0x40 CMakeFiles/testv2.dir/C_/Users/Owner/Downloads/pico-sdk/lib/tinyusb/src/device/usbd.c.obj
                0x10005d64                usbd_edpt_stall
 .text.usbd_edpt_clear_stall
                0x10005da4       0x40 CMakeFiles/testv2.dir/C_/Users/Owner/Downloads/pico-sdk/lib/tinyusb/src/device/usbd.c.obj
                0x10005da4                usbd_edpt_clear_stall
 .text.usbd_edpt_stalled
                0x10005de4       0x1c CMakeFiles/testv2.dir/C_/Users/Owner/Downloads/pico-sdk/lib/tinyusb/src/device/usbd.c.obj
                0x10005de4                usbd_edpt_stalled
 .text.process_control_request
                0x10005e00      0x3b0 CMakeFiles/testv2.dir/C_/Users/Owner/Downloads/pico-sdk/lib/tinyusb/src/device/usbd.c.obj
 .text.tud_task
                0x100061b0      0x1f0 CMakeFiles/testv2.dir/C_/Users/Owner/Downloads/pico-sdk/lib/tinyusb/src/device/usbd.c.obj
                0x100061b0                tud_task
 .text._status_stage_xact
                0x100063a0       0x1a CMakeFiles/testv2.dir/C_/Users/Owner/Downloads/pico-sdk/lib/tinyusb/src/device/usbd_control.c.obj
 *fill*         0x100063ba        0x2 
 .text._data_stage_xact
                0x100063bc       0x58 CMakeFiles/testv2.dir/C_/Users/Owner/Downloads/pico-sdk/lib/tinyusb/src/device/usbd_control.c.obj
 .text.tud_control_status
                0x10006414       0x28 CMakeFiles/testv2.dir/C_/Users/Owner/Downloads/pico-sdk/lib/tinyusb/src/device/usbd_control.c.obj
                0x10006414                tud_control_status
 .text.tud_control_xfer
                0x1000643c       0x98 CMakeFiles/testv2.dir/C_/Users/Owner/Downloads/pico-sdk/lib/tinyusb/src/device/usbd_control.c.obj
                0x1000643c                tud_control_xfer
 .text.usbd_control_reset
                0x100064d4       0x14 CMakeFiles/testv2.dir/C_/Users/Owner/Downloads/pico-sdk/lib/tinyusb/src/device/usbd_control.c.obj
                0x100064d4                usbd_control_reset
 .text.usbd_control_set_complete_callback
                0x100064e8        0xc CMakeFiles/testv2.dir/C_/Users/Owner/Downloads/pico-sdk/lib/tinyusb/src/device/usbd_control.c.obj
                0x100064e8                usbd_control_set_complete_callback
 .text.usbd_control_set_request
                0x100064f4       0x1c CMakeFiles/testv2.dir/C_/Users/Owner/Downloads/pico-sdk/lib/tinyusb/src/device/usbd_control.c.obj
                0x100064f4                usbd_control_set_request
 .text.usbd_control_xfer_cb
                0x10006510       0xe8 CMakeFiles/testv2.dir/C_/Users/Owner/Downloads/pico-sdk/lib/tinyusb/src/device/usbd_control.c.obj
                0x10006510                usbd_control_xfer_cb
 .text._prep_out_transaction
                0x100065f8       0x46 CMakeFiles/testv2.dir/C_/Users/Owner/Downloads/pico-sdk/lib/tinyusb/src/class/cdc/cdc_device.c.obj
 *fill*         0x1000663e        0x2 
 .text.tud_cdc_n_connected
                0x10006640       0x38 CMakeFiles/testv2.dir/C_/Users/Owner/Downloads/pico-sdk/lib/tinyusb/src/class/cdc/cdc_device.c.obj
                0x10006640                tud_cdc_n_connected
 .text.tud_cdc_n_available
                0x10006678       0x18 CMakeFiles/testv2.dir/C_/Users/Owner/Downloads/pico-sdk/lib/tinyusb/src/class/cdc/cdc_device.c.obj
                0x10006678                tud_cdc_n_available
 .text.tud_cdc_n_read
                0x10006690       0x28 CMakeFiles/testv2.dir/C_/Users/Owner/Downloads/pico-sdk/lib/tinyusb/src/class/cdc/cdc_device.c.obj
                0x10006690                tud_cdc_n_read
 .text.tud_cdc_n_write_flush
                0x100066b8       0xcc CMakeFiles/testv2.dir/C_/Users/Owner/Downloads/pico-sdk/lib/tinyusb/src/class/cdc/cdc_device.c.obj
                0x100066b8                tud_cdc_n_write_flush
 .text.tud_cdc_n_write
                0x10006784       0x38 CMakeFiles/testv2.dir/C_/Users/Owner/Downloads/pico-sdk/lib/tinyusb/src/class/cdc/cdc_device.c.obj
                0x10006784                tud_cdc_n_write
 .text.tud_cdc_n_write_available
                0x100067bc       0x1c CMakeFiles/testv2.dir/C_/Users/Owner/Downloads/pico-sdk/lib/tinyusb/src/class/cdc/cdc_device.c.obj
                0x100067bc                tud_cdc_n_write_available
 .text.cdcd_init
                0x100067d8       0xbc CMakeFiles/testv2.dir/C_/Users/Owner/Downloads/pico-sdk/lib/tinyusb/src/class/cdc/cdc_device.c.obj
                0x100067d8                cdcd_init
 .text.cdcd_reset
                0x10006894       0x44 CMakeFiles/testv2.dir/C_/Users/Owner/Downloads/pico-sdk/lib/tinyusb/src/class/cdc/cdc_device.c.obj
                0x10006894                cdcd_reset
 .text.cdcd_open
                0x100068d8       0xf0 CMakeFiles/testv2.dir/C_/Users/Owner/Downloads/pico-sdk/lib/tinyusb/src/class/cdc/cdc_device.c.obj
                0x100068d8                cdcd_open
 .text.cdcd_control_xfer_cb
                0x100069c8      0x134 CMakeFiles/testv2.dir/C_/Users/Owner/Downloads/pico-sdk/lib/tinyusb/src/class/cdc/cdc_device.c.obj
                0x100069c8                cdcd_control_xfer_cb
 .text.cdcd_xfer_cb
                0x10006afc      0x144 CMakeFiles/testv2.dir/C_/Users/Owner/Downloads/pico-sdk/lib/tinyusb/src/class/cdc/cdc_device.c.obj
                0x10006afc                cdcd_xfer_cb
 .text.tusb_init
                0x10006c40       0x24 CMakeFiles/testv2.dir/C_/Users/Owner/Downloads/pico-sdk/lib/tinyusb/src/tusb.c.obj
                0x10006c40                tusb_init
 .text.tusb_inited
                0x10006c64        0xe CMakeFiles/testv2.dir/C_/Users/Owner/Downloads/pico-sdk/lib/tinyusb/src/tusb.c.obj
                0x10006c64                tusb_inited
 *fill*         0x10006c72        0x2 
 .text.tu_edpt_validate
                0x10006c74       0xa8 CMakeFiles/testv2.dir/C_/Users/Owner/Downloads/pico-sdk/lib/tinyusb/src/tusb.c.obj
                0x10006c74                tu_edpt_validate
 .text.tu_edpt_bind_driver
                0x10006d1c       0x2a CMakeFiles/testv2.dir/C_/Users/Owner/Downloads/pico-sdk/lib/tinyusb/src/tusb.c.obj
                0x10006d1c                tu_edpt_bind_driver
 .text.advance_pointer
                0x10006d46       0x18 CMakeFiles/testv2.dir/C_/Users/Owner/Downloads/pico-sdk/lib/tinyusb/src/common/tusb_fifo.c.obj
 .text.backward_pointer
                0x10006d5e       0x1e CMakeFiles/testv2.dir/C_/Users/Owner/Downloads/pico-sdk/lib/tinyusb/src/common/tusb_fifo.c.obj
 .text.get_relative_pointer
                0x10006d7c       0x10 CMakeFiles/testv2.dir/C_/Users/Owner/Downloads/pico-sdk/lib/tinyusb/src/common/tusb_fifo.c.obj
 .text._tu_fifo_peek
                0x10006d8c       0x50 CMakeFiles/testv2.dir/C_/Users/Owner/Downloads/pico-sdk/lib/tinyusb/src/common/tusb_fifo.c.obj
 .text._ff_pull_const_addr
                0x10006ddc       0x4c CMakeFiles/testv2.dir/C_/Users/Owner/Downloads/pico-sdk/lib/tinyusb/src/common/tusb_fifo.c.obj
 .text._ff_pull_n
                0x10006e28      0x10c CMakeFiles/testv2.dir/C_/Users/Owner/Downloads/pico-sdk/lib/tinyusb/src/common/tusb_fifo.c.obj
 .text._tu_fifo_peek_n
                0x10006f34       0x5e CMakeFiles/testv2.dir/C_/Users/Owner/Downloads/pico-sdk/lib/tinyusb/src/common/tusb_fifo.c.obj
 .text._tu_fifo_read_n
                0x10006f92       0x4e CMakeFiles/testv2.dir/C_/Users/Owner/Downloads/pico-sdk/lib/tinyusb/src/common/tusb_fifo.c.obj
 .text._ff_push_const_addr
                0x10006fe0       0x40 CMakeFiles/testv2.dir/C_/Users/Owner/Downloads/pico-sdk/lib/tinyusb/src/common/tusb_fifo.c.obj
 .text._ff_push_n
                0x10007020      0x108 CMakeFiles/testv2.dir/C_/Users/Owner/Downloads/pico-sdk/lib/tinyusb/src/common/tusb_fifo.c.obj
 .text._tu_fifo_write_n
                0x10007128       0x9e CMakeFiles/testv2.dir/C_/Users/Owner/Downloads/pico-sdk/lib/tinyusb/src/common/tusb_fifo.c.obj
 .text.tu_fifo_config
                0x100071c6       0x72 CMakeFiles/testv2.dir/C_/Users/Owner/Downloads/pico-sdk/lib/tinyusb/src/common/tusb_fifo.c.obj
                0x100071c6                tu_fifo_config
 .text.tu_fifo_count
                0x10007238       0x26 CMakeFiles/testv2.dir/C_/Users/Owner/Downloads/pico-sdk/lib/tinyusb/src/common/tusb_fifo.c.obj
                0x10007238                tu_fifo_count
 .text.tu_fifo_empty
                0x1000725e        0xe CMakeFiles/testv2.dir/C_/Users/Owner/Downloads/pico-sdk/lib/tinyusb/src/common/tusb_fifo.c.obj
                0x1000725e                tu_fifo_empty
 .text.tu_fifo_remaining
                0x1000726c       0x20 CMakeFiles/testv2.dir/C_/Users/Owner/Downloads/pico-sdk/lib/tinyusb/src/common/tusb_fifo.c.obj
                0x1000726c                tu_fifo_remaining
 .text.tu_fifo_read
                0x1000728c       0x42 CMakeFiles/testv2.dir/C_/Users/Owner/Downloads/pico-sdk/lib/tinyusb/src/common/tusb_fifo.c.obj
                0x1000728c                tu_fifo_read
 .text.tu_fifo_read_n
                0x100072ce        0xa CMakeFiles/testv2.dir/C_/Users/Owner/Downloads/pico-sdk/lib/tinyusb/src/common/tusb_fifo.c.obj
                0x100072ce                tu_fifo_read_n
 .text.tu_fifo_write
                0x100072d8       0x6a CMakeFiles/testv2.dir/C_/Users/Owner/Downloads/pico-sdk/lib/tinyusb/src/common/tusb_fifo.c.obj
                0x100072d8                tu_fifo_write
 .text.tu_fifo_write_n
                0x10007342        0xa CMakeFiles/testv2.dir/C_/Users/Owner/Downloads/pico-sdk/lib/tinyusb/src/common/tusb_fifo.c.obj
                0x10007342                tu_fifo_write_n
 .text.tu_fifo_clear
                0x1000734c       0x4c CMakeFiles/testv2.dir/C_/Users/Owner/Downloads/pico-sdk/lib/tinyusb/src/common/tusb_fifo.c.obj
                0x1000734c                tu_fifo_clear
 .text.tu_fifo_set_overwritable
                0x10007398       0x3c CMakeFiles/testv2.dir/C_/Users/Owner/Downloads/pico-sdk/lib/tinyusb/src/common/tusb_fifo.c.obj
                0x10007398                tu_fifo_set_overwritable
 .text._retrieve_unique_id_on_boot
                0x100073d4       0x10 CMakeFiles/testv2.dir/C_/Users/Owner/Downloads/pico-sdk/src/rp2_common/pico_unique_id/unique_id.c.obj
 .text.pico_get_unique_board_id_string
                0x100073e4       0x5c CMakeFiles/testv2.dir/C_/Users/Owner/Downloads/pico-sdk/src/rp2_common/pico_unique_id/unique_id.c.obj
                0x100073e4                pico_get_unique_board_id_string
 .text.flash_get_unique_id
                0x10007440       0x46 CMakeFiles/testv2.dir/C_/Users/Owner/Downloads/pico-sdk/src/rp2_common/hardware_flash/flash.c.obj
                0x10007440                flash_get_unique_id
 *fill*         0x10007486        0x2 
 .text.adc_init
                0x10007488       0x34 CMakeFiles/testv2.dir/C_/Users/Owner/Downloads/pico-sdk/src/rp2_common/hardware_adc/adc.c.obj
                0x10007488                adc_init
 .text.strlen   0x100074bc       0x5c c:/progra~2/armgnu~1/1213fb~1.2mp/bin/../lib/gcc/arm-none-eabi/12.2.0/thumb/v6-m/nofp\libg.a(libc_a-strlen-stub.o)
                0x100074bc                strlen
 *(.fini)
 .fini          0x10007518        0x4 c:/progra~2/armgnu~1/1213fb~1.2mp/bin/../lib/gcc/arm-none-eabi/12.2.0/thumb/v6-m/nofp/crti.o
                0x10007518                _fini
 *fill*         0x1000751c        0x4 
 .fini.__stub   0x10007520       0x70 linker stubs
 *crtbegin.o(.ctors)
 *crtbegin?.o(.ctors)
 *(EXCLUDE_FILE(*crtend.o *crtend?.o) .ctors)
 *(SORT_BY_NAME(.ctors.*))
 *(.ctors)
 *crtbegin.o(.dtors)
 *crtbegin?.o(.dtors)
 *(EXCLUDE_FILE(*crtend.o *crtend?.o) .dtors)
 *(SORT_BY_NAME(.dtors.*))
 *(.dtors)
 *(.eh_frame*)
 .eh_frame      0x10007590        0x0 c:/progra~2/armgnu~1/1213fb~1.2mp/bin/../lib/gcc/arm-none-eabi/12.2.0/thumb/v6-m/nofp/crtbegin.o
                0x10007590                        . = ALIGN (0x4)

.glue_7         0x10007590        0x0
 .glue_7        0x10007590        0x0 linker stubs

.glue_7t        0x10007590        0x0
 .glue_7t       0x10007590        0x0 linker stubs

.vfp11_veneer   0x10007590        0x0
 .vfp11_veneer  0x10007590        0x0 linker stubs

.v4_bx          0x10007590        0x0
 .v4_bx         0x10007590        0x0 linker stubs

.iplt           0x10007590        0x0
 .iplt          0x10007590        0x0 c:/progra~2/armgnu~1/1213fb~1.2mp/bin/../lib/gcc/arm-none-eabi/12.2.0/thumb/v6-m/nofp/crtbegin.o

.rodata         0x10007590     0x1768
 *(EXCLUDE_FILE(*libm.a: *libc.a:*lib_a-mem*.o *libgcc.a:) .rodata*)
 .rodata.main.str1.4
                0x10007590       0x58 CMakeFiles/testv2.dir/testv2.c.obj
 .rodata.spin_lock_claim_unused.str1.4
                0x100075e8       0x1b CMakeFiles/testv2.dir/C_/Users/Owner/Downloads/pico-sdk/src/rp2_common/hardware_sync/sync.c.obj
 *fill*         0x10007603        0x1 
 .rodata.resolve_branch.str1.4
                0x10007604       0x5c CMakeFiles/testv2.dir/C_/Users/Owner/Downloads/pico-sdk/src/rp2_common/hardware_irq/irq.c.obj
 .rodata.make_branch.str1.4
                0x10007660       0x30 CMakeFiles/testv2.dir/C_/Users/Owner/Downloads/pico-sdk/src/rp2_common/hardware_irq/irq.c.obj
 .rodata.insert_branch_and_link.str1.4
                0x10007690       0x10 CMakeFiles/testv2.dir/C_/Users/Owner/Downloads/pico-sdk/src/rp2_common/hardware_irq/irq.c.obj
 .rodata.irq_set_exclusive_handler.str1.4
                0x100076a0       0x36 CMakeFiles/testv2.dir/C_/Users/Owner/Downloads/pico-sdk/src/rp2_common/hardware_irq/irq.c.obj
 *fill*         0x100076d6        0x2 
 .rodata.irq_add_shared_handler.str1.4
                0x100076d8       0xc2 CMakeFiles/testv2.dir/C_/Users/Owner/Downloads/pico-sdk/src/rp2_common/hardware_irq/irq.c.obj
 *fill*         0x1000779a        0x2 
 .rodata.irq_remove_handler.str1.4
                0x1000779c       0x2a CMakeFiles/testv2.dir/C_/Users/Owner/Downloads/pico-sdk/src/rp2_common/hardware_irq/irq.c.obj
 *fill*         0x100077c6        0x2 
 .rodata.irq_add_tail_to_free_list.str1.4
                0x100077c8       0x3a CMakeFiles/testv2.dir/C_/Users/Owner/Downloads/pico-sdk/src/rp2_common/hardware_irq/irq.c.obj
 *fill*         0x10007802        0x2 
 .rodata.user_irq_claim_unused.str1.4
                0x10007804       0x1b CMakeFiles/testv2.dir/C_/Users/Owner/Downloads/pico-sdk/src/rp2_common/hardware_irq/irq.c.obj
 *fill*         0x1000781f        0x1 
 .rodata.__func__.0
                0x10007820       0x1a CMakeFiles/testv2.dir/C_/Users/Owner/Downloads/pico-sdk/src/rp2_common/hardware_irq/irq.c.obj
 *fill*         0x1000783a        0x2 
 .rodata.__func__.1
                0x1000783c       0x17 CMakeFiles/testv2.dir/C_/Users/Owner/Downloads/pico-sdk/src/rp2_common/hardware_irq/irq.c.obj
 *fill*         0x10007853        0x1 
 .rodata.__func__.2
                0x10007854       0x13 CMakeFiles/testv2.dir/C_/Users/Owner/Downloads/pico-sdk/src/rp2_common/hardware_irq/irq.c.obj
 *fill*         0x10007867        0x1 
 .rodata.__func__.3
                0x10007868        0xc CMakeFiles/testv2.dir/C_/Users/Owner/Downloads/pico-sdk/src/rp2_common/hardware_irq/irq.c.obj
 .rodata.__func__.4
                0x10007874        0xf CMakeFiles/testv2.dir/C_/Users/Owner/Downloads/pico-sdk/src/rp2_common/hardware_irq/irq.c.obj
 *fill*         0x10007883        0x1 
 .rodata.__func__.5
                0x10007884       0x17 CMakeFiles/testv2.dir/C_/Users/Owner/Downloads/pico-sdk/src/rp2_common/hardware_irq/irq.c.obj
 *fill*         0x1000789b        0x1 
 .rodata.__func__.6
                0x1000789c       0x1a CMakeFiles/testv2.dir/C_/Users/Owner/Downloads/pico-sdk/src/rp2_common/hardware_irq/irq.c.obj
 *fill*         0x100078b6        0x2 
 .rodata.get_entry.str1.4
                0x100078b8       0x62 CMakeFiles/testv2.dir/C_/Users/Owner/Downloads/pico-sdk/src/common/pico_time/time.c.obj
 *fill*         0x1000791a        0x2 
 .rodata.update_us_since_boot.str1.4
                0x1000791c       0x68 CMakeFiles/testv2.dir/C_/Users/Owner/Downloads/pico-sdk/src/common/pico_time/time.c.obj
 .rodata.ph_get_node.str1.4
                0x10007984       0x6d CMakeFiles/testv2.dir/C_/Users/Owner/Downloads/pico-sdk/src/common/pico_time/time.c.obj
 *fill*         0x100079f1        0x3 
 .rodata.ph_add_child_node.str1.4
                0x100079f4       0x2e CMakeFiles/testv2.dir/C_/Users/Owner/Downloads/pico-sdk/src/common/pico_time/time.c.obj
 *fill*         0x10007a22        0x2 
 .rodata.ph_insert_node.str1.4
                0x10007a24        0x3 CMakeFiles/testv2.dir/C_/Users/Owner/Downloads/pico-sdk/src/common/pico_time/time.c.obj
 *fill*         0x10007a27        0x1 
 .rodata.ph_free_node.str1.4
                0x10007a28       0x22 CMakeFiles/testv2.dir/C_/Users/Owner/Downloads/pico-sdk/src/common/pico_time/time.c.obj
 *fill*         0x10007a4a        0x2 
 .rodata.add_alarm_under_lock.str1.4
                0x10007a4c       0x28 CMakeFiles/testv2.dir/C_/Users/Owner/Downloads/pico-sdk/src/common/pico_time/time.c.obj
 .rodata.alarm_pool_alarm_callback.str1.4
                0x10007a74       0x60 CMakeFiles/testv2.dir/C_/Users/Owner/Downloads/pico-sdk/src/common/pico_time/time.c.obj
 .rodata.alarm_pool_get_default.str1.4
                0x10007ad4       0x21 CMakeFiles/testv2.dir/C_/Users/Owner/Downloads/pico-sdk/src/common/pico_time/time.c.obj
 *fill*         0x10007af5        0x3 
 .rodata.alarm_pool_cancel_alarm.str1.4
                0x10007af8       0x27 CMakeFiles/testv2.dir/C_/Users/Owner/Downloads/pico-sdk/src/common/pico_time/time.c.obj
 *fill*         0x10007b1f        0x1 
 .rodata.sleep_until.str1.4
                0x10007b20       0x4d CMakeFiles/testv2.dir/C_/Users/Owner/Downloads/pico-sdk/src/common/pico_time/time.c.obj
 *fill*         0x10007b6d        0x3 
 .rodata.__func__.1
                0x10007b70       0x18 CMakeFiles/testv2.dir/C_/Users/Owner/Downloads/pico-sdk/src/common/pico_time/time.c.obj
 .rodata.__func__.3
                0x10007b88       0x17 CMakeFiles/testv2.dir/C_/Users/Owner/Downloads/pico-sdk/src/common/pico_time/time.c.obj
 *fill*         0x10007b9f        0x1 
 .rodata.__func__.4
                0x10007ba0       0x12 CMakeFiles/testv2.dir/C_/Users/Owner/Downloads/pico-sdk/src/common/pico_time/time.c.obj
 *fill*         0x10007bb2        0x2 
 .rodata.__func__.5
                0x10007bb4        0xd CMakeFiles/testv2.dir/C_/Users/Owner/Downloads/pico-sdk/src/common/pico_time/time.c.obj
 *fill*         0x10007bc1        0x3 
 .rodata.__func__.6
                0x10007bc4       0x12 CMakeFiles/testv2.dir/C_/Users/Owner/Downloads/pico-sdk/src/common/pico_time/time.c.obj
 *fill*         0x10007bd6        0x2 
 .rodata.__func__.7
                0x10007bd8        0xf CMakeFiles/testv2.dir/C_/Users/Owner/Downloads/pico-sdk/src/common/pico_time/time.c.obj
 *fill*         0x10007be7        0x1 
 .rodata.__func__.8
                0x10007be8        0xc CMakeFiles/testv2.dir/C_/Users/Owner/Downloads/pico-sdk/src/common/pico_time/time.c.obj
 .rodata.__func__.9
                0x10007bf4       0x15 CMakeFiles/testv2.dir/C_/Users/Owner/Downloads/pico-sdk/src/common/pico_time/time.c.obj
 *fill*         0x10007c09        0x3 
 .rodata.__func__.10
                0x10007c0c       0x15 CMakeFiles/testv2.dir/C_/Users/Owner/Downloads/pico-sdk/src/common/pico_time/time.c.obj
 *fill*         0x10007c21        0x3 
 .rodata.__func__.11
                0x10007c24       0x1a CMakeFiles/testv2.dir/C_/Users/Owner/Downloads/pico-sdk/src/common/pico_time/time.c.obj
 *fill*         0x10007c3e        0x2 
 .rodata.__func__.12
                0x10007c40        0xa CMakeFiles/testv2.dir/C_/Users/Owner/Downloads/pico-sdk/src/common/pico_time/time.c.obj
 *fill*         0x10007c4a        0x2 
 .rodata.hardware_alarm_claim.str1.4
                0x10007c4c       0x22 CMakeFiles/testv2.dir/C_/Users/Owner/Downloads/pico-sdk/src/rp2_common/hardware_timer/timer.c.obj
 *fill*         0x10007c6e        0x2 
 .rodata.hardware_alarm_set_target.str1.4
                0x10007c70       0x6c CMakeFiles/testv2.dir/C_/Users/Owner/Downloads/pico-sdk/src/rp2_common/hardware_timer/timer.c.obj
 .rodata.__func__.0
                0x10007cdc       0x1a CMakeFiles/testv2.dir/C_/Users/Owner/Downloads/pico-sdk/src/rp2_common/hardware_timer/timer.c.obj
 .rodata.ph_get_node.str1.4
                0x10007cf6       0x6d CMakeFiles/testv2.dir/C_/Users/Owner/Downloads/pico-sdk/src/common/pico_util/pheap.c.obj
 .rodata.ph_add_child_node.str1.4
                0x10007cf6       0x2e CMakeFiles/testv2.dir/C_/Users/Owner/Downloads/pico-sdk/src/common/pico_util/pheap.c.obj
 *fill*         0x10007cf6        0x2 
 .rodata.ph_remove_any_head.str1.4
                0x10007cf8       0x94 CMakeFiles/testv2.dir/C_/Users/Owner/Downloads/pico-sdk/src/common/pico_util/pheap.c.obj
 .rodata.ph_remove_and_free_node.str1.4
                0x10007d8c       0x1e CMakeFiles/testv2.dir/C_/Users/Owner/Downloads/pico-sdk/src/common/pico_util/pheap.c.obj
                                 0x26 (size before relaxing)
 *fill*         0x10007daa        0x2 
 .rodata.__func__.0
                0x10007dac       0x18 CMakeFiles/testv2.dir/C_/Users/Owner/Downloads/pico-sdk/src/common/pico_util/pheap.c.obj
 .rodata.__func__.1
                0x10007dc4       0x13 CMakeFiles/testv2.dir/C_/Users/Owner/Downloads/pico-sdk/src/common/pico_util/pheap.c.obj
 *fill*         0x10007dd7        0x1 
 .rodata.__func__.2
                0x10007dd8       0x12 CMakeFiles/testv2.dir/C_/Users/Owner/Downloads/pico-sdk/src/common/pico_util/pheap.c.obj
 *fill*         0x10007dea        0x2 
 .rodata.__func__.3
                0x10007dec        0xc CMakeFiles/testv2.dir/C_/Users/Owner/Downloads/pico-sdk/src/common/pico_util/pheap.c.obj
 .rodata.update_us_since_boot.str1.4
                0x10007df8       0x68 CMakeFiles/testv2.dir/C_/Users/Owner/Downloads/pico-sdk/src/common/pico_sync/mutex.c.obj
 .rodata.str1.4
                0x10007df8       0x91 CMakeFiles/testv2.dir/C_/Users/Owner/Downloads/pico-sdk/src/common/pico_sync/mutex.c.obj
 *fill*         0x10007e89        0x3 
 .rodata.__func__.1
                0x10007e8c        0xb CMakeFiles/testv2.dir/C_/Users/Owner/Downloads/pico-sdk/src/common/pico_sync/mutex.c.obj
 *fill*         0x10007e97        0x1 
 .rodata.__func__.3
                0x10007e98       0x18 CMakeFiles/testv2.dir/C_/Users/Owner/Downloads/pico-sdk/src/common/pico_sync/mutex.c.obj
 .rodata.__func__.4
                0x10007eb0       0x15 CMakeFiles/testv2.dir/C_/Users/Owner/Downloads/pico-sdk/src/common/pico_sync/mutex.c.obj
 *fill*         0x10007ec5        0x3 
 .rodata.__assert_func.str1.4
                0x10007ec8       0x3f CMakeFiles/testv2.dir/C_/Users/Owner/Downloads/pico-sdk/src/rp2_common/pico_runtime/runtime.c.obj
                                 0x43 (size before relaxing)
 *fill*         0x10007f07        0x1 
 .rodata.runtime_init.str1.4
                0x10007f08       0x68 CMakeFiles/testv2.dir/C_/Users/Owner/Downloads/pico-sdk/src/rp2_common/pico_runtime/runtime.c.obj
 .rodata.panic.str1.4
                0x10007f70       0x12 CMakeFiles/testv2.dir/C_/Users/Owner/Downloads/pico-sdk/src/rp2_common/pico_runtime/runtime.c.obj
 *fill*         0x10007f82        0x2 
 .rodata.__func__.1
                0x10007f84        0xd CMakeFiles/testv2.dir/C_/Users/Owner/Downloads/pico-sdk/src/rp2_common/pico_runtime/runtime.c.obj
 *fill*         0x10007f91        0x3 
 .rodata.clock_configure.str1.4
                0x10007f94       0x5e CMakeFiles/testv2.dir/C_/Users/Owner/Downloads/pico-sdk/src/rp2_common/hardware_clocks/clocks.c.obj
 *fill*         0x10007ff2        0x2 
 .rodata.__func__.1
                0x10007ff4       0x10 CMakeFiles/testv2.dir/C_/Users/Owner/Downloads/pico-sdk/src/rp2_common/hardware_clocks/clocks.c.obj
 .rodata.pll_init.str1.4
                0x10008004      0x13f CMakeFiles/testv2.dir/C_/Users/Owner/Downloads/pico-sdk/src/rp2_common/hardware_pll/pll.c.obj
 *fill*         0x10008143        0x1 
 .rodata.__func__.0
                0x10008144        0x9 CMakeFiles/testv2.dir/C_/Users/Owner/Downloads/pico-sdk/src/rp2_common/hardware_pll/pll.c.obj
 *fill*         0x1000814d        0x3 
 .rodata._ftoa.str1.4
                0x10008150       0x15 CMakeFiles/testv2.dir/C_/Users/Owner/Downloads/pico-sdk/src/rp2_common/pico_printf/printf.c.obj
 *fill*         0x10008165        0x3 
 .rodata._vsnprintf
                0x10008168      0x19c CMakeFiles/testv2.dir/C_/Users/Owner/Downloads/pico-sdk/src/rp2_common/pico_printf/printf.c.obj
 *fill*         0x10008304        0x4 
 .rodata.pow10.0
                0x10008308       0x50 CMakeFiles/testv2.dir/C_/Users/Owner/Downloads/pico-sdk/src/rp2_common/pico_printf/printf.c.obj
 .rodata.__aeabi_double_init.str1.4
                0x10008358       0xaf CMakeFiles/testv2.dir/C_/Users/Owner/Downloads/pico-sdk/src/rp2_common/pico_double/double_init_rom.c.obj
 *fill*         0x10008407        0x1 
 .rodata.__func__.0
                0x10008408       0x14 CMakeFiles/testv2.dir/C_/Users/Owner/Downloads/pico-sdk/src/rp2_common/pico_double/double_init_rom.c.obj
 .rodata.__aeabi_float_init.str1.4
                0x1000841c       0x81 CMakeFiles/testv2.dir/C_/Users/Owner/Downloads/pico-sdk/src/rp2_common/pico_float/float_init_rom.c.obj
                                 0x85 (size before relaxing)
 *fill*         0x1000849d        0x3 
 .rodata.__func__.0
                0x100084a0       0x13 CMakeFiles/testv2.dir/C_/Users/Owner/Downloads/pico-sdk/src/rp2_common/pico_float/float_init_rom.c.obj
 *fill*         0x100084b3        0x1 
 .rodata.str1.4
                0x100084b4       0x3c CMakeFiles/testv2.dir/C_/Users/Owner/Downloads/pico-sdk/src/rp2_common/pico_standard_link/binary_info.c.obj
 .rodata.__bi_81
                0x100084f0        0xc CMakeFiles/testv2.dir/C_/Users/Owner/Downloads/pico-sdk/src/rp2_common/pico_standard_link/binary_info.c.obj
 .rodata.__bi_75
                0x100084fc        0xc CMakeFiles/testv2.dir/C_/Users/Owner/Downloads/pico-sdk/src/rp2_common/pico_standard_link/binary_info.c.obj
 .rodata.__bi_44
                0x10008508        0xc CMakeFiles/testv2.dir/C_/Users/Owner/Downloads/pico-sdk/src/rp2_common/pico_standard_link/binary_info.c.obj
 .rodata.crlf_str.3
                0x10008514        0x2 CMakeFiles/testv2.dir/C_/Users/Owner/Downloads/pico-sdk/src/rp2_common/pico_stdio/stdio.c.obj
 *fill*         0x10008516        0x2 
 .rodata.str1.4
                0x10008518       0x2c CMakeFiles/testv2.dir/C_/Users/Owner/Downloads/pico-sdk/src/rp2_common/pico_stdio_uart/stdio_uart.c.obj
 .rodata.__bi_28.4
                0x10008544        0xc CMakeFiles/testv2.dir/C_/Users/Owner/Downloads/pico-sdk/src/rp2_common/pico_stdio_uart/stdio_uart.c.obj
 .rodata.__bi_29.5
                0x10008550        0x8 CMakeFiles/testv2.dir/C_/Users/Owner/Downloads/pico-sdk/src/rp2_common/pico_stdio_uart/stdio_uart.c.obj
 .rodata._resetd_driver
                0x10008558       0x18 CMakeFiles/testv2.dir/C_/Users/Owner/Downloads/pico-sdk/src/rp2_common/pico_stdio_usb/reset_interface.c.obj
 .rodata.update_us_since_boot.str1.4
                0x10008570       0x68 CMakeFiles/testv2.dir/C_/Users/Owner/Downloads/pico-sdk/src/rp2_common/pico_stdio_usb/stdio_usb.c.obj
 .rodata.timer_task.str1.4
                0x10008570       0x74 CMakeFiles/testv2.dir/C_/Users/Owner/Downloads/pico-sdk/src/rp2_common/pico_stdio_usb/stdio_usb.c.obj
 .rodata.__func__.0
                0x100085e4       0x15 CMakeFiles/testv2.dir/C_/Users/Owner/Downloads/pico-sdk/src/rp2_common/pico_stdio_usb/stdio_usb.c.obj
 *fill*         0x100085f9        0x3 
 .rodata.__func__.1
                0x100085fc        0xb CMakeFiles/testv2.dir/C_/Users/Owner/Downloads/pico-sdk/src/rp2_common/pico_stdio_usb/stdio_usb.c.obj
 *fill*         0x10008607        0x1 
 .rodata.str1.4
                0x10008608       0x13 CMakeFiles/testv2.dir/C_/Users/Owner/Downloads/pico-sdk/src/rp2_common/pico_stdio_usb/stdio_usb.c.obj
 *fill*         0x1000861b        0x1 
 .rodata.__bi_118.2
                0x1000861c        0xc CMakeFiles/testv2.dir/C_/Users/Owner/Downloads/pico-sdk/src/rp2_common/pico_stdio_usb/stdio_usb.c.obj
 .rodata.str1.4
                0x10008628       0x2a CMakeFiles/testv2.dir/C_/Users/Owner/Downloads/pico-sdk/src/rp2_common/pico_stdio_usb/stdio_usb_descriptors.c.obj
 *fill*         0x10008652        0x2 
 .rodata.usbd_desc_str
                0x10008654       0x18 CMakeFiles/testv2.dir/C_/Users/Owner/Downloads/pico-sdk/src/rp2_common/pico_stdio_usb/stdio_usb_descriptors.c.obj
 .rodata.usbd_desc_cfg
                0x1000866c       0x54 CMakeFiles/testv2.dir/C_/Users/Owner/Downloads/pico-sdk/src/rp2_common/pico_stdio_usb/stdio_usb_descriptors.c.obj
 .rodata.usbd_desc_device
                0x100086c0       0x12 CMakeFiles/testv2.dir/C_/Users/Owner/Downloads/pico-sdk/src/rp2_common/pico_stdio_usb/stdio_usb_descriptors.c.obj
 *fill*         0x100086d2        0x2 
 .rodata._hw_endpoint_alloc.str1.4
                0x100086d4       0xbd CMakeFiles/testv2.dir/C_/Users/Owner/Downloads/pico-sdk/lib/tinyusb/src/portable/raspberrypi/rp2040/dcd_rp2040.c.obj
 *fill*         0x10008791        0x3 
 .rodata.dcd_rp2040_irq.str1.4
                0x10008794       0x14 CMakeFiles/testv2.dir/C_/Users/Owner/Downloads/pico-sdk/lib/tinyusb/src/portable/raspberrypi/rp2040/dcd_rp2040.c.obj
 .rodata.dcd_int_enable.str1.4
                0x100087a8        0xc CMakeFiles/testv2.dir/C_/Users/Owner/Downloads/pico-sdk/lib/tinyusb/src/portable/raspberrypi/rp2040/dcd_rp2040.c.obj
 .rodata.__func__.0
                0x100087b4        0xe CMakeFiles/testv2.dir/C_/Users/Owner/Downloads/pico-sdk/lib/tinyusb/src/portable/raspberrypi/rp2040/dcd_rp2040.c.obj
 *fill*         0x100087c2        0x2 
 .rodata.__func__.1
                0x100087c4        0xe CMakeFiles/testv2.dir/C_/Users/Owner/Downloads/pico-sdk/lib/tinyusb/src/portable/raspberrypi/rp2040/dcd_rp2040.c.obj
 *fill*         0x100087d2        0x2 
 .rodata.__func__.3
                0x100087d4       0x10 CMakeFiles/testv2.dir/C_/Users/Owner/Downloads/pico-sdk/lib/tinyusb/src/portable/raspberrypi/rp2040/dcd_rp2040.c.obj
 .rodata.__func__.5
                0x100087e4        0xf CMakeFiles/testv2.dir/C_/Users/Owner/Downloads/pico-sdk/lib/tinyusb/src/portable/raspberrypi/rp2040/dcd_rp2040.c.obj
 *fill*         0x100087f3        0x1 
 .rodata.__func__.6
                0x100087f4       0x13 CMakeFiles/testv2.dir/C_/Users/Owner/Downloads/pico-sdk/lib/tinyusb/src/portable/raspberrypi/rp2040/dcd_rp2040.c.obj
 *fill*         0x10008807        0x1 
 .rodata.__func__.7
                0x10008808        0x9 CMakeFiles/testv2.dir/C_/Users/Owner/Downloads/pico-sdk/lib/tinyusb/src/portable/raspberrypi/rp2040/dcd_rp2040.c.obj
 *fill*         0x10008811        0x3 
 .rodata.sync_ep_buffer.str1.4
                0x10008814       0x99 CMakeFiles/testv2.dir/C_/Users/Owner/Downloads/pico-sdk/lib/tinyusb/src/portable/raspberrypi/rp2040/rp2040_usb.c.obj
 *fill*         0x100088ad        0x3 
 .rodata._hw_endpoint_buffer_control_update32.str1.4
                0x100088b0       0x1f CMakeFiles/testv2.dir/C_/Users/Owner/Downloads/pico-sdk/lib/tinyusb/src/portable/raspberrypi/rp2040/rp2040_usb.c.obj
 *fill*         0x100088cf        0x1 
 .rodata.hw_endpoint_xfer_start.str1.4
                0x100088d0       0x38 CMakeFiles/testv2.dir/C_/Users/Owner/Downloads/pico-sdk/lib/tinyusb/src/portable/raspberrypi/rp2040/rp2040_usb.c.obj
 .rodata.hw_endpoint_xfer_continue.str1.4
                0x10008908       0x29 CMakeFiles/testv2.dir/C_/Users/Owner/Downloads/pico-sdk/lib/tinyusb/src/portable/raspberrypi/rp2040/rp2040_usb.c.obj
 *fill*         0x10008931        0x3 
 .rodata.__func__.0
                0x10008934        0xf CMakeFiles/testv2.dir/C_/Users/Owner/Downloads/pico-sdk/lib/tinyusb/src/portable/raspberrypi/rp2040/rp2040_usb.c.obj
 .rodata.str1.4
                0x10008943       0x29 CMakeFiles/testv2.dir/C_/Users/Owner/Downloads/pico-sdk/lib/tinyusb/src/portable/raspberrypi/rp2040/rp2040_usb.c.obj
                                  0x7 (size before relaxing)
 *fill*         0x10008943        0x1 
 .rodata.process_set_config.str1.4
                0x10008944       0x17 CMakeFiles/testv2.dir/C_/Users/Owner/Downloads/pico-sdk/lib/tinyusb/src/device/usbd.c.obj
 *fill*         0x1000895b        0x1 
 .rodata.process_get_descriptor
                0x1000895c       0x40 CMakeFiles/testv2.dir/C_/Users/Owner/Downloads/pico-sdk/lib/tinyusb/src/device/usbd.c.obj
 .rodata.process_control_request
                0x1000899c       0x28 CMakeFiles/testv2.dir/C_/Users/Owner/Downloads/pico-sdk/lib/tinyusb/src/device/usbd.c.obj
 .rodata.tud_task
                0x100089c4       0x24 CMakeFiles/testv2.dir/C_/Users/Owner/Downloads/pico-sdk/lib/tinyusb/src/device/usbd.c.obj
 .rodata.__func__.2
                0x100089e8        0xf CMakeFiles/testv2.dir/C_/Users/Owner/Downloads/pico-sdk/lib/tinyusb/src/device/usbd.c.obj
 *fill*         0x100089f7        0x1 
 .rodata.__func__.3
                0x100089f8        0xf CMakeFiles/testv2.dir/C_/Users/Owner/Downloads/pico-sdk/lib/tinyusb/src/device/usbd.c.obj
 *fill*         0x10008a07        0x1 
 .rodata.__func__.4
                0x10008a08       0x14 CMakeFiles/testv2.dir/C_/Users/Owner/Downloads/pico-sdk/lib/tinyusb/src/device/usbd.c.obj
 .rodata.__func__.5
                0x10008a1c       0x10 CMakeFiles/testv2.dir/C_/Users/Owner/Downloads/pico-sdk/lib/tinyusb/src/device/usbd.c.obj
 .rodata.__func__.6
                0x10008a2c       0x17 CMakeFiles/testv2.dir/C_/Users/Owner/Downloads/pico-sdk/lib/tinyusb/src/device/usbd.c.obj
 *fill*         0x10008a43        0x1 
 .rodata.__func__.7
                0x10008a44       0x13 CMakeFiles/testv2.dir/C_/Users/Owner/Downloads/pico-sdk/lib/tinyusb/src/device/usbd.c.obj
 *fill*         0x10008a57        0x1 
 .rodata.__func__.8
                0x10008a58       0x18 CMakeFiles/testv2.dir/C_/Users/Owner/Downloads/pico-sdk/lib/tinyusb/src/device/usbd.c.obj
 .rodata.__func__.9
                0x10008a70        0x9 CMakeFiles/testv2.dir/C_/Users/Owner/Downloads/pico-sdk/lib/tinyusb/src/device/usbd.c.obj
 *fill*         0x10008a79        0x3 
 .rodata._usbd_driver
                0x10008a7c       0x18 CMakeFiles/testv2.dir/C_/Users/Owner/Downloads/pico-sdk/lib/tinyusb/src/device/usbd.c.obj
 .rodata.tud_control_xfer.str1.4
                0x10008a94       0x17 CMakeFiles/testv2.dir/C_/Users/Owner/Downloads/pico-sdk/lib/tinyusb/src/device/usbd_control.c.obj
 .rodata.__func__.0
                0x10008a94       0x15 CMakeFiles/testv2.dir/C_/Users/Owner/Downloads/pico-sdk/lib/tinyusb/src/device/usbd_control.c.obj
 *fill*         0x10008aa9        0x3 
 .rodata.__func__.1
                0x10008aac       0x11 CMakeFiles/testv2.dir/C_/Users/Owner/Downloads/pico-sdk/lib/tinyusb/src/device/usbd_control.c.obj
 .rodata.tud_cdc_n_write_flush.str1.4
                0x10008abd       0x17 CMakeFiles/testv2.dir/C_/Users/Owner/Downloads/pico-sdk/lib/tinyusb/src/class/cdc/cdc_device.c.obj
 *fill*         0x10008abd        0x3 
 .rodata.__func__.0
                0x10008ac0        0xd CMakeFiles/testv2.dir/C_/Users/Owner/Downloads/pico-sdk/lib/tinyusb/src/class/cdc/cdc_device.c.obj
 *fill*         0x10008acd        0x3 
 .rodata.__func__.1
                0x10008ad0        0xa CMakeFiles/testv2.dir/C_/Users/Owner/Downloads/pico-sdk/lib/tinyusb/src/class/cdc/cdc_device.c.obj
 *fill*         0x10008ada        0x2 
 .rodata.__func__.2
                0x10008adc       0x16 CMakeFiles/testv2.dir/C_/Users/Owner/Downloads/pico-sdk/lib/tinyusb/src/class/cdc/cdc_device.c.obj
 .rodata.tusb_init.str1.4
                0x10008af2       0x17 CMakeFiles/testv2.dir/C_/Users/Owner/Downloads/pico-sdk/lib/tinyusb/src/tusb.c.obj
 *fill*         0x10008af2        0x2 
 .rodata.__func__.0
                0x10008af4       0x11 CMakeFiles/testv2.dir/C_/Users/Owner/Downloads/pico-sdk/lib/tinyusb/src/tusb.c.obj
 *fill*         0x10008b05        0x3 
 .rodata.__func__.1
                0x10008b08        0xa CMakeFiles/testv2.dir/C_/Users/Owner/Downloads/pico-sdk/lib/tinyusb/src/tusb.c.obj
 *fill*         0x10008b12        0x2 
 .rodata.pico_get_unique_board_id_string.str1.4
                0x10008b14       0x54 CMakeFiles/testv2.dir/C_/Users/Owner/Downloads/pico-sdk/src/rp2_common/pico_unique_id/unique_id.c.obj
 .rodata.__func__.0
                0x10008b68       0x20 CMakeFiles/testv2.dir/C_/Users/Owner/Downloads/pico-sdk/src/rp2_common/pico_unique_id/unique_id.c.obj
 .rodata.str1.4
                0x10008b88      0x15e CMakeFiles/testv2.dir/C_/Users/Owner/Downloads/pico-sdk/src/rp2_common/hardware_flash/flash.c.obj
 *fill*         0x10008ce6        0x2 
 .rodata.__func__.0
                0x10008ce8        0xd CMakeFiles/testv2.dir/C_/Users/Owner/Downloads/pico-sdk/src/rp2_common/hardware_flash/flash.c.obj
                0x10008cf8                        . = ALIGN (0x4)
 *fill*         0x10008cf5        0x3 
 *(SORT_BY_ALIGNMENT(SORT_BY_NAME(.flashdata*)))
                0x10008cf8                        . = ALIGN (0x4)

.rel.dyn        0x10008cf8        0x0
 .rel.iplt      0x10008cf8        0x0 c:/progra~2/armgnu~1/1213fb~1.2mp/bin/../lib/gcc/arm-none-eabi/12.2.0/thumb/v6-m/nofp/crtbegin.o

.ARM.extab
 *(.ARM.extab* .gnu.linkonce.armextab.*)
                0x10008cf8                        __exidx_start = .

.ARM.exidx
 *(.ARM.exidx* .gnu.linkonce.armexidx.*)
                0x10008cf8                        __exidx_end = .
                0x10008cf8                        . = ALIGN (0x4)
                0x10008cf8                        __binary_info_start = .

.binary_info    0x10008cf8       0x28
 *(.binary_info.keep.*)
 .binary_info.keep.__bi_ptr81
                0x10008cf8        0x4 CMakeFiles/testv2.dir/C_/Users/Owner/Downloads/pico-sdk/src/rp2_common/pico_standard_link/binary_info.c.obj
 .binary_info.keep.__bi_ptr75
                0x10008cfc        0x4 CMakeFiles/testv2.dir/C_/Users/Owner/Downloads/pico-sdk/src/rp2_common/pico_standard_link/binary_info.c.obj
 .binary_info.keep.__bi_ptr50
                0x10008d00        0x4 CMakeFiles/testv2.dir/C_/Users/Owner/Downloads/pico-sdk/src/rp2_common/pico_standard_link/binary_info.c.obj
 .binary_info.keep.__bi_ptr44
                0x10008d04        0x4 CMakeFiles/testv2.dir/C_/Users/Owner/Downloads/pico-sdk/src/rp2_common/pico_standard_link/binary_info.c.obj
 .binary_info.keep.__bi_ptr38
                0x10008d08        0x4 CMakeFiles/testv2.dir/C_/Users/Owner/Downloads/pico-sdk/src/rp2_common/pico_standard_link/binary_info.c.obj
 .binary_info.keep.__bi_ptr30
                0x10008d0c        0x4 CMakeFiles/testv2.dir/C_/Users/Owner/Downloads/pico-sdk/src/rp2_common/pico_standard_link/binary_info.c.obj
 .binary_info.keep.__bi_ptr22
                0x10008d10        0x4 CMakeFiles/testv2.dir/C_/Users/Owner/Downloads/pico-sdk/src/rp2_common/pico_standard_link/binary_info.c.obj
 *(.binary_info.*)
 .binary_info.__bi_ptr29
                0x10008d14        0x4 CMakeFiles/testv2.dir/C_/Users/Owner/Downloads/pico-sdk/src/rp2_common/pico_stdio_uart/stdio_uart.c.obj
 .binary_info.__bi_ptr28
                0x10008d18        0x4 CMakeFiles/testv2.dir/C_/Users/Owner/Downloads/pico-sdk/src/rp2_common/pico_stdio_uart/stdio_uart.c.obj
 .binary_info.__bi_ptr118
                0x10008d1c        0x4 CMakeFiles/testv2.dir/C_/Users/Owner/Downloads/pico-sdk/src/rp2_common/pico_stdio_usb/stdio_usb.c.obj
                0x10008d20                        __binary_info_end = .
                0x10008d20                        . = ALIGN (0x4)
                0x10008d20                        __etext = .

.ram_vector_table
                0x20000000       0xc0
 *(.ram_vector_table)
 .ram_vector_table
                0x20000000       0xc0 CMakeFiles/testv2.dir/C_/Users/Owner/Downloads/pico-sdk/src/rp2_common/pico_runtime/runtime.c.obj
                0x20000000                ram_vector_table
